#-----------------------------------------------------------
# Vivado v2020.1 (64-bit)
# SW Build 2902540 on Wed May 27 19:54:49 MDT 2020
# IP Build 2902112 on Wed May 27 22:43:36 MDT 2020
# Start of session at: Sun Oct  4 19:18:12 2026
# Process ID: 29100
# Current directory: C:/Users/sbast/Desktop/PROYECTO01_SEP/P1_SEBA/simon_says_debugging
# Command line: vivado.exe -gui_launcher_event rodinguilauncherevent2140 C:\Users\sbast\Desktop\PROYECTO01_SEP\P1_SEBA\simon_says_debugging\simon_says_debugging.xpr
# Log file: C:/Users/sbast/Desktop/PROYECTO01_SEP/P1_SEBA/simon_says_debugging/vivado.log
# Journal file: C:/Users/sbast/Desktop/PROYECTO01_SEP/P1_SEBA/simon_says_debugging\vivado.jou
#-----------------------------------------------------------
start_gui
open_project C:/Users/sbast/Desktop/PROYECTO01_SEP/P1_SEBA/simon_says_debugging/simon_says_debugging.xpr
Scanning sources...
Finished scanning sources
INFO: [IP_Flow 19-234] Refreshing IP repositories
INFO: [IP_Flow 19-1700] Loaded user IP repository 'c:/Users/sbast/Desktop/PROYECTO01_SEP/Proyecto1/IPCORES_P1'.
INFO: [IP_Flow 19-1700] Loaded user IP repository 'c:/Users/sbast/Desktop/PROYECTO01_SEP/P1_SEBA/IP_CORES_SEBA'.
INFO: [IP_Flow 19-2313] Loaded Vivado IP repository 'C:/Xilinx/Vivado/2020.1/data/ip'.
open_project: Time (s): cpu = 00:00:24 ; elapsed = 00:00:14 . Memory (MB): peak = 1070.797 ; gain = 0.000
update_compile_order -fileset sources_1
open_bd_design {C:/Users/sbast/Desktop/PROYECTO01_SEP/P1_SEBA/simon_says_debugging/simon_says_debugging.srcs/sources_1/bd/simon_says_debug/simon_says_debug.bd}
Adding component instance block -- xilinx.com:user:Btn_Debouncer:1.0 - Btn_Debouncer_0
Adding component instance block -- xilinx.com:ip:ila:6.2 - ila_0
INFO: [xilinx.com:ip:ila:6.2-6] /ila_0: Xilinx recommends using the System ILA IP in IP Integrator. The System ILA IP is functionally equivalent to an ILA and offers additional benefits in debugging interfaces both within IP Integrator and the Hardware Manager. Consult the Programming and Debug User Guide UG908 for further details.
Adding component instance block -- xilinx.com:ip:vio:3.0 - vio_0
Adding component instance block -- xilinx.com:user:simon_v3:1.0 - simon_v3_0
Adding component instance block -- xilinx.com:user:Simple_RAM:1.0 - Simple_RAM_0
Successfully read diagram <simon_says_debug> from BD file <C:/Users/sbast/Desktop/PROYECTO01_SEP/P1_SEBA/simon_says_debugging/simon_says_debugging.srcs/sources_1/bd/simon_says_debug/simon_says_debug.bd>
open_bd_design: Time (s): cpu = 00:00:07 ; elapsed = 00:00:06 . Memory (MB): peak = 1299.426 ; gain = 94.953
regenerate_bd_layout
set_property location {3 720 360} [get_bd_cells ila_0]
exit
INFO: [Common 17-206] Exiting Vivado at Sun Oct  4 19:44:38 2026...
