#-----------------------------------------------------------
# Vivado v2020.1 (64-bit)
# SW Build 2902540 on Wed May 27 19:54:49 MDT 2020
# IP Build 2902112 on Wed May 27 22:43:36 MDT 2020
# Start of session at: Wed Sep 23 13:23:50 2026
# Process ID: 19016
# Current directory: C:/Users/sbast/Desktop/P1_2.0/P1/IPCORES_P1/simon_says_v0.1/simon_says
# Command line: vivado.exe -gui_launcher_event rodinguilauncherevent14204 C:\Users\sbast\Desktop\P1_2.0\P1\IPCORES_P1\simon_says_v0.1\simon_says\simon_says.xpr
# Log file: C:/Users/sbast/Desktop/P1_2.0/P1/IPCORES_P1/simon_says_v0.1/simon_says/vivado.log
# Journal file: C:/Users/sbast/Desktop/P1_2.0/P1/IPCORES_P1/simon_says_v0.1/simon_says\vivado.jou
#-----------------------------------------------------------
start_gui
open_project C:/Users/sbast/Desktop/P1_2.0/P1/IPCORES_P1/simon_says_v0.1/simon_says/simon_says.xpr
INFO: [Project 1-313] Project file moved from 'C:/Users/Lorenzo/OneDrive/Documentos/PRO_SEP/P1/P1/IPCORES_P1/simon_says_v0.1/simon_says' since last save.
CRITICAL WARNING: [Project 1-311] Could not find the file 'C:/../../users/lorenzo/onedrive/documentos/pro_sep/p1/p1/ipcores_p1/component.xml', nor could it be found using path 'C:/users/lorenzo/onedrive/documentos/pro_sep/p1/p1/ipcores_p1/component.xml'.
Scanning sources...
Finished scanning sources
WARNING: [filemgmt 56-2] IP Repository Path: Could not find the directory 'C:/../../users/lorenzo/onedrive/documentos/pro_sep/p1/p1/ipcores_p1', nor could it be found using path 'C:/users/lorenzo/onedrive/documentos/pro_sep/p1/p1/ipcores_p1'.
INFO: [IP_Flow 19-234] Refreshing IP repositories
WARNING: [IP_Flow 19-2248] Failed to load user IP repository 'c:/Users/sbast/Desktop/P1_2.0/P1/IPCORES_P1/simon_says_v0.1/simon_says/users/lorenzo/onedrive/documentos/pro_sep/p1/p1/ipcores_p1'; Can't find the specified path.
If this directory should no longer be in your list of user repositories, go to the IP Settings dialog and remove it.
INFO: [IP_Flow 19-2313] Loaded Vivado IP repository 'C:/Xilinx/Vivado/2020.1/data/ip'.
open_project: Time (s): cpu = 00:00:12 ; elapsed = 00:00:06 . Memory (MB): peak = 1069.660 ; gain = 0.000
update_compile_order -fileset sources_1
exit
INFO: [Common 17-206] Exiting Vivado at Wed Sep 23 13:24:31 2026...
