#-----------------------------------------------------------
# Vivado v2020.1 (64-bit)
# SW Build 2902540 on Wed May 27 19:54:49 MDT 2020
# IP Build 2902112 on Wed May 27 22:43:36 MDT 2020
# Start of session at: Tue Sep 22 17:21:46 2026
# Process ID: 27912
# Current directory: C:/Users/sbast/Desktop/PROYECTO01/IPCores/simon_says
# Command line: vivado.exe -gui_launcher_event rodinguilauncherevent33428 C:\Users\sbast\Desktop\PROYECTO01\IPCores\simon_says\simon_says.xpr
# Log file: C:/Users/sbast/Desktop/PROYECTO01/IPCores/simon_says/vivado.log
# Journal file: C:/Users/sbast/Desktop/PROYECTO01/IPCores/simon_says\vivado.jou
#-----------------------------------------------------------
start_gui
open_project C:/Users/sbast/Desktop/PROYECTO01/IPCores/simon_says/simon_says.xpr
Scanning sources...
Finished scanning sources
INFO: [IP_Flow 19-234] Refreshing IP repositories
INFO: [IP_Flow 19-1704] No user IP repositories specified
INFO: [IP_Flow 19-2313] Loaded Vivado IP repository 'C:/Xilinx/Vivado/2020.1/data/ip'.
open_project: Time (s): cpu = 00:00:14 ; elapsed = 00:00:12 . Memory (MB): peak = 1056.711 ; gain = 0.000
update_compile_order -fileset sources_1
close [ open C:/Users/sbast/Desktop/PROYECTO01/IPCores/simon_says/simon_says.srcs/sources_1/new/clk_divider.vhd w ]
add_files C:/Users/sbast/Desktop/PROYECTO01/IPCores/simon_says/simon_says.srcs/sources_1/new/clk_divider.vhd
update_compile_order -fileset sources_1
update_compile_order -fileset sources_1
export_ip_user_files -of_objects  [get_files C:/Users/sbast/Desktop/PROYECTO01/IPCores/simon_says/simon_says.srcs/sources_1/new/borrador.vhd] -no_script -reset -force -quiet
remove_files  C:/Users/sbast/Desktop/PROYECTO01/IPCores/simon_says/simon_says.srcs/sources_1/new/borrador.vhd
exit
INFO: [Common 17-206] Exiting Vivado at Wed Sep 23 01:29:10 2026...
