Copyright 1986-2020 Xilinx, Inc. All Rights Reserved.
------------------------------------------------------------------------------------
| Tool Version : Vivado v.2020.1 (win64) Build 2902540 Wed May 27 19:54:49 MDT 2020
| Date         : Tue Oct  6 15:34:20 2026
| Host         : DESKTOP-HDA05IJ running 64-bit major release  (build 9200)
| Command      : upgrade_ip
| Device       : xc7z010clg400-1
------------------------------------------------------------------------------------

Upgrade Log for IP 'design_1_juegoswitches_0_0'

1. Summary
----------

CAUTION (success, with warnings) in the upgrade of design_1_juegoswitches_0_0 (xilinx.com:user:juegoswitches:1.0) from (Rev. 5) to (Rev. 2)

After upgrade, an IP may have parameter and port differences compared to the original customization. Please review the parameters within the IP customization GUI to ensure proper functionality. Also, please review the updated IP instantiation template to ensure proper connectivity, and update your design if required.

2. Connection Warnings
----------------------

Detected external port differences while upgrading 'design_1_juegoswitches_0_0'. These changes may impact your design.


-Upgrade has added port 'flag'







Copyright 1986-2020 Xilinx, Inc. All Rights Reserved.
------------------------------------------------------------------------------------
| Tool Version : Vivado v.2020.1 (win64) Build 2902540 Wed May 27 19:54:49 MDT 2020
| Date         : Tue Oct  6 14:13:39 2026
| Host         : DESKTOP-HDA05IJ running 64-bit major release  (build 9200)
| Command      : upgrade_ip
| Device       : xc7z010clg400-1
------------------------------------------------------------------------------------

Upgrade Log for IP 'design_1_Sequence_Memory_0_1'

1. Summary
----------

SUCCESS in the upgrade of design_1_Sequence_Memory_0_1 (xilinx.com:user:Sequence_Memory:1.0) from (Rev. 10) to (Rev. 11)






Copyright 1986-2020 Xilinx, Inc. All Rights Reserved.
------------------------------------------------------------------------------------
| Tool Version : Vivado v.2020.1 (win64) Build 2902540 Wed May 27 19:54:49 MDT 2020
| Date         : Tue Oct  6 14:09:05 2026
| Host         : DESKTOP-HDA05IJ running 64-bit major release  (build 9200)
| Command      : upgrade_ip
| Device       : xc7z010clg400-1
------------------------------------------------------------------------------------

Upgrade Log for IP 'design_1_Sequence_Memory_0_1'

1. Summary
----------

CAUTION (success, with warnings) in the upgrade of design_1_Sequence_Memory_0_1 (xilinx.com:user:Sequence_Memory:1.0) from (Rev. 9) to (Rev. 10)

After upgrade, an IP may have parameter and port differences compared to the original customization. Please review the parameters within the IP customization GUI to ensure proper functionality. Also, please review the updated IP instantiation template to ensure proper connectivity, and update your design if required.

2. Connection Warnings
----------------------

Detected external port differences while upgrading 'design_1_Sequence_Memory_0_1'. These changes may impact your design.


-Upgrade has added port 'RNG_update'







Copyright 1986-2020 Xilinx, Inc. All Rights Reserved.
------------------------------------------------------------------------------------
| Tool Version : Vivado v.2020.1 (win64) Build 2902540 Wed May 27 19:54:49 MDT 2020
| Date         : Tue Oct  6 10:32:28 2026
| Host         : DESKTOP-5QP58O6 running 64-bit major release  (build 9200)
| Command      : upgrade_ip
| Device       : xc7z010clg400-1
------------------------------------------------------------------------------------

Upgrade Log for IP 'design_1_juegoswitches_0_0'

1. Summary
----------

SUCCESS in the upgrade of design_1_juegoswitches_0_0 (xilinx.com:user:juegoswitches:1.0) from (Rev. 4) to (Rev. 5)






Copyright 1986-2020 Xilinx, Inc. All Rights Reserved.
------------------------------------------------------------------------------------
| Tool Version : Vivado v.2020.1 (win64) Build 2902540 Wed May 27 19:54:49 MDT 2020
| Date         : Tue Oct  6 10:32:28 2026
| Host         : DESKTOP-5QP58O6 running 64-bit major release  (build 9200)
| Command      : upgrade_ip
| Device       : xc7z010clg400-1
------------------------------------------------------------------------------------

Upgrade Log for IP 'design_1_Sequence_Memory_0_1'

1. Summary
----------

CAUTION (success, with warnings) in the upgrade of design_1_Sequence_Memory_0_1 (xilinx.com:user:Sequence_Memory:1.0) from (Rev. 7) to (Rev. 9)

After upgrade, an IP may have parameter and port differences compared to the original customization. Please review the parameters within the IP customization GUI to ensure proper functionality. Also, please review the updated IP instantiation template to ensure proper connectivity, and update your design if required.

2. Connection Warnings
----------------------

Detected external port differences while upgrading 'design_1_Sequence_Memory_0_1'. These changes may impact your design.


-Upgrade has added port 'mem_update'







Copyright 1986-2020 Xilinx, Inc. All Rights Reserved.
------------------------------------------------------------------------------------
| Tool Version : Vivado v.2020.1 (win64) Build 2902540 Wed May 27 19:54:49 MDT 2020
| Date         : Tue Oct  6 10:24:57 2026
| Host         : DESKTOP-5QP58O6 running 64-bit major release  (build 9200)
| Command      : upgrade_ip
| Device       : xc7z010clg400-1
------------------------------------------------------------------------------------

Upgrade Log for IP 'design_1_juegoswitches_0_0'

1. Summary
----------

SUCCESS in the conversion of design_1_juegoswitches_0_0 (xilinx.com:user:juegoswitches:1.0 (Rev. 4)) to Vivado generation flows.






Copyright 1986-2020 Xilinx, Inc. All Rights Reserved.
------------------------------------------------------------------------------------
| Tool Version : Vivado v.2020.1 (win64) Build 2902540 Wed May 27 19:54:49 MDT 2020
| Date         : Tue Oct  6 10:15:08 2026
| Host         : DESKTOP-5QP58O6 running 64-bit major release  (build 9200)
| Command      : upgrade_ip
| Device       : xc7z010clg400-1
------------------------------------------------------------------------------------

Upgrade Log for IP 'design_1_simon_v3_0_0'

1. Summary
----------

SUCCESS in the upgrade of design_1_simon_v3_0_0 (xilinx.com:user:simon_v3:1.0) from (Rev. 15) to (Rev. 16)






Copyright 1986-2020 Xilinx, Inc. All Rights Reserved.
------------------------------------------------------------------------------------
| Tool Version : Vivado v.2020.1 (win64) Build 2902540 Wed May 27 19:54:49 MDT 2020
| Date         : Tue Oct  6 10:15:08 2026
| Host         : DESKTOP-5QP58O6 running 64-bit major release  (build 9200)
| Command      : upgrade_ip
| Device       : xc7z010clg400-1
------------------------------------------------------------------------------------

Upgrade Log for IP 'design_1_Sequence_Memory_0_1'

1. Summary
----------

SUCCESS in the upgrade of design_1_Sequence_Memory_0_1 (xilinx.com:user:Sequence_Memory:1.0) from (Rev. 5) to (Rev. 7)






Copyright 1986-2020 Xilinx, Inc. All Rights Reserved.
------------------------------------------------------------------------------------
| Tool Version : Vivado v.2020.1 (win64) Build 2902540 Wed May 27 19:54:49 MDT 2020
| Date         : Tue Oct  6 10:06:08 2026
| Host         : DESKTOP-5QP58O6 running 64-bit major release  (build 9200)
| Command      : upgrade_ip
| Device       : xc7z010clg400-1
------------------------------------------------------------------------------------

Upgrade Log for IP 'design_1_Sequence_Memory_0_1'

1. Summary
----------

SUCCESS in the upgrade of design_1_Sequence_Memory_0_1 (xilinx.com:user:Sequence_Memory:1.0) from (Rev. 4) to (Rev. 5)






Copyright 1986-2020 Xilinx, Inc. All Rights Reserved.
------------------------------------------------------------------------------------
| Tool Version : Vivado v.2020.1 (win64) Build 2902540 Wed May 27 19:54:49 MDT 2020
| Date         : Tue Oct  6 10:01:37 2026
| Host         : DESKTOP-5QP58O6 running 64-bit major release  (build 9200)
| Command      : upgrade_ip
| Device       : xc7z010clg400-1
------------------------------------------------------------------------------------

Upgrade Log for IP 'design_1_simon_v3_0_0'

1. Summary
----------

SUCCESS in the upgrade of design_1_simon_v3_0_0 (xilinx.com:user:simon_v3:1.0) from (Rev. 14) to (Rev. 15)

