#-----------------------------------------------------------
# Vivado v2020.1 (64-bit)
# SW Build 2902540 on Wed May 27 19:54:49 MDT 2020
# IP Build 2902112 on Wed May 27 22:43:36 MDT 2020
# Start of session at: Tue Sep 15 11:02:19 2026
# Process ID: 18488
# Current directory: C:/Users/user/Documents/Proyectos vivado/P1/Proy1_SEP
# Command line: vivado.exe -gui_launcher_event rodinguilauncherevent14948 C:\Users\user\Documents\Proyectos vivado\P1\Proy1_SEP\Proy1_SEP.xpr
# Log file: C:/Users/user/Documents/Proyectos vivado/P1/Proy1_SEP/vivado.log
# Journal file: C:/Users/user/Documents/Proyectos vivado/P1/Proy1_SEP\vivado.jou
#-----------------------------------------------------------
start_gui
open_project {C:/Users/user/Documents/Proyectos vivado/P1/Proy1_SEP/Proy1_SEP.xpr}
INFO: [Project 1-313] Project file moved from 'C:/Users/Lorenzo/OneDrive/Documentos/PRO_SEP/Proy1_SEP' since last save.
Scanning sources...
Finished scanning sources
INFO: [IP_Flow 19-234] Refreshing IP repositories
INFO: [IP_Flow 19-1700] Loaded user IP repository 'c:/Users/user/Documents/Proyectos vivado/P1/IPCORES_P1'.
INFO: [IP_Flow 19-2313] Loaded Vivado IP repository 'C:/Xilinx/Vivado/2020.1/data/ip'.
WARNING: [BD 41-1661] One or more IPs have been locked in the design 'design_1.bd'. Please run report_ip_status for more details and recommendations on how to fix this issue.
List of locked IPs:
design_1_Sequence_Memory_0_1

update_compile_order -fileset sources_1
open_bd_design {C:/Users/user/Documents/Proyectos vivado/P1/Proy1_SEP/Proy1_SEP.srcs/sources_1/bd/design_1/design_1.bd}
Adding component instance block -- xilinx.com:user:Sequence_Memory:1.0 - Sequence_Memory_0
Successfully read diagram <design_1> from BD file <C:/Users/user/Documents/Proyectos vivado/P1/Proy1_SEP/Proy1_SEP.srcs/sources_1/bd/design_1/design_1.bd>
open_bd_design: Time (s): cpu = 00:00:06 ; elapsed = 00:00:07 . Memory (MB): peak = 1066.316 ; gain = 4.527
report_ip_status -name ip_status 
update_ip_catalog -rebuild
INFO: [IP_Flow 19-234] Refreshing IP repositories
INFO: [IP_Flow 19-1700] Loaded user IP repository 'c:/Users/user/Documents/Proyectos vivado/P1/IPCORES_P1'.
startgroup
create_bd_cell -type ip -vlnv xilinx.com:user:Game_Logic:1.0 Game_Logic_0
endgroup
set_property location {2.5 612 131} [get_bd_cells Game_Logic_0]
startgroup
create_bd_cell -type ip -vlnv xilinx.com:user:Color_Memory:1.0 Color_Memory_0
endgroup
set_property location {1 135 47} [get_bd_cells Sequence_Memory_0]
startgroup
make_bd_pins_external  [get_bd_pins Sequence_Memory_0/clk]
endgroup
set_property name clk [get_bd_ports clk_0]
connect_bd_net [get_bd_ports clk] [get_bd_pins Color_Memory_0/clk]
connect_bd_net [get_bd_ports clk] [get_bd_pins Game_Logic_0/clk]
connect_bd_net [get_bd_pins Game_Logic_0/addr] [get_bd_pins Sequence_Memory_0/addr]
connect_bd_net [get_bd_pins Game_Logic_0/addr] [get_bd_pins Color_Memory_0/addr]
set_property location {1 116 -139} [get_bd_cells Sequence_Memory_0]
connect_bd_net [get_bd_pins Sequence_Memory_0/data_out] [get_bd_pins Game_Logic_0/data_led]
connect_bd_net [get_bd_pins Color_Memory_0/data_out] [get_bd_pins Game_Logic_0/data_color]
startgroup
create_bd_cell -type ip -vlnv xilinx.com:user:RNG:1.0 RNG_0
endgroup
connect_bd_net [get_bd_pins RNG_0/rand_led] [get_bd_pins Sequence_Memory_0/data_in]
connect_bd_net [get_bd_pins RNG_0/rand_color] [get_bd_pins Color_Memory_0/data_in]
connect_bd_net [get_bd_ports clk] [get_bd_pins RNG_0/clk]
connect_bd_net [get_bd_pins Game_Logic_0/update] [get_bd_pins RNG_0/ready]
connect_bd_net [get_bd_pins Game_Logic_0/update] [get_bd_pins Color_Memory_0/io]
connect_bd_net [get_bd_pins Game_Logic_0/update] [get_bd_pins Sequence_Memory_0/io]
regenerate_bd_layout
startgroup
create_bd_cell -type ip -vlnv xilinx.com:user:StateMachine_P1:1.0 StateMachine_P1_0
endgroup
set_property location {3 623 476} [get_bd_cells StateMachine_P1_0]
set_property location {2 639 298} [get_bd_cells Color_Memory_0]
set_property location {3 865 371} [get_bd_cells StateMachine_P1_0]
set_property location {3.5 1186 107} [get_bd_cells Game_Logic_0]
connect_bd_net [get_bd_pins StateMachine_P1_0/start_game] [get_bd_pins Game_Logic_0/start_data]
report_ip_status -name ip_status 
upgrade_ip -vlnv xilinx.com:user:Sequence_Memory:1.0 [get_ips  design_1_Sequence_Memory_0_1] -log ip_upgrade.log
Upgrading 'C:/Users/user/Documents/Proyectos vivado/P1/Proy1_SEP/Proy1_SEP.srcs/sources_1/bd/design_1/design_1.bd'
INFO: [IP_Flow 19-3422] Upgraded design_1_Sequence_Memory_0_1 (Sequence_Memory_v1_0 1.0) from revision 4 to revision 5
Wrote  : <C:\Users\user\Documents\Proyectos vivado\P1\Proy1_SEP\Proy1_SEP.srcs\sources_1\bd\design_1\design_1.bd> 
Wrote  : <C:/Users/user/Documents/Proyectos vivado/P1/Proy1_SEP/Proy1_SEP.srcs/sources_1/bd/design_1/ui/bd_1f5defd0.ui> 
INFO: [Coretcl 2-1525] Wrote upgrade log to 'C:/Users/user/Documents/Proyectos vivado/P1/Proy1_SEP/ip_upgrade.log'.
export_ip_user_files -of_objects [get_ips design_1_Sequence_Memory_0_1] -no_script -sync -force -quiet
generate_target all [get_files  {{C:/Users/user/Documents/Proyectos vivado/P1/Proy1_SEP/Proy1_SEP.srcs/sources_1/bd/design_1/design_1.bd}}]
ERROR: [BD 41-758] The following clock pins are not connected to a valid clock source: 
/StateMachine_P1_0/clk

ERROR: [BD 41-1031] Hdl Generation failed for the IP Integrator design C:/Users/user/Documents/Proyectos vivado/P1/Proy1_SEP/Proy1_SEP.srcs/sources_1/bd/design_1/design_1.bd 
ERROR: [Common 17-39] 'generate_target' failed due to earlier errors.
set_property location {3 877 357} [get_bd_cells StateMachine_P1_0]
report_ip_status -name ip_status 
update_ip_catalog -rebuild
INFO: [IP_Flow 19-234] Refreshing IP repositories
INFO: [IP_Flow 19-1700] Loaded user IP repository 'c:/Users/user/Documents/Proyectos vivado/P1/IPCORES_P1'.
report_ip_status -name ip_status 
upgrade_ip -vlnv xilinx.com:user:Game_Logic:1.0 [get_ips  design_1_Game_Logic_0_0] -log ip_upgrade.log
Upgrading 'C:/Users/user/Documents/Proyectos vivado/P1/Proy1_SEP/Proy1_SEP.srcs/sources_1/bd/design_1/design_1.bd'
INFO: [IP_Flow 19-3422] Upgraded design_1_Game_Logic_0_0 (Game_Logic_v1_0 1.0) from revision 2 to revision 3
WARNING: [IP_Flow 19-4698] Upgrade has added port 'inputs'
WARNING: [IP_Flow 19-3298] Detected external port differences while upgrading 'design_1_Game_Logic_0_0'. These changes may impact your design.
CRITICAL WARNING: [Coretcl 2-1279] The upgrade of 'design_1_Game_Logic_0_0' has identified issues that may require user intervention. Please review the upgrade log 'c:/Users/user/Documents/Proyectos vivado/P1/Proy1_SEP/ip_upgrade.log', and verify that the upgraded IP is correctly configured.
Wrote  : <C:\Users\user\Documents\Proyectos vivado\P1\Proy1_SEP\Proy1_SEP.srcs\sources_1\bd\design_1\design_1.bd> 
Wrote  : <C:/Users/user/Documents/Proyectos vivado/P1/Proy1_SEP/Proy1_SEP.srcs/sources_1/bd/design_1/ui/bd_1f5defd0.ui> 
INFO: [Coretcl 2-1525] Wrote upgrade log to 'C:/Users/user/Documents/Proyectos vivado/P1/Proy1_SEP/ip_upgrade.log'.
export_ip_user_files -of_objects [get_ips design_1_Game_Logic_0_0] -no_script -sync -force -quiet
connect_bd_net [get_bd_pins StateMachine_P1_0/inputs] [get_bd_pins Game_Logic_0/inputs]
connect_bd_net [get_bd_ports clk] [get_bd_pins StateMachine_P1_0/clk]
startgroup
make_bd_pins_external  [get_bd_pins StateMachine_P1_0/btn]
endgroup
set_property name btn [get_bd_ports btn_0]
open_bd_design {C:/Users/user/Documents/Proyectos vivado/P1/Proy1_SEP/Proy1_SEP.srcs/sources_1/bd/design_1/design_1.bd}
connect_bd_net [get_bd_pins Game_Logic_0/game_over] [get_bd_pins StateMachine_P1_0/game_over]
startgroup
make_bd_pins_external  [get_bd_pins Game_Logic_0/led]
endgroup
set_property name led [get_bd_ports led_0]
open_bd_design {C:/Users/user/Documents/Proyectos vivado/P1/Proy1_SEP/Proy1_SEP.srcs/sources_1/bd/design_1/design_1.bd}
update_ip_catalog -rebuild -scan_changes
INFO: [IP_Flow 19-234] Refreshing IP repositories
INFO: [IP_Flow 19-1700] Loaded user IP repository 'c:/Users/user/Documents/Proyectos vivado/P1/IPCORES_P1'.
report_ip_status -name ip_status
upgrade_ip [get_ips  {design_1_Game_Logic_0_0 design_1_StateMachine_P1_0_0}] -log ip_upgrade.log
Upgrading 'C:/Users/user/Documents/Proyectos vivado/P1/Proy1_SEP/Proy1_SEP.srcs/sources_1/bd/design_1/design_1.bd'
INFO: [IP_Flow 19-3422] Upgraded design_1_Game_Logic_0_0 (Game_Logic_v1_0 1.0) from revision 3 to revision 4
INFO: [IP_Flow 19-1972] Upgraded design_1_StateMachine_P1_0_0 from StateMachine_P1_v1_0 1.0 to StateMachine_P1_v1_0 1.0
Wrote  : <C:\Users\user\Documents\Proyectos vivado\P1\Proy1_SEP\Proy1_SEP.srcs\sources_1\bd\design_1\design_1.bd> 
Wrote  : <C:/Users/user/Documents/Proyectos vivado/P1/Proy1_SEP/Proy1_SEP.srcs/sources_1/bd/design_1/ui/bd_1f5defd0.ui> 
INFO: [Coretcl 2-1525] Wrote upgrade log to 'C:/Users/user/Documents/Proyectos vivado/P1/Proy1_SEP/ip_upgrade.log'.
export_ip_user_files -of_objects [get_ips {design_1_Game_Logic_0_0 design_1_StateMachine_P1_0_0}] -no_script -sync -force -quiet
report_ip_status -name ip_status 
update_ip_catalog -rebuild -scan_changes
INFO: [IP_Flow 19-234] Refreshing IP repositories
INFO: [IP_Flow 19-1700] Loaded user IP repository 'c:/Users/user/Documents/Proyectos vivado/P1/IPCORES_P1'.
report_ip_status -name ip_status
upgrade_ip -vlnv xilinx.com:user:StateMachine_P1:1.0 [get_ips  design_1_StateMachine_P1_0_0] -log ip_upgrade.log
Upgrading 'C:/Users/user/Documents/Proyectos vivado/P1/Proy1_SEP/Proy1_SEP.srcs/sources_1/bd/design_1/design_1.bd'
INFO: [IP_Flow 19-3422] Upgraded design_1_StateMachine_P1_0_0 (StateMachine_P1_v1_0 1.0) from revision 2 to revision 3
WARNING: [IP_Flow 19-4698] Upgrade has added port 'game_run'
WARNING: [IP_Flow 19-3298] Detected external port differences while upgrading 'design_1_StateMachine_P1_0_0'. These changes may impact your design.
CRITICAL WARNING: [Coretcl 2-1279] The upgrade of 'design_1_StateMachine_P1_0_0' has identified issues that may require user intervention. Please review the upgrade log 'c:/Users/user/Documents/Proyectos vivado/P1/Proy1_SEP/ip_upgrade.log', and verify that the upgraded IP is correctly configured.
Wrote  : <C:\Users\user\Documents\Proyectos vivado\P1\Proy1_SEP\Proy1_SEP.srcs\sources_1\bd\design_1\design_1.bd> 
INFO: [Coretcl 2-1525] Wrote upgrade log to 'C:/Users/user/Documents/Proyectos vivado/P1/Proy1_SEP/ip_upgrade.log'.
export_ip_user_files -of_objects [get_ips design_1_StateMachine_P1_0_0] -no_script -sync -force -quiet
generate_target all [get_files  {{C:/Users/user/Documents/Proyectos vivado/P1/Proy1_SEP/Proy1_SEP.srcs/sources_1/bd/design_1/design_1.bd}}]
CRITICAL WARNING: [BD 41-759] The input pins (listed below) are either not connected or do not have a source port, and they don't have a tie-off specified. These pins are tied-off to all 0's to avoid error in Implementation flow.
Please check your design and connect them as needed: 
/Color_Memory_0/rst
/Sequence_Memory_0/rst
/Game_Logic_0/en

Wrote  : <C:\Users\user\Documents\Proyectos vivado\P1\Proy1_SEP\Proy1_SEP.srcs\sources_1\bd\design_1\design_1.bd> 
VHDL Output written to : C:/Users/user/Documents/Proyectos vivado/P1/Proy1_SEP/Proy1_SEP.srcs/sources_1/bd/design_1/synth/design_1.v
VHDL Output written to : C:/Users/user/Documents/Proyectos vivado/P1/Proy1_SEP/Proy1_SEP.srcs/sources_1/bd/design_1/sim/design_1.v
VHDL Output written to : C:/Users/user/Documents/Proyectos vivado/P1/Proy1_SEP/Proy1_SEP.srcs/sources_1/bd/design_1/hdl/design_1_wrapper.v
INFO: [BD 41-1029] Generation completed for the IP Integrator block Sequence_Memory_0 .
INFO: [BD 41-1029] Generation completed for the IP Integrator block Game_Logic_0 .
INFO: [BD 41-1029] Generation completed for the IP Integrator block Color_Memory_0 .
INFO: [BD 41-1029] Generation completed for the IP Integrator block RNG_0 .
INFO: [BD 41-1029] Generation completed for the IP Integrator block StateMachine_P1_0 .
Exporting to file C:/Users/user/Documents/Proyectos vivado/P1/Proy1_SEP/Proy1_SEP.srcs/sources_1/bd/design_1/hw_handoff/design_1.hwh
Generated Block Design Tcl file C:/Users/user/Documents/Proyectos vivado/P1/Proy1_SEP/Proy1_SEP.srcs/sources_1/bd/design_1/hw_handoff/design_1_bd.tcl
Generated Hardware Definition File C:/Users/user/Documents/Proyectos vivado/P1/Proy1_SEP/Proy1_SEP.srcs/sources_1/bd/design_1/synth/design_1.hwdef
generate_target: Time (s): cpu = 00:00:02 ; elapsed = 00:00:06 . Memory (MB): peak = 1266.020 ; gain = 128.699
catch { config_ip_cache -export [get_ips -all design_1_Sequence_Memory_0_1] }
catch { config_ip_cache -export [get_ips -all design_1_Game_Logic_0_0] }
catch { config_ip_cache -export [get_ips -all design_1_Color_Memory_0_0] }
catch { config_ip_cache -export [get_ips -all design_1_RNG_0_0] }
catch { config_ip_cache -export [get_ips -all design_1_StateMachine_P1_0_0] }
export_ip_user_files -of_objects [get_files {{C:/Users/user/Documents/Proyectos vivado/P1/Proy1_SEP/Proy1_SEP.srcs/sources_1/bd/design_1/design_1.bd}}] -no_script -sync -force -quiet
create_ip_run [get_files -of_objects [get_fileset sources_1] {{C:/Users/user/Documents/Proyectos vivado/P1/Proy1_SEP/Proy1_SEP.srcs/sources_1/bd/design_1/design_1.bd}}]
launch_runs design_1_Sequence_Memory_0_1_synth_1 design_1_Game_Logic_0_0_synth_1 design_1_Color_Memory_0_0_synth_1 design_1_RNG_0_0_synth_1 design_1_StateMachine_P1_0_0_synth_1 -jobs 6
[Tue Sep 15 11:14:53 2026] Launched design_1_Sequence_Memory_0_1_synth_1, design_1_Game_Logic_0_0_synth_1, design_1_Color_Memory_0_0_synth_1, design_1_RNG_0_0_synth_1, design_1_StateMachine_P1_0_0_synth_1...
Run output will be captured here:
design_1_Sequence_Memory_0_1_synth_1: C:/Users/user/Documents/Proyectos vivado/P1/Proy1_SEP/Proy1_SEP.runs/design_1_Sequence_Memory_0_1_synth_1/runme.log
design_1_Game_Logic_0_0_synth_1: C:/Users/user/Documents/Proyectos vivado/P1/Proy1_SEP/Proy1_SEP.runs/design_1_Game_Logic_0_0_synth_1/runme.log
design_1_Color_Memory_0_0_synth_1: C:/Users/user/Documents/Proyectos vivado/P1/Proy1_SEP/Proy1_SEP.runs/design_1_Color_Memory_0_0_synth_1/runme.log
design_1_RNG_0_0_synth_1: C:/Users/user/Documents/Proyectos vivado/P1/Proy1_SEP/Proy1_SEP.runs/design_1_RNG_0_0_synth_1/runme.log
design_1_StateMachine_P1_0_0_synth_1: C:/Users/user/Documents/Proyectos vivado/P1/Proy1_SEP/Proy1_SEP.runs/design_1_StateMachine_P1_0_0_synth_1/runme.log
export_simulation -of_objects [get_files {{C:/Users/user/Documents/Proyectos vivado/P1/Proy1_SEP/Proy1_SEP.srcs/sources_1/bd/design_1/design_1.bd}}] -directory {C:/Users/user/Documents/Proyectos vivado/P1/Proy1_SEP/Proy1_SEP.ip_user_files/sim_scripts} -ip_user_files_dir {C:/Users/user/Documents/Proyectos vivado/P1/Proy1_SEP/Proy1_SEP.ip_user_files} -ipstatic_source_dir {C:/Users/user/Documents/Proyectos vivado/P1/Proy1_SEP/Proy1_SEP.ip_user_files/ipstatic} -lib_map_path [list {modelsim=C:/Users/user/Documents/Proyectos vivado/P1/Proy1_SEP/Proy1_SEP.cache/compile_simlib/modelsim} {questa=C:/Users/user/Documents/Proyectos vivado/P1/Proy1_SEP/Proy1_SEP.cache/compile_simlib/questa} {riviera=C:/Users/user/Documents/Proyectos vivado/P1/Proy1_SEP/Proy1_SEP.cache/compile_simlib/riviera} {activehdl=C:/Users/user/Documents/Proyectos vivado/P1/Proy1_SEP/Proy1_SEP.cache/compile_simlib/activehdl}] -use_ip_compiled_libs -force -quiet
open_bd_design {C:/Users/user/Documents/Proyectos vivado/P1/Proy1_SEP/Proy1_SEP.srcs/sources_1/bd/design_1/design_1.bd}
startgroup
make_bd_pins_external  [get_bd_cells Sequence_Memory_0]
make_bd_intf_pins_external  [get_bd_cells Sequence_Memory_0]
INFO: [BD 5-409] No interface pins to be made external for /Sequence_Memory_0
endgroup
set_property name rst [get_bd_ports rst_0]
connect_bd_net [get_bd_ports rst] [get_bd_pins Color_Memory_0/rst]
connect_bd_net [get_bd_pins StateMachine_P1_0/game_run] [get_bd_pins Game_Logic_0/en]
regenerate_bd_layout
report_ip_status -name ip_status 
generate_target all [get_files  {{C:/Users/user/Documents/Proyectos vivado/P1/Proy1_SEP/Proy1_SEP.srcs/sources_1/bd/design_1/design_1.bd}}]
Wrote  : <C:\Users\user\Documents\Proyectos vivado\P1\Proy1_SEP\Proy1_SEP.srcs\sources_1\bd\design_1\design_1.bd> 
Wrote  : <C:/Users/user/Documents/Proyectos vivado/P1/Proy1_SEP/Proy1_SEP.srcs/sources_1/bd/design_1/ui/bd_1f5defd0.ui> 
VHDL Output written to : C:/Users/user/Documents/Proyectos vivado/P1/Proy1_SEP/Proy1_SEP.srcs/sources_1/bd/design_1/synth/design_1.v
VHDL Output written to : C:/Users/user/Documents/Proyectos vivado/P1/Proy1_SEP/Proy1_SEP.srcs/sources_1/bd/design_1/sim/design_1.v
VHDL Output written to : C:/Users/user/Documents/Proyectos vivado/P1/Proy1_SEP/Proy1_SEP.srcs/sources_1/bd/design_1/hdl/design_1_wrapper.v
Exporting to file C:/Users/user/Documents/Proyectos vivado/P1/Proy1_SEP/Proy1_SEP.srcs/sources_1/bd/design_1/hw_handoff/design_1.hwh
Generated Block Design Tcl file C:/Users/user/Documents/Proyectos vivado/P1/Proy1_SEP/Proy1_SEP.srcs/sources_1/bd/design_1/hw_handoff/design_1_bd.tcl
Generated Hardware Definition File C:/Users/user/Documents/Proyectos vivado/P1/Proy1_SEP/Proy1_SEP.srcs/sources_1/bd/design_1/synth/design_1.hwdef
catch { config_ip_cache -export [get_ips -all design_1_Game_Logic_0_0] }
catch { config_ip_cache -export [get_ips -all design_1_RNG_0_0] }
catch { config_ip_cache -export [get_ips -all design_1_StateMachine_P1_0_0] }
export_ip_user_files -of_objects [get_files {{C:/Users/user/Documents/Proyectos vivado/P1/Proy1_SEP/Proy1_SEP.srcs/sources_1/bd/design_1/design_1.bd}}] -no_script -sync -force -quiet
create_ip_run [get_files -of_objects [get_fileset sources_1] {{C:/Users/user/Documents/Proyectos vivado/P1/Proy1_SEP/Proy1_SEP.srcs/sources_1/bd/design_1/design_1.bd}}]
launch_runs design_1_Game_Logic_0_0_synth_1 design_1_RNG_0_0_synth_1 design_1_StateMachine_P1_0_0_synth_1 -jobs 6
[Tue Sep 15 11:16:33 2026] Launched design_1_Game_Logic_0_0_synth_1, design_1_RNG_0_0_synth_1, design_1_StateMachine_P1_0_0_synth_1...
Run output will be captured here:
design_1_Game_Logic_0_0_synth_1: C:/Users/user/Documents/Proyectos vivado/P1/Proy1_SEP/Proy1_SEP.runs/design_1_Game_Logic_0_0_synth_1/runme.log
design_1_RNG_0_0_synth_1: C:/Users/user/Documents/Proyectos vivado/P1/Proy1_SEP/Proy1_SEP.runs/design_1_RNG_0_0_synth_1/runme.log
design_1_StateMachine_P1_0_0_synth_1: C:/Users/user/Documents/Proyectos vivado/P1/Proy1_SEP/Proy1_SEP.runs/design_1_StateMachine_P1_0_0_synth_1/runme.log
export_simulation -of_objects [get_files {{C:/Users/user/Documents/Proyectos vivado/P1/Proy1_SEP/Proy1_SEP.srcs/sources_1/bd/design_1/design_1.bd}}] -directory {C:/Users/user/Documents/Proyectos vivado/P1/Proy1_SEP/Proy1_SEP.ip_user_files/sim_scripts} -ip_user_files_dir {C:/Users/user/Documents/Proyectos vivado/P1/Proy1_SEP/Proy1_SEP.ip_user_files} -ipstatic_source_dir {C:/Users/user/Documents/Proyectos vivado/P1/Proy1_SEP/Proy1_SEP.ip_user_files/ipstatic} -lib_map_path [list {modelsim=C:/Users/user/Documents/Proyectos vivado/P1/Proy1_SEP/Proy1_SEP.cache/compile_simlib/modelsim} {questa=C:/Users/user/Documents/Proyectos vivado/P1/Proy1_SEP/Proy1_SEP.cache/compile_simlib/questa} {riviera=C:/Users/user/Documents/Proyectos vivado/P1/Proy1_SEP/Proy1_SEP.cache/compile_simlib/riviera} {activehdl=C:/Users/user/Documents/Proyectos vivado/P1/Proy1_SEP/Proy1_SEP.cache/compile_simlib/activehdl}] -use_ip_compiled_libs -force -quiet
exit
INFO: [Common 17-206] Exiting Vivado at Tue Sep 15 11:16:57 2026...
