#-----------------------------------------------------------
# Vivado v2020.1 (64-bit)
# SW Build 2902540 on Wed May 27 19:54:49 MDT 2020
# IP Build 2902112 on Wed May 27 22:43:36 MDT 2020
# Start of session at: Thu Sep 24 20:21:16 2026
# Process ID: 24308
# Current directory: C:/Users/sbast/Desktop/Proyecto1-main_4.0/Proyecto1-main/Proy1_SEP
# Command line: vivado.exe -gui_launcher_event rodinguilauncherevent18396 C:\Users\sbast\Desktop\Proyecto1-main_4.0\Proyecto1-main\Proy1_SEP\Proy1_SEP.xpr
# Log file: C:/Users/sbast/Desktop/Proyecto1-main_4.0/Proyecto1-main/Proy1_SEP/vivado.log
# Journal file: C:/Users/sbast/Desktop/Proyecto1-main_4.0/Proyecto1-main/Proy1_SEP\vivado.jou
#-----------------------------------------------------------
start_gui
open_project C:/Users/sbast/Desktop/Proyecto1-main_4.0/Proyecto1-main/Proy1_SEP/Proy1_SEP.xpr
INFO: [Project 1-313] Project file moved from 'C:/Users/user/Documents/Proyectos vivado/P1/Proy1_SEP' since last save.
Scanning sources...
Finished scanning sources
INFO: [IP_Flow 19-234] Refreshing IP repositories
INFO: [IP_Flow 19-1700] Loaded user IP repository 'c:/Users/sbast/Desktop/Proyecto1-main_4.0/Proyecto1-main/IPCORES_P1'.
INFO: [IP_Flow 19-2313] Loaded Vivado IP repository 'C:/Xilinx/Vivado/2020.1/data/ip'.
open_project: Time (s): cpu = 00:00:12 ; elapsed = 00:00:06 . Memory (MB): peak = 1071.035 ; gain = 0.000
update_compile_order -fileset sources_1
reset_run synth_1
launch_runs impl_1 -to_step write_bitstream -jobs 12
[Thu Sep 24 20:23:45 2026] Launched synth_1...
Run output will be captured here: C:/Users/sbast/Desktop/Proyecto1-main_4.0/Proyecto1-main/Proy1_SEP/Proy1_SEP.runs/synth_1/runme.log
[Thu Sep 24 20:23:45 2026] Launched impl_1...
Run output will be captured here: C:/Users/sbast/Desktop/Proyecto1-main_4.0/Proyecto1-main/Proy1_SEP/Proy1_SEP.runs/impl_1/runme.log
open_hw_manager
connect_hw_server -allow_non_jtag
INFO: [Labtools 27-2285] Connecting to hw_server url TCP:localhost:3121
INFO: [Labtools 27-2222] Launching hw_server...
INFO: [Labtools 27-2221] Launch Output:

****** Xilinx hw_server v2020.1
  **** Build date : May 27 2020 at 20:24:38
    ** Copyright 1986-2020 Xilinx, Inc. All Rights Reserved.


INFO: [Labtools 27-3415] Connecting to cs_server url TCP:localhost:3042
INFO: [Labtools 27-3417] Launching cs_server...
INFO: [Labtools 27-2221] Launch Output:


****** Xilinx cs_server v2020.1.0
  **** Build date : May 13 2020-21:10:29
    ** Copyright 2017-2020 Xilinx, Inc. All Rights Reserved.



connect_hw_server: Time (s): cpu = 00:00:01 ; elapsed = 00:00:07 . Memory (MB): peak = 1101.027 ; gain = 17.926
open_hw_target
INFO: [Labtoolstcl 44-466] Opening hw_target localhost:3121/xilinx_tcf/Digilent/210351B3FB8AA
open_hw_target: Time (s): cpu = 00:00:03 ; elapsed = 00:00:05 . Memory (MB): peak = 2409.766 ; gain = 1308.738
set_property PROGRAM.FILE {C:/Users/sbast/Desktop/Proyecto1-main_4.0/Proyecto1-main/Proy1_SEP/Proy1_SEP.runs/impl_1/design_1_wrapper.bit} [get_hw_devices xc7z010_1]
current_hw_device [get_hw_devices xc7z010_1]
refresh_hw_device -update_hw_probes false [lindex [get_hw_devices xc7z010_1] 0]
INFO: [Labtools 27-1435] Device xc7z010 (JTAG device index = 1) is not programmed (DONE status = 0).
set_property PROBES.FILE {} [get_hw_devices xc7z010_1]
set_property FULL_PROBES.FILE {} [get_hw_devices xc7z010_1]
set_property PROGRAM.FILE {C:/Users/sbast/Desktop/Proyecto1-main_4.0/Proyecto1-main/Proy1_SEP/Proy1_SEP.runs/impl_1/design_1_wrapper.bit} [get_hw_devices xc7z010_1]
program_hw_devices [get_hw_devices xc7z010_1]
INFO: [Labtools 27-3164] End of startup status: HIGH
refresh_hw_device [lindex [get_hw_devices xc7z010_1] 0]
INFO: [Labtools 27-1434] Device xc7z010 (JTAG device index = 1) is programmed with a design that has no supported debug core(s) in it.
set_property PROBES.FILE {} [get_hw_devices xc7z010_1]
set_property FULL_PROBES.FILE {} [get_hw_devices xc7z010_1]
set_property PROGRAM.FILE {C:/Users/sbast/Desktop/Proyecto1-main_4.0/Proyecto1-main/Proy1_SEP/Proy1_SEP.runs/impl_1/design_1_wrapper.bit} [get_hw_devices xc7z010_1]
program_hw_devices [get_hw_devices xc7z010_1]
INFO: [Labtools 27-3164] End of startup status: HIGH
refresh_hw_device [lindex [get_hw_devices xc7z010_1] 0]
INFO: [Labtools 27-1434] Device xc7z010 (JTAG device index = 1) is programmed with a design that has no supported debug core(s) in it.
set_property PROBES.FILE {} [get_hw_devices xc7z010_1]
set_property FULL_PROBES.FILE {} [get_hw_devices xc7z010_1]
set_property PROGRAM.FILE {C:/Users/sbast/Desktop/Proyecto1-main_4.0/Proyecto1-main/Proy1_SEP/Proy1_SEP.runs/impl_1/design_1_wrapper.bit} [get_hw_devices xc7z010_1]
program_hw_devices [get_hw_devices xc7z010_1]
INFO: [Labtools 27-3164] End of startup status: HIGH
refresh_hw_device [lindex [get_hw_devices xc7z010_1] 0]
INFO: [Labtools 27-1434] Device xc7z010 (JTAG device index = 1) is programmed with a design that has no supported debug core(s) in it.
set_property PROBES.FILE {} [get_hw_devices xc7z010_1]
set_property FULL_PROBES.FILE {} [get_hw_devices xc7z010_1]
set_property PROGRAM.FILE {C:/Users/sbast/Desktop/Proyecto1-main_4.0/Proyecto1-main/Proy1_SEP/Proy1_SEP.runs/impl_1/design_1_wrapper.bit} [get_hw_devices xc7z010_1]
program_hw_devices [get_hw_devices xc7z010_1]
INFO: [Labtools 27-3164] End of startup status: HIGH
refresh_hw_device [lindex [get_hw_devices xc7z010_1] 0]
INFO: [Labtools 27-1434] Device xc7z010 (JTAG device index = 1) is programmed with a design that has no supported debug core(s) in it.
open_bd_design {C:/Users/sbast/Desktop/Proyecto1-main_4.0/Proyecto1-main/Proy1_SEP/Proy1_SEP.srcs/sources_1/bd/design_1/design_1.bd}
Adding component instance block -- xilinx.com:user:Btn_Debouncer:1.0 - Btn_Debouncer_0
Adding component instance block -- xilinx.com:user:StateMachine_P1:1.0 - StateMachine_P1_0
Adding component instance block -- xilinx.com:user:Mult2:1.0 - Mult2_0
Adding component instance block -- xilinx.com:user:RNG:1.0 - RNG_0
Adding component instance block -- xilinx.com:user:Sequence_Memory:1.0 - Sequence_Memory_0
Adding component instance block -- xilinx.com:user:simon_says:1.0 - simon_says_0
WARNING: [BD 41-1731] Type mismatch between connected pins: /simon_says_0/back_to_menu(undef) and /StateMachine_P1_0/reset_game(rst)
Successfully read diagram <design_1> from BD file <C:/Users/sbast/Desktop/Proyecto1-main_4.0/Proyecto1-main/Proy1_SEP/Proy1_SEP.srcs/sources_1/bd/design_1/design_1.bd>
open_bd_design: Time (s): cpu = 00:00:05 ; elapsed = 00:00:08 . Memory (MB): peak = 2559.633 ; gain = 93.090
set_property PROBES.FILE {} [get_hw_devices xc7z010_1]
set_property FULL_PROBES.FILE {} [get_hw_devices xc7z010_1]
set_property PROGRAM.FILE {C:/Users/sbast/Desktop/Proyecto1-main_4.0/Proyecto1-main/Proy1_SEP/Proy1_SEP.runs/impl_1/design_1_wrapper.bit} [get_hw_devices xc7z010_1]
program_hw_devices [get_hw_devices xc7z010_1]
INFO: [Labtools 27-3164] End of startup status: HIGH
refresh_hw_device [lindex [get_hw_devices xc7z010_1] 0]
INFO: [Labtools 27-1434] Device xc7z010 (JTAG device index = 1) is programmed with a design that has no supported debug core(s) in it.
set_property PROBES.FILE {} [get_hw_devices xc7z010_1]
set_property FULL_PROBES.FILE {} [get_hw_devices xc7z010_1]
set_property PROGRAM.FILE {C:/Users/sbast/Desktop/Proyecto1-main_4.0/Proyecto1-main/Proy1_SEP/Proy1_SEP.runs/impl_1/design_1_wrapper.bit} [get_hw_devices xc7z010_1]
program_hw_devices [get_hw_devices xc7z010_1]
INFO: [Labtools 27-3164] End of startup status: HIGH
refresh_hw_device [lindex [get_hw_devices xc7z010_1] 0]
INFO: [Labtools 27-1434] Device xc7z010 (JTAG device index = 1) is programmed with a design that has no supported debug core(s) in it.
set_property PROBES.FILE {} [get_hw_devices xc7z010_1]
set_property FULL_PROBES.FILE {} [get_hw_devices xc7z010_1]
set_property PROGRAM.FILE {C:/Users/sbast/Desktop/Proyecto1-main_4.0/Proyecto1-main/Proy1_SEP/Proy1_SEP.runs/impl_1/design_1_wrapper.bit} [get_hw_devices xc7z010_1]
program_hw_devices [get_hw_devices xc7z010_1]
INFO: [Labtools 27-3164] End of startup status: HIGH
refresh_hw_device [lindex [get_hw_devices xc7z010_1] 0]
INFO: [Labtools 27-1434] Device xc7z010 (JTAG device index = 1) is programmed with a design that has no supported debug core(s) in it.
set_property PROBES.FILE {} [get_hw_devices xc7z010_1]
set_property FULL_PROBES.FILE {} [get_hw_devices xc7z010_1]
set_property PROGRAM.FILE {C:/Users/sbast/Desktop/Proyecto1-main_4.0/Proyecto1-main/Proy1_SEP/Proy1_SEP.runs/impl_1/design_1_wrapper.bit} [get_hw_devices xc7z010_1]
program_hw_devices [get_hw_devices xc7z010_1]
INFO: [Labtools 27-3164] End of startup status: HIGH
refresh_hw_device [lindex [get_hw_devices xc7z010_1] 0]
INFO: [Labtools 27-1434] Device xc7z010 (JTAG device index = 1) is programmed with a design that has no supported debug core(s) in it.
set_property PROBES.FILE {} [get_hw_devices xc7z010_1]
set_property FULL_PROBES.FILE {} [get_hw_devices xc7z010_1]
set_property PROGRAM.FILE {C:/Users/sbast/Desktop/Proyecto1-main_4.0/Proyecto1-main/Proy1_SEP/Proy1_SEP.runs/impl_1/design_1_wrapper.bit} [get_hw_devices xc7z010_1]
program_hw_devices [get_hw_devices xc7z010_1]
INFO: [Labtools 27-3164] End of startup status: HIGH
refresh_hw_device [lindex [get_hw_devices xc7z010_1] 0]
INFO: [Labtools 27-1434] Device xc7z010 (JTAG device index = 1) is programmed with a design that has no supported debug core(s) in it.
set_property source_mgmt_mode All [current_project]
ipx::edit_ip_in_project -upgrade true -name StateMachine_P1_v1_0_project -directory C:/Users/sbast/Desktop/Proyecto1-main_4.0/Proyecto1-main/Proy1_SEP/Proy1_SEP.tmp/StateMachine_P1_v1_0_project c:/Users/sbast/Desktop/Proyecto1-main_4.0/Proyecto1-main/IPCORES_P1/State_Macine_P1/State_Macine_P1.srcs/sources_1/new/component.xml
INFO: [ProjectBase 1-489] The host OS only allows 260 characters in a normal path. The project is stored in a path with more than 80 characters. If you experience issues with IP, Block Designs, or files not being found, please consider moving the project to a location with a shorter path. Alternately consider using the OS subst command to map part of the path to a drive letter.
Current project path is 'c:/users/sbast/desktop/proyecto1-main_4.0/proyecto1-main/proy1_sep/proy1_sep.tmp/statemachine_p1_v1_0_project'
INFO: [IP_Flow 19-234] Refreshing IP repositories
INFO: [IP_Flow 19-1704] No user IP repositories specified
INFO: [IP_Flow 19-2313] Loaded Vivado IP repository 'C:/Xilinx/Vivado/2020.1/data/ip'.
INFO: [IP_Flow 19-234] Refreshing IP repositories
INFO: [IP_Flow 19-1700] Loaded user IP repository 'c:/Users/sbast/Desktop/Proyecto1-main_4.0/Proyecto1-main/IPCORES_P1'.
INFO: [IP_Flow 19-795] Syncing license key meta-data
ipx::edit_ip_in_project: Time (s): cpu = 00:00:06 ; elapsed = 00:00:05 . Memory (MB): peak = 2582.477 ; gain = 16.414
update_compile_order -fileset sources_1
ipx::merge_project_changes hdl_parameters [ipx::current_core]
WARNING: [IP_Flow 19-5226] Project source file 'c:/Users/sbast/Desktop/Proyecto1-main_4.0/Proyecto1-main/IPCORES_P1/State_Macine_P1/State_Macine_P1.srcs/sources_1/new/component.xml' ignored by IP packager.
set_property core_revision 11 [ipx::current_core]
ipx::update_source_project_archive -component [ipx::current_core]
ipx::update_checksums [ipx::current_core]
ipx::save_core [ipx::current_core]
ipx::move_temp_component_back -component [ipx::current_core]
close_project -delete
update_ip_catalog -rebuild -repo_path c:/Users/sbast/Desktop/Proyecto1-main_4.0/Proyecto1-main/IPCORES_P1
INFO: [IP_Flow 19-725] Reloaded user IP repository 'c:/Users/sbast/Desktop/Proyecto1-main_4.0/Proyecto1-main/IPCORES_P1'
report_ip_status -name ip_status 
upgrade_ip -vlnv xilinx.com:user:StateMachine_P1:1.0 [get_ips  design_1_StateMachine_P1_0_0] -log ip_upgrade.log
Upgrading 'C:/Users/sbast/Desktop/Proyecto1-main_4.0/Proyecto1-main/Proy1_SEP/Proy1_SEP.srcs/sources_1/bd/design_1/design_1.bd'
INFO: [IP_Flow 19-3422] Upgraded design_1_StateMachine_P1_0_0 (StateMachine_P1_v1_0 1.0) from revision 10 to revision 11
WARNING: [BD 41-1731] Type mismatch between connected pins: /simon_says_0/back_to_menu(undef) and /StateMachine_P1_0_upgraded_ipi/reset_game(rst)
Wrote  : <C:\Users\sbast\Desktop\Proyecto1-main_4.0\Proyecto1-main\Proy1_SEP\Proy1_SEP.srcs\sources_1\bd\design_1\design_1.bd> 
Wrote  : <C:/Users/sbast/Desktop/Proyecto1-main_4.0/Proyecto1-main/Proy1_SEP/Proy1_SEP.srcs/sources_1/bd/design_1/ui/bd_1f5defd0.ui> 
INFO: [Coretcl 2-1525] Wrote upgrade log to 'C:/Users/sbast/Desktop/Proyecto1-main_4.0/Proyecto1-main/Proy1_SEP/ip_upgrade.log'.
export_ip_user_files -of_objects [get_ips design_1_StateMachine_P1_0_0] -no_script -sync -force -quiet
generate_target all [get_files  C:/Users/sbast/Desktop/Proyecto1-main_4.0/Proyecto1-main/Proy1_SEP/Proy1_SEP.srcs/sources_1/bd/design_1/design_1.bd]
Wrote  : <C:\Users\sbast\Desktop\Proyecto1-main_4.0\Proyecto1-main\Proy1_SEP\Proy1_SEP.srcs\sources_1\bd\design_1\design_1.bd> 
VHDL Output written to : C:/Users/sbast/Desktop/Proyecto1-main_4.0/Proyecto1-main/Proy1_SEP/Proy1_SEP.srcs/sources_1/bd/design_1/synth/design_1.vhd
VHDL Output written to : C:/Users/sbast/Desktop/Proyecto1-main_4.0/Proyecto1-main/Proy1_SEP/Proy1_SEP.srcs/sources_1/bd/design_1/sim/design_1.vhd
VHDL Output written to : C:/Users/sbast/Desktop/Proyecto1-main_4.0/Proyecto1-main/Proy1_SEP/Proy1_SEP.srcs/sources_1/bd/design_1/hdl/design_1_wrapper.vhd
INFO: [BD 41-1029] Generation completed for the IP Integrator block StateMachine_P1_0 .
Exporting to file C:/Users/sbast/Desktop/Proyecto1-main_4.0/Proyecto1-main/Proy1_SEP/Proy1_SEP.srcs/sources_1/bd/design_1/hw_handoff/design_1.hwh
Generated Block Design Tcl file C:/Users/sbast/Desktop/Proyecto1-main_4.0/Proyecto1-main/Proy1_SEP/Proy1_SEP.srcs/sources_1/bd/design_1/hw_handoff/design_1_bd.tcl
Generated Hardware Definition File C:/Users/sbast/Desktop/Proyecto1-main_4.0/Proyecto1-main/Proy1_SEP/Proy1_SEP.srcs/sources_1/bd/design_1/synth/design_1.hwdef
catch { config_ip_cache -export [get_ips -all design_1_StateMachine_P1_0_0] }
export_ip_user_files -of_objects [get_files C:/Users/sbast/Desktop/Proyecto1-main_4.0/Proyecto1-main/Proy1_SEP/Proy1_SEP.srcs/sources_1/bd/design_1/design_1.bd] -no_script -sync -force -quiet
create_ip_run [get_files -of_objects [get_fileset sources_1] C:/Users/sbast/Desktop/Proyecto1-main_4.0/Proyecto1-main/Proy1_SEP/Proy1_SEP.srcs/sources_1/bd/design_1/design_1.bd]
launch_runs design_1_StateMachine_P1_0_0_synth_1 -jobs 12
[Thu Sep 24 21:50:57 2026] Launched design_1_StateMachine_P1_0_0_synth_1...
Run output will be captured here: C:/Users/sbast/Desktop/Proyecto1-main_4.0/Proyecto1-main/Proy1_SEP/Proy1_SEP.runs/design_1_StateMachine_P1_0_0_synth_1/runme.log
export_simulation -of_objects [get_files C:/Users/sbast/Desktop/Proyecto1-main_4.0/Proyecto1-main/Proy1_SEP/Proy1_SEP.srcs/sources_1/bd/design_1/design_1.bd] -directory C:/Users/sbast/Desktop/Proyecto1-main_4.0/Proyecto1-main/Proy1_SEP/Proy1_SEP.ip_user_files/sim_scripts -ip_user_files_dir C:/Users/sbast/Desktop/Proyecto1-main_4.0/Proyecto1-main/Proy1_SEP/Proy1_SEP.ip_user_files -ipstatic_source_dir C:/Users/sbast/Desktop/Proyecto1-main_4.0/Proyecto1-main/Proy1_SEP/Proy1_SEP.ip_user_files/ipstatic -lib_map_path [list {modelsim=C:/Users/sbast/Desktop/Proyecto1-main_4.0/Proyecto1-main/Proy1_SEP/Proy1_SEP.cache/compile_simlib/modelsim} {questa=C:/Users/sbast/Desktop/Proyecto1-main_4.0/Proyecto1-main/Proy1_SEP/Proy1_SEP.cache/compile_simlib/questa} {riviera=C:/Users/sbast/Desktop/Proyecto1-main_4.0/Proyecto1-main/Proy1_SEP/Proy1_SEP.cache/compile_simlib/riviera} {activehdl=C:/Users/sbast/Desktop/Proyecto1-main_4.0/Proyecto1-main/Proy1_SEP/Proy1_SEP.cache/compile_simlib/activehdl}] -use_ip_compiled_libs -force -quiet
report_ip_status -name ip_status 
reset_run synth_1
WARNING: [Vivado 12-1017] Problems encountered:
1. Failed to delete one or more files in run directory C:/Users/sbast/Desktop/Proyecto1-main_4.0/Proyecto1-main/Proy1_SEP/Proy1_SEP.runs/synth_1

reset_target all [get_files  C:/Users/sbast/Desktop/Proyecto1-main_4.0/Proyecto1-main/Proy1_SEP/Proy1_SEP.srcs/sources_1/bd/design_1/design_1.bd]
export_ip_user_files -of_objects  [get_files  C:/Users/sbast/Desktop/Proyecto1-main_4.0/Proyecto1-main/Proy1_SEP/Proy1_SEP.srcs/sources_1/bd/design_1/design_1.bd] -sync -no_script -force -quiet
delete_ip_run [get_files -of_objects [get_fileset sources_1] C:/Users/sbast/Desktop/Proyecto1-main_4.0/Proyecto1-main/Proy1_SEP/Proy1_SEP.srcs/sources_1/bd/design_1/design_1.bd]
WARNING: [Vivado 12-1017] Problems encountered:
1. Failed to delete one or more files in run directory C:/Users/sbast/Desktop/Proyecto1-main_4.0/Proyecto1-main/Proy1_SEP/Proy1_SEP.runs/design_1_Sequence_Memory_0_1_synth_1

WARNING: [Vivado 12-1017] Problems encountered:
1. Failed to delete one or more files in run directory C:/Users/sbast/Desktop/Proyecto1-main_4.0/Proyecto1-main/Proy1_SEP/Proy1_SEP.runs/design_1_StateMachine_P1_0_0_synth_1

WARNING: [Vivado 12-1017] Problems encountered:
1. Failed to delete one or more files in run directory C:/Users/sbast/Desktop/Proyecto1-main_4.0/Proyecto1-main/Proy1_SEP/Proy1_SEP.runs/design_1_simon_says_0_0_synth_1

generate_target all [get_files  C:/Users/sbast/Desktop/Proyecto1-main_4.0/Proyecto1-main/Proy1_SEP/Proy1_SEP.srcs/sources_1/bd/design_1/design_1.bd]
INFO: [BD 41-1662] The design 'design_1.bd' is already validated. Therefore parameter propagation will not be re-run.
Wrote  : <C:\Users\sbast\Desktop\Proyecto1-main_4.0\Proyecto1-main\Proy1_SEP\Proy1_SEP.srcs\sources_1\bd\design_1\design_1.bd> 
Wrote  : <C:/Users/sbast/Desktop/Proyecto1-main_4.0/Proyecto1-main/Proy1_SEP/Proy1_SEP.srcs/sources_1/bd/design_1/ui/bd_1f5defd0.ui> 
VHDL Output written to : C:/Users/sbast/Desktop/Proyecto1-main_4.0/Proyecto1-main/Proy1_SEP/Proy1_SEP.srcs/sources_1/bd/design_1/synth/design_1.vhd
VHDL Output written to : C:/Users/sbast/Desktop/Proyecto1-main_4.0/Proyecto1-main/Proy1_SEP/Proy1_SEP.srcs/sources_1/bd/design_1/sim/design_1.vhd
VHDL Output written to : C:/Users/sbast/Desktop/Proyecto1-main_4.0/Proyecto1-main/Proy1_SEP/Proy1_SEP.srcs/sources_1/bd/design_1/hdl/design_1_wrapper.vhd
INFO: [BD 41-1029] Generation completed for the IP Integrator block Sequence_Memory_0 .
INFO: [BD 41-1029] Generation completed for the IP Integrator block RNG_0 .
INFO: [BD 41-1029] Generation completed for the IP Integrator block StateMachine_P1_0 .
INFO: [BD 41-1029] Generation completed for the IP Integrator block Btn_Debouncer_0 .
INFO: [BD 41-1029] Generation completed for the IP Integrator block Mult2_0 .
INFO: [BD 41-1029] Generation completed for the IP Integrator block simon_says_0 .
Exporting to file C:/Users/sbast/Desktop/Proyecto1-main_4.0/Proyecto1-main/Proy1_SEP/Proy1_SEP.srcs/sources_1/bd/design_1/hw_handoff/design_1.hwh
Generated Block Design Tcl file C:/Users/sbast/Desktop/Proyecto1-main_4.0/Proyecto1-main/Proy1_SEP/Proy1_SEP.srcs/sources_1/bd/design_1/hw_handoff/design_1_bd.tcl
Generated Hardware Definition File C:/Users/sbast/Desktop/Proyecto1-main_4.0/Proyecto1-main/Proy1_SEP/Proy1_SEP.srcs/sources_1/bd/design_1/synth/design_1.hwdef
catch { config_ip_cache -export [get_ips -all design_1_Sequence_Memory_0_1] }
INFO: [IP_Flow 19-4993] Using cached IP synthesis design for IP design_1_Sequence_Memory_0_1, cache-ID = 9fd2063662134748; cache size = 1.035 MB.
catch { config_ip_cache -export [get_ips -all design_1_RNG_0_0] }
INFO: [IP_Flow 19-4993] Using cached IP synthesis design for IP design_1_RNG_0_0, cache-ID = a72af7f4baa9795a; cache size = 1.035 MB.
catch { config_ip_cache -export [get_ips -all design_1_StateMachine_P1_0_0] }
INFO: [IP_Flow 19-4993] Using cached IP synthesis design for IP design_1_StateMachine_P1_0_0, cache-ID = 8a6d6210c0bf960b; cache size = 1.035 MB.
catch { config_ip_cache -export [get_ips -all design_1_Btn_Debouncer_0_0] }
INFO: [IP_Flow 19-4993] Using cached IP synthesis design for IP design_1_Btn_Debouncer_0_0, cache-ID = d4b17b4b253eff8b; cache size = 1.035 MB.
catch { config_ip_cache -export [get_ips -all design_1_Mult2_0_0] }
INFO: [IP_Flow 19-4993] Using cached IP synthesis design for IP design_1_Mult2_0_0, cache-ID = fca20d04147062ce; cache size = 1.035 MB.
catch { config_ip_cache -export [get_ips -all design_1_simon_says_0_0] }
INFO: [IP_Flow 19-4993] Using cached IP synthesis design for IP design_1_simon_says_0_0, cache-ID = 229cead550e4a437; cache size = 1.035 MB.
export_ip_user_files -of_objects [get_files C:/Users/sbast/Desktop/Proyecto1-main_4.0/Proyecto1-main/Proy1_SEP/Proy1_SEP.srcs/sources_1/bd/design_1/design_1.bd] -no_script -sync -force -quiet
create_ip_run [get_files -of_objects [get_fileset sources_1] C:/Users/sbast/Desktop/Proyecto1-main_4.0/Proyecto1-main/Proy1_SEP/Proy1_SEP.srcs/sources_1/bd/design_1/design_1.bd]
export_simulation -of_objects [get_files C:/Users/sbast/Desktop/Proyecto1-main_4.0/Proyecto1-main/Proy1_SEP/Proy1_SEP.srcs/sources_1/bd/design_1/design_1.bd] -directory C:/Users/sbast/Desktop/Proyecto1-main_4.0/Proyecto1-main/Proy1_SEP/Proy1_SEP.ip_user_files/sim_scripts -ip_user_files_dir C:/Users/sbast/Desktop/Proyecto1-main_4.0/Proyecto1-main/Proy1_SEP/Proy1_SEP.ip_user_files -ipstatic_source_dir C:/Users/sbast/Desktop/Proyecto1-main_4.0/Proyecto1-main/Proy1_SEP/Proy1_SEP.ip_user_files/ipstatic -lib_map_path [list {modelsim=C:/Users/sbast/Desktop/Proyecto1-main_4.0/Proyecto1-main/Proy1_SEP/Proy1_SEP.cache/compile_simlib/modelsim} {questa=C:/Users/sbast/Desktop/Proyecto1-main_4.0/Proyecto1-main/Proy1_SEP/Proy1_SEP.cache/compile_simlib/questa} {riviera=C:/Users/sbast/Desktop/Proyecto1-main_4.0/Proyecto1-main/Proy1_SEP/Proy1_SEP.cache/compile_simlib/riviera} {activehdl=C:/Users/sbast/Desktop/Proyecto1-main_4.0/Proyecto1-main/Proy1_SEP/Proy1_SEP.cache/compile_simlib/activehdl}] -use_ip_compiled_libs -force -quiet
validate_bd_design -force
save_bd_design
Wrote  : <C:\Users\sbast\Desktop\Proyecto1-main_4.0\Proyecto1-main\Proy1_SEP\Proy1_SEP.srcs\sources_1\bd\design_1\design_1.bd> 
Wrote  : <C:/Users/sbast/Desktop/Proyecto1-main_4.0/Proyecto1-main/Proy1_SEP/Proy1_SEP.srcs/sources_1/bd/design_1/ui/bd_1f5defd0.ui> 
launch_runs impl_1 -to_step write_bitstream -jobs 12
[Thu Sep 24 21:54:39 2026] Launched synth_1...
Run output will be captured here: C:/Users/sbast/Desktop/Proyecto1-main_4.0/Proyecto1-main/Proy1_SEP/Proy1_SEP.runs/synth_1/runme.log
[Thu Sep 24 21:54:39 2026] Launched impl_1...
Run output will be captured here: C:/Users/sbast/Desktop/Proyecto1-main_4.0/Proyecto1-main/Proy1_SEP/Proy1_SEP.runs/impl_1/runme.log
set_property PROBES.FILE {} [get_hw_devices xc7z010_1]
set_property FULL_PROBES.FILE {} [get_hw_devices xc7z010_1]
set_property PROGRAM.FILE {C:/Users/sbast/Desktop/Proyecto1-main_4.0/Proyecto1-main/Proy1_SEP/Proy1_SEP.runs/impl_1/design_1_wrapper.bit} [get_hw_devices xc7z010_1]
program_hw_devices [get_hw_devices xc7z010_1]
INFO: [Labtools 27-3164] End of startup status: HIGH
refresh_hw_device [lindex [get_hw_devices xc7z010_1] 0]
INFO: [Labtools 27-1434] Device xc7z010 (JTAG device index = 1) is programmed with a design that has no supported debug core(s) in it.
set_property PROBES.FILE {} [get_hw_devices xc7z010_1]
set_property FULL_PROBES.FILE {} [get_hw_devices xc7z010_1]
set_property PROGRAM.FILE {C:/Users/sbast/Desktop/Proyecto1-main_4.0/Proyecto1-main/Proy1_SEP/Proy1_SEP.runs/impl_1/design_1_wrapper.bit} [get_hw_devices xc7z010_1]
program_hw_devices [get_hw_devices xc7z010_1]
INFO: [Labtools 27-3164] End of startup status: HIGH
refresh_hw_device [lindex [get_hw_devices xc7z010_1] 0]
INFO: [Labtools 27-1434] Device xc7z010 (JTAG device index = 1) is programmed with a design that has no supported debug core(s) in it.
set_property PROBES.FILE {} [get_hw_devices xc7z010_1]
set_property FULL_PROBES.FILE {} [get_hw_devices xc7z010_1]
set_property PROGRAM.FILE {C:/Users/sbast/Desktop/Proyecto1-main_4.0/Proyecto1-main/Proy1_SEP/Proy1_SEP.runs/impl_1/design_1_wrapper.bit} [get_hw_devices xc7z010_1]
program_hw_devices [get_hw_devices xc7z010_1]
INFO: [Labtools 27-3164] End of startup status: HIGH
refresh_hw_device [lindex [get_hw_devices xc7z010_1] 0]
INFO: [Labtools 27-1434] Device xc7z010 (JTAG device index = 1) is programmed with a design that has no supported debug core(s) in it.
set_property PROBES.FILE {} [get_hw_devices xc7z010_1]
set_property FULL_PROBES.FILE {} [get_hw_devices xc7z010_1]
set_property PROGRAM.FILE {C:/Users/sbast/Desktop/Proyecto1-main_4.0/Proyecto1-main/Proy1_SEP/Proy1_SEP.runs/impl_1/design_1_wrapper.bit} [get_hw_devices xc7z010_1]
program_hw_devices [get_hw_devices xc7z010_1]
INFO: [Labtools 27-3164] End of startup status: HIGH
refresh_hw_device [lindex [get_hw_devices xc7z010_1] 0]
INFO: [Labtools 27-1434] Device xc7z010 (JTAG device index = 1) is programmed with a design that has no supported debug core(s) in it.
set_property PROBES.FILE {} [get_hw_devices xc7z010_1]
set_property FULL_PROBES.FILE {} [get_hw_devices xc7z010_1]
set_property PROGRAM.FILE {C:/Users/sbast/Desktop/Proyecto1-main_4.0/Proyecto1-main/Proy1_SEP/Proy1_SEP.runs/impl_1/design_1_wrapper.bit} [get_hw_devices xc7z010_1]
program_hw_devices [get_hw_devices xc7z010_1]
INFO: [Labtools 27-3164] End of startup status: HIGH
refresh_hw_device [lindex [get_hw_devices xc7z010_1] 0]
INFO: [Labtools 27-1434] Device xc7z010 (JTAG device index = 1) is programmed with a design that has no supported debug core(s) in it.
set_property PROBES.FILE {} [get_hw_devices xc7z010_1]
set_property FULL_PROBES.FILE {} [get_hw_devices xc7z010_1]
set_property PROGRAM.FILE {C:/Users/sbast/Desktop/Proyecto1-main_4.0/Proyecto1-main/Proy1_SEP/Proy1_SEP.runs/impl_1/design_1_wrapper.bit} [get_hw_devices xc7z010_1]
program_hw_devices [get_hw_devices xc7z010_1]
INFO: [Labtools 27-3164] End of startup status: HIGH
refresh_hw_device [lindex [get_hw_devices xc7z010_1] 0]
INFO: [Labtools 27-1434] Device xc7z010 (JTAG device index = 1) is programmed with a design that has no supported debug core(s) in it.
set_property PROBES.FILE {} [get_hw_devices xc7z010_1]
set_property FULL_PROBES.FILE {} [get_hw_devices xc7z010_1]
set_property PROGRAM.FILE {C:/Users/sbast/Desktop/Proyecto1-main_4.0/Proyecto1-main/Proy1_SEP/Proy1_SEP.runs/impl_1/design_1_wrapper.bit} [get_hw_devices xc7z010_1]
program_hw_devices [get_hw_devices xc7z010_1]
INFO: [Labtools 27-3164] End of startup status: HIGH
refresh_hw_device [lindex [get_hw_devices xc7z010_1] 0]
INFO: [Labtools 27-1434] Device xc7z010 (JTAG device index = 1) is programmed with a design that has no supported debug core(s) in it.
set_property PROBES.FILE {} [get_hw_devices xc7z010_1]
set_property FULL_PROBES.FILE {} [get_hw_devices xc7z010_1]
set_property PROGRAM.FILE {C:/Users/sbast/Desktop/Proyecto1-main_4.0/Proyecto1-main/Proy1_SEP/Proy1_SEP.runs/impl_1/design_1_wrapper.bit} [get_hw_devices xc7z010_1]
program_hw_devices [get_hw_devices xc7z010_1]
INFO: [Labtools 27-3164] End of startup status: HIGH
refresh_hw_device [lindex [get_hw_devices xc7z010_1] 0]
INFO: [Labtools 27-1434] Device xc7z010 (JTAG device index = 1) is programmed with a design that has no supported debug core(s) in it.
set_property PROBES.FILE {} [get_hw_devices xc7z010_1]
set_property FULL_PROBES.FILE {} [get_hw_devices xc7z010_1]
set_property PROGRAM.FILE {C:/Users/sbast/Desktop/Proyecto1-main_4.0/Proyecto1-main/Proy1_SEP/Proy1_SEP.runs/impl_1/design_1_wrapper.bit} [get_hw_devices xc7z010_1]
program_hw_devices [get_hw_devices xc7z010_1]
INFO: [Labtools 27-3164] End of startup status: HIGH
refresh_hw_device [lindex [get_hw_devices xc7z010_1] 0]
INFO: [Labtools 27-1434] Device xc7z010 (JTAG device index = 1) is programmed with a design that has no supported debug core(s) in it.
close_project
open_project C:/Users/sbast/Desktop/SEP/AYU06-XIL_IN_OUT/AYU06/AYU06.xpr
INFO: [Project 1-313] Project file moved from 'C:/Users/crist/Desktop/SEP/AYUDANTIA_6/AYU06' since last save.
Scanning sources...
Finished scanning sources
WARNING: [Project 1-509] GeneratedRun file for 'synth_1' not found
WARNING: [Project 1-509] GeneratedRun file for 'design_1_LED_DRIVER_0_0_synth_1' not found
WARNING: [Project 1-509] GeneratedRun file for 'design_1_dlmb_v10_0_synth_1' not found
WARNING: [Project 1-509] GeneratedRun file for 'design_1_microblaze_0_0_synth_1' not found
WARNING: [Project 1-509] GeneratedRun file for 'design_1_ilmb_v10_0_synth_1' not found
WARNING: [Project 1-509] GeneratedRun file for 'design_1_dlmb_bram_if_cntlr_0_synth_1' not found
WARNING: [Project 1-509] GeneratedRun file for 'design_1_rst_clk_wiz_1_100M_0_synth_1' not found
WARNING: [Project 1-509] GeneratedRun file for 'design_1_clk_wiz_1_0_synth_1' not found
WARNING: [Project 1-509] GeneratedRun file for 'design_1_lmb_bram_0_synth_1' not found
WARNING: [Project 1-509] GeneratedRun file for 'design_1_ilmb_bram_if_cntlr_0_synth_1' not found
WARNING: [Project 1-509] GeneratedRun file for 'design_1_mdm_1_0_synth_1' not found
WARNING: [Project 1-509] GeneratedRun file for 'design_1_axi_gpio_0_0_synth_1' not found
WARNING: [Project 1-509] GeneratedRun file for 'design_1_xbar_0_synth_1' not found
WARNING: [Project 1-509] GeneratedRun file for 'impl_1' not found
CRITICAL WARNING: [Board 49-67] The board_part definition was not found for digilentinc.com:zybo-z7-10:part0:1.1. This can happen sometimes when you use custom board part. You can resolve this issue by setting 'board.repoPaths' parameter, pointing to the location of custom board files. Valid board_part values can be retrieved with the 'get_board_parts' Tcl command.
INFO: [IP_Flow 19-234] Refreshing IP repositories
INFO: [IP_Flow 19-1700] Loaded user IP repository 'c:/Users/sbast/Desktop/SEP/AYU06-XIL_IN_OUT/ip_repo/LED_DRIVER_1.0'.
INFO: [IP_Flow 19-2313] Loaded Vivado IP repository 'C:/Xilinx/Vivado/2020.1/data/ip'.
WARNING: [BD 41-1661] One or more IPs have been locked in the design 'design_1.bd'. Please run report_ip_status for more details and recommendations on how to fix this issue.
List of locked IPs:
design_1_clk_wiz_1_0
design_1_rst_clk_wiz_1_100M_0
design_1_axi_gpio_0_0

update_compile_order -fileset sources_1
open_bd_design {C:/Users/sbast/Desktop/SEP/AYU06-XIL_IN_OUT/AYU06/AYU06.srcs/sources_1/bd/design_1/design_1.bd}
Adding component instance block -- xilinx.com:ip:microblaze:11.0 - microblaze_0
Adding component instance block -- xilinx.com:ip:lmb_v10:3.0 - dlmb_v10
Adding component instance block -- xilinx.com:ip:lmb_v10:3.0 - ilmb_v10
Adding component instance block -- xilinx.com:ip:lmb_bram_if_cntlr:4.0 - dlmb_bram_if_cntlr
Adding component instance block -- xilinx.com:ip:lmb_bram_if_cntlr:4.0 - ilmb_bram_if_cntlr
Adding component instance block -- xilinx.com:ip:blk_mem_gen:8.4 - lmb_bram
Adding component instance block -- xilinx.com:ip:mdm:3.2 - mdm_1
Adding component instance block -- xilinx.com:ip:clk_wiz:6.0 - clk_wiz_1
Adding component instance block -- xilinx.com:ip:proc_sys_reset:5.0 - rst_clk_wiz_1_100M
Adding component instance block -- xilinx.com:user:LED_DRIVER:1.0 - LED_DRIVER_0
Adding component instance block -- xilinx.com:ip:axi_gpio:2.0 - axi_gpio_0
Adding component instance block -- xilinx.com:ip:axi_interconnect:2.1 - microblaze_0_axi_periph
Adding component instance block -- xilinx.com:ip:axi_crossbar:2.1 - xbar
Successfully read diagram <design_1> from BD file <C:/Users/sbast/Desktop/SEP/AYU06-XIL_IN_OUT/AYU06/AYU06.srcs/sources_1/bd/design_1/design_1.bd>
exit
INFO: [Common 17-206] Exiting Vivado at Fri Sep 25 08:23:54 2026...
