#-----------------------------------------------------------
# Vivado v2020.1 (64-bit)
# SW Build 2902540 on Wed May 27 19:54:49 MDT 2020
# IP Build 2902112 on Wed May 27 22:43:36 MDT 2020
# Start of session at: Wed Sep 23 12:55:59 2026
# Process ID: 35836
# Current directory: C:/Users/sbast/Downloads/P1_2.0/P1/Proy1_SEP
# Command line: vivado.exe -gui_launcher_event rodinguilauncherevent9308 C:\Users\sbast\Downloads\P1_2.0\P1\Proy1_SEP\Proy1_SEP.xpr
# Log file: C:/Users/sbast/Downloads/P1_2.0/P1/Proy1_SEP/vivado.log
# Journal file: C:/Users/sbast/Downloads/P1_2.0/P1/Proy1_SEP\vivado.jou
#-----------------------------------------------------------
start_gui
open_project C:/Users/sbast/Downloads/P1_2.0/P1/Proy1_SEP/Proy1_SEP.xpr
Scanning sources...
Finished scanning sources
INFO: [IP_Flow 19-234] Refreshing IP repositories
INFO: [IP_Flow 19-1700] Loaded user IP repository 'c:/Users/sbast/Downloads/P1_2.0/P1/IPCORES_P1'.
INFO: [IP_Flow 19-2313] Loaded Vivado IP repository 'C:/Xilinx/Vivado/2020.1/data/ip'.
open_project: Time (s): cpu = 00:00:28 ; elapsed = 00:00:14 . Memory (MB): peak = 1071.160 ; gain = 0.000
update_compile_order -fileset sources_1
exit
INFO: [Common 17-206] Exiting Vivado at Wed Sep 23 13:01:31 2026...
