#-----------------------------------------------------------
# Vivado v2020.1 (64-bit)
# SW Build 2902540 on Wed May 27 19:54:49 MDT 2020
# IP Build 2902112 on Wed May 27 22:43:36 MDT 2020
# Start of session at: Tue Oct  6 15:32:53 2026
# Process ID: 15248
# Current directory: C:/Users/Lorenzo/Documents/Proyecto1-main/Proy1_SEP
# Command line: vivado.exe -gui_launcher_event rodinguilauncherevent9228 C:\Users\Lorenzo\Documents\Proyecto1-main\Proy1_SEP\Proy1_SEP.xpr
# Log file: C:/Users/Lorenzo/Documents/Proyecto1-main/Proy1_SEP/vivado.log
# Journal file: C:/Users/Lorenzo/Documents/Proyecto1-main/Proy1_SEP\vivado.jou
#-----------------------------------------------------------
start_gui
open_project C:/Users/Lorenzo/Documents/Proyecto1-main/Proy1_SEP/Proy1_SEP.xpr
INFO: [Project 1-313] Project file moved from 'C:/Users/Lorenzo/OneDrive/Documentos/PRO_SEP/Proyecto1-main/Proy1_SEP' since last save.
CRITICAL WARNING: [Project 1-311] Could not find the file 'C:/Users/Lorenzo/Documents/Proyecto1-main/IPCORES_P1/component.xml', nor could it be found using path 'C:/Users/Lorenzo/OneDrive/Documentos/PRO_SEP/Proyecto1-main/IPCORES_P1/component.xml'.
Scanning sources...
Finished scanning sources
INFO: [IP_Flow 19-234] Refreshing IP repositories
WARNING: [IP_Flow 19-3685] Ignored loading user repository 'c:/Users/Lorenzo/Documents/Proyecto1-main/ip_repo/RGB_Driver_1.0'. The path is contained within another repository.
INFO: [IP_Flow 19-1700] Loaded user IP repository 'c:/Users/Lorenzo/Documents/Proyecto1-main/IPCORES_P1'.
INFO: [IP_Flow 19-1700] Loaded user IP repository 'c:/Users/Lorenzo/Documents/Proyecto1-main/ip_repo'.
INFO: [IP_Flow 19-2313] Loaded Vivado IP repository 'C:/Xilinx/Vivado/2020.1/data/ip'.
WARNING: [BD 41-1661] One or more IPs have been locked in the design 'design_1.bd'. Please run report_ip_status for more details and recommendations on how to fix this issue.
List of locked IPs:
design_1_juegoswitches_0_0

open_project: Time (s): cpu = 00:00:23 ; elapsed = 00:00:10 . Memory (MB): peak = 1061.426 ; gain = 0.000
update_compile_order -fileset sources_1
open_bd_design {C:/Users/Lorenzo/Documents/Proyecto1-main/Proy1_SEP/Proy1_SEP.srcs/sources_1/bd/design_1/design_1.bd}
Adding component instance block -- xilinx.com:user:Btn_Debouncer:1.0 - Btn_Debouncer_0
Adding component instance block -- xilinx.com:ip:vio:3.0 - vio_0
Adding component instance block -- xilinx.com:ip:ila:6.2 - ila_0
INFO: [xilinx.com:ip:ila:6.2-6] /ila_0: Xilinx recommends using the System ILA IP in IP Integrator. The System ILA IP is functionally equivalent to an ILA and offers additional benefits in debugging interfaces both within IP Integrator and the Hardware Manager. Consult the Programming and Debug User Guide UG908 for further details.
Adding component instance block -- xilinx.com:user:MUX_VIO:1.0 - MUX_VIO_0
Adding component instance block -- xilinx.com:ip:axi_traffic_gen:3.0 - axi_traffic_gen_0
Adding component instance block -- xilinx.com:user:StateMachine_P1:1.0 - StateMachine_P1_0
Adding component instance block -- xilinx.com:user:Mult2_inputs:1.0 - Mult2_inputs_0
Adding component instance block -- xilinx.com:ip:proc_sys_reset:5.0 - rst_clk_100M
Adding component instance block -- xilinx.com:user:simon_v3:1.0 - simon_v3_0
Adding component instance block -- xilinx.com:user:juegoswitches:1.0 - juegoswitches_0
Adding component instance block -- xilinx.com:user:Sequence_Memory:1.0 - Sequence_Memory_0
Adding component instance block -- xilinx.com:user:RGB_Driver:1.0 - RGB_Driver_0
WARNING: [BD 41-1731] Type mismatch between connected pins: /simon_v3_0/back_to_menu(undef) and /StateMachine_P1_0/reset_game(rst)
Successfully read diagram <design_1> from BD file <C:/Users/Lorenzo/Documents/Proyecto1-main/Proy1_SEP/Proy1_SEP.srcs/sources_1/bd/design_1/design_1.bd>
open_bd_design: Time (s): cpu = 00:00:15 ; elapsed = 00:00:11 . Memory (MB): peak = 1153.215 ; gain = 41.766
report_ip_status -name ip_status 
upgrade_ip -vlnv xilinx.com:user:juegoswitches:1.0 [get_ips  design_1_juegoswitches_0_0] -log ip_upgrade.log
Upgrading 'C:/Users/Lorenzo/Documents/Proyecto1-main/Proy1_SEP/Proy1_SEP.srcs/sources_1/bd/design_1/design_1.bd'
INFO: [IP_Flow 19-3422] Upgraded design_1_juegoswitches_0_0 (juegoswitches_v1_0 1.0) from revision 5 to revision 2
WARNING: [IP_Flow 19-4698] Upgrade has added port 'flag'
WARNING: [IP_Flow 19-3298] Detected external port differences while upgrading 'design_1_juegoswitches_0_0'. These changes may impact your design.
CRITICAL WARNING: [Coretcl 2-1279] The upgrade of 'design_1_juegoswitches_0_0' has identified issues that may require user intervention. Please review the upgrade log 'c:/Users/Lorenzo/Documents/Proyecto1-main/Proy1_SEP/ip_upgrade.log', and verify that the upgraded IP is correctly configured.
Wrote  : <C:\Users\Lorenzo\Documents\Proyecto1-main\Proy1_SEP\Proy1_SEP.srcs\sources_1\bd\design_1\design_1.bd> 
Wrote  : <C:/Users/Lorenzo/Documents/Proyecto1-main/Proy1_SEP/Proy1_SEP.srcs/sources_1/bd/design_1/ui/bd_1f5defd0.ui> 
INFO: [Coretcl 2-1525] Wrote upgrade log to 'C:/Users/Lorenzo/Documents/Proyecto1-main/Proy1_SEP/ip_upgrade.log'.
export_ip_user_files -of_objects [get_ips design_1_juegoswitches_0_0] -no_script -sync -force -quiet
reset_target all [get_files  C:/Users/Lorenzo/Documents/Proyecto1-main/Proy1_SEP/Proy1_SEP.srcs/sources_1/bd/design_1/design_1.bd]
export_ip_user_files -of_objects  [get_files  C:/Users/Lorenzo/Documents/Proyecto1-main/Proy1_SEP/Proy1_SEP.srcs/sources_1/bd/design_1/design_1.bd] -sync -no_script -force -quiet
generate_target all [get_files  C:/Users/Lorenzo/Documents/Proyecto1-main/Proy1_SEP/Proy1_SEP.srcs/sources_1/bd/design_1/design_1.bd]
WARNING: [xilinx.com:ip:proc_sys_reset:5.0-1] /rst_clk_100M Input reset pins ext_reset_in and aux_reset_in are unconnected. Core will generate resets only on POWER ON.
CRITICAL WARNING: [BD 41-759] The input pins (listed below) are either not connected or do not have a source port, and they don't have a tie-off specified. These pins are tied-off to all 0's to avoid error in Implementation flow.
Please check your design and connect them as needed: 
/rst_clk_100M/ext_reset_in

Wrote  : <C:\Users\Lorenzo\Documents\Proyecto1-main\Proy1_SEP\Proy1_SEP.srcs\sources_1\bd\design_1\design_1.bd> 
VHDL Output written to : C:/Users/Lorenzo/Documents/Proyecto1-main/Proy1_SEP/Proy1_SEP.srcs/sources_1/bd/design_1/synth/design_1.vhd
VHDL Output written to : C:/Users/Lorenzo/Documents/Proyecto1-main/Proy1_SEP/Proy1_SEP.srcs/sources_1/bd/design_1/sim/design_1.vhd
ERROR: [Common 17-1293] The path 'C:/Users/Lorenzo/Documents/Proyecto1-main/Proy1_SEP/Proy1_SEP.srcs/sources_1/bd/design_1/hdl' already exists, is a directory, but is not writable.
report_ip_status -name ip_status 
exit
