#-----------------------------------------------------------
# Vivado v2020.1 (64-bit)
# SW Build 2902540 on Wed May 27 19:54:49 MDT 2020
# IP Build 2902112 on Wed May 27 22:43:36 MDT 2020
# Start of session at: Wed Sep 23 12:26:55 2026
# Process ID: 25472
# Current directory: C:/Users/sbast/Downloads/P1_2.0/P1/Proy1_SEP
# Command line: vivado.exe -gui_launcher_event rodinguilauncherevent25000 C:\Users\sbast\Downloads\P1_2.0\P1\Proy1_SEP\Proy1_SEP.xpr
# Log file: C:/Users/sbast/Downloads/P1_2.0/P1/Proy1_SEP/vivado.log
# Journal file: C:/Users/sbast/Downloads/P1_2.0/P1/Proy1_SEP\vivado.jou
#-----------------------------------------------------------
start_gui
open_project C:/Users/sbast/Downloads/P1_2.0/P1/Proy1_SEP/Proy1_SEP.xpr
INFO: [Project 1-313] Project file moved from 'C:/Users/Lorenzo/OneDrive/Documentos/PRO_SEP/P1/P1/Proy1_SEP' since last save.
Scanning sources...
Finished scanning sources
INFO: [IP_Flow 19-234] Refreshing IP repositories
INFO: [IP_Flow 19-1700] Loaded user IP repository 'c:/Users/sbast/Downloads/P1_2.0/P1/IPCORES_P1'.
INFO: [IP_Flow 19-2313] Loaded Vivado IP repository 'C:/Xilinx/Vivado/2020.1/data/ip'.
open_project: Time (s): cpu = 00:00:15 ; elapsed = 00:00:14 . Memory (MB): peak = 1056.758 ; gain = 0.000
update_compile_order -fileset sources_1
update_ip_catalog -rebuild
INFO: [IP_Flow 19-234] Refreshing IP repositories
INFO: [IP_Flow 19-1700] Loaded user IP repository 'c:/Users/sbast/Downloads/P1_2.0/P1/IPCORES_P1'.
open_bd_design {C:/Users/sbast/Downloads/P1_2.0/P1/Proy1_SEP/Proy1_SEP.srcs/sources_1/bd/design_1/design_1.bd}
Adding component instance block -- xilinx.com:user:Btn_Debouncer:1.0 - Btn_Debouncer_0
Adding component instance block -- xilinx.com:user:RNG:1.0 - RNG_0
Adding component instance block -- xilinx.com:user:StateMachine_P1:1.0 - StateMachine_P1_0
Adding component instance block -- xilinx.com:user:simon_says:1.0 - simon_says_0
Adding component instance block -- xilinx.com:user:Sequence_Memory:1.0 - Sequence_Memory_0
Adding component instance block -- xilinx.com:user:Mult2:1.0 - Mult2_0
WARNING: [BD 41-1731] Type mismatch between connected pins: /simon_says_0/back_to_menu(undef) and /StateMachine_P1_0/reset_game(rst)
Successfully read diagram <design_1> from BD file <C:/Users/sbast/Downloads/P1_2.0/P1/Proy1_SEP/Proy1_SEP.srcs/sources_1/bd/design_1/design_1.bd>
open_bd_design: Time (s): cpu = 00:00:11 ; elapsed = 00:00:11 . Memory (MB): peak = 1140.184 ; gain = 76.941
update_ip_catalog -rebuild
INFO: [IP_Flow 19-234] Refreshing IP repositories
INFO: [IP_Flow 19-1700] Loaded user IP repository 'c:/Users/sbast/Downloads/P1_2.0/P1/IPCORES_P1'.
report_ip_status -name ip_status 
ipx::edit_ip_in_project -upgrade true -name StateMachine_P1_v1_0_project -directory C:/Users/sbast/Downloads/P1_2.0/P1/Proy1_SEP/Proy1_SEP.tmp/StateMachine_P1_v1_0_project c:/Users/sbast/Downloads/P1_2.0/P1/IPCORES_P1/State_Macine_P1/State_Macine_P1.srcs/sources_1/new/component.xml
INFO: [ProjectBase 1-489] The host OS only allows 260 characters in a normal path. The project is stored in a path with more than 80 characters. If you experience issues with IP, Block Designs, or files not being found, please consider moving the project to a location with a shorter path. Alternately consider using the OS subst command to map part of the path to a drive letter.
Current project path is 'c:/users/sbast/downloads/p1_2.0/p1/proy1_sep/proy1_sep.tmp/statemachine_p1_v1_0_project'
INFO: [IP_Flow 19-234] Refreshing IP repositories
INFO: [IP_Flow 19-1704] No user IP repositories specified
INFO: [IP_Flow 19-2313] Loaded Vivado IP repository 'C:/Xilinx/Vivado/2020.1/data/ip'.
create_project: Time (s): cpu = 00:00:06 ; elapsed = 00:00:05 . Memory (MB): peak = 1403.254 ; gain = 0.000
INFO: [IP_Flow 19-234] Refreshing IP repositories
INFO: [IP_Flow 19-1700] Loaded user IP repository 'c:/Users/sbast/Downloads/P1_2.0/P1/IPCORES_P1'.
INFO: [IP_Flow 19-795] Syncing license key meta-data
ipx::edit_ip_in_project: Time (s): cpu = 00:00:09 ; elapsed = 00:00:06 . Memory (MB): peak = 1403.254 ; gain = 0.000
update_compile_order -fileset sources_1
current_project Proy1_SEP
launch_runs impl_1 -to_step write_bitstream -jobs 12
INFO: [BD 41-1662] The design 'design_1.bd' is already validated. Therefore parameter propagation will not be re-run.
Wrote  : <C:\Users\sbast\Downloads\P1_2.0\P1\Proy1_SEP\Proy1_SEP.srcs\sources_1\bd\design_1\design_1.bd> 
Wrote  : <C:/Users/sbast/Downloads/P1_2.0/P1/Proy1_SEP/Proy1_SEP.srcs/sources_1/bd/design_1/ui/bd_1f5defd0.ui> 
VHDL Output written to : C:/Users/sbast/Downloads/P1_2.0/P1/Proy1_SEP/Proy1_SEP.srcs/sources_1/bd/design_1/synth/design_1.vhd
VHDL Output written to : C:/Users/sbast/Downloads/P1_2.0/P1/Proy1_SEP/Proy1_SEP.srcs/sources_1/bd/design_1/sim/design_1.vhd
VHDL Output written to : C:/Users/sbast/Downloads/P1_2.0/P1/Proy1_SEP/Proy1_SEP.srcs/sources_1/bd/design_1/hdl/design_1_wrapper.vhd
INFO: [BD 41-1029] Generation completed for the IP Integrator block Sequence_Memory_0 .
INFO: [BD 41-1029] Generation completed for the IP Integrator block RNG_0 .
INFO: [BD 41-1029] Generation completed for the IP Integrator block StateMachine_P1_0 .
INFO: [BD 41-1029] Generation completed for the IP Integrator block Btn_Debouncer_0 .
INFO: [BD 41-1029] Generation completed for the IP Integrator block Mult2_0 .
INFO: [BD 41-1029] Generation completed for the IP Integrator block simon_says_0 .
Exporting to file C:/Users/sbast/Downloads/P1_2.0/P1/Proy1_SEP/Proy1_SEP.srcs/sources_1/bd/design_1/hw_handoff/design_1.hwh
Generated Block Design Tcl file C:/Users/sbast/Downloads/P1_2.0/P1/Proy1_SEP/Proy1_SEP.srcs/sources_1/bd/design_1/hw_handoff/design_1_bd.tcl
Generated Hardware Definition File C:/Users/sbast/Downloads/P1_2.0/P1/Proy1_SEP/Proy1_SEP.srcs/sources_1/bd/design_1/synth/design_1.hwdef
CRITICAL WARNING: [filemgmt 20-730] Could not find a top module in the fileset sources_1.
Resolution: With the gui up, review the source files in the Sources window. Use Add Sources to add any needed sources. If the files are disabled, enable them. You can also select the file and choose Set Used In from the pop-up menu. Review if they are being used at the proper points of the flow.
[Wed Sep 23 12:39:10 2026] Launched design_1_Sequence_Memory_0_1_synth_1, design_1_Mult2_0_0_synth_1, design_1_StateMachine_P1_0_0_synth_1, design_1_RNG_0_0_synth_1, design_1_Btn_Debouncer_0_0_synth_1, design_1_simon_says_0_0_synth_1, synth_1...
Run output will be captured here:
design_1_Sequence_Memory_0_1_synth_1: C:/Users/sbast/Downloads/P1_2.0/P1/Proy1_SEP/Proy1_SEP.runs/design_1_Sequence_Memory_0_1_synth_1/runme.log
design_1_Mult2_0_0_synth_1: C:/Users/sbast/Downloads/P1_2.0/P1/Proy1_SEP/Proy1_SEP.runs/design_1_Mult2_0_0_synth_1/runme.log
design_1_StateMachine_P1_0_0_synth_1: C:/Users/sbast/Downloads/P1_2.0/P1/Proy1_SEP/Proy1_SEP.runs/design_1_StateMachine_P1_0_0_synth_1/runme.log
design_1_RNG_0_0_synth_1: C:/Users/sbast/Downloads/P1_2.0/P1/Proy1_SEP/Proy1_SEP.runs/design_1_RNG_0_0_synth_1/runme.log
design_1_Btn_Debouncer_0_0_synth_1: C:/Users/sbast/Downloads/P1_2.0/P1/Proy1_SEP/Proy1_SEP.runs/design_1_Btn_Debouncer_0_0_synth_1/runme.log
design_1_simon_says_0_0_synth_1: C:/Users/sbast/Downloads/P1_2.0/P1/Proy1_SEP/Proy1_SEP.runs/design_1_simon_says_0_0_synth_1/runme.log
synth_1: C:/Users/sbast/Downloads/P1_2.0/P1/Proy1_SEP/Proy1_SEP.runs/synth_1/runme.log
[Wed Sep 23 12:39:11 2026] Launched impl_1...
Run output will be captured here: C:/Users/sbast/Downloads/P1_2.0/P1/Proy1_SEP/Proy1_SEP.runs/impl_1/runme.log
launch_runs: Time (s): cpu = 00:00:08 ; elapsed = 00:00:17 . Memory (MB): peak = 1403.254 ; gain = 0.000
reset_run synth_1
reset_run design_1_Sequence_Memory_0_1_synth_1
WARNING: [Vivado 12-1017] Problems encountered:
1. Failed to delete one or more files in run directory C:/Users/sbast/Downloads/P1_2.0/P1/Proy1_SEP/Proy1_SEP.runs/design_1_Sequence_Memory_0_1_synth_1

reset_run design_1_Mult2_0_0_synth_1
WARNING: [Vivado 12-1017] Problems encountered:
1. Failed to delete one or more files in run directory C:/Users/sbast/Downloads/P1_2.0/P1/Proy1_SEP/Proy1_SEP.runs/design_1_Mult2_0_0_synth_1

reset_run design_1_StateMachine_P1_0_0_synth_1
WARNING: [Vivado 12-1017] Problems encountered:
1. Failed to delete one or more files in run directory C:/Users/sbast/Downloads/P1_2.0/P1/Proy1_SEP/Proy1_SEP.runs/design_1_StateMachine_P1_0_0_synth_1

reset_run design_1_RNG_0_0_synth_1
WARNING: [Vivado 12-1017] Problems encountered:
1. Failed to delete one or more files in run directory C:/Users/sbast/Downloads/P1_2.0/P1/Proy1_SEP/Proy1_SEP.runs/design_1_RNG_0_0_synth_1

reset_run design_1_Btn_Debouncer_0_0_synth_1
WARNING: [Vivado 12-1017] Problems encountered:
1. Failed to delete one or more files in run directory C:/Users/sbast/Downloads/P1_2.0/P1/Proy1_SEP/Proy1_SEP.runs/design_1_Btn_Debouncer_0_0_synth_1

reset_run design_1_simon_says_0_0_synth_1
WARNING: [Vivado 12-1017] Problems encountered:
1. Failed to delete one or more files in run directory C:/Users/sbast/Downloads/P1_2.0/P1/Proy1_SEP/Proy1_SEP.runs/design_1_simon_says_0_0_synth_1

open_bd_design {C:/Users/sbast/Downloads/P1_2.0/P1/Proy1_SEP/Proy1_SEP.srcs/sources_1/bd/design_1/design_1.bd}
make_wrapper -files [get_files C:/Users/sbast/Downloads/P1_2.0/P1/Proy1_SEP/Proy1_SEP.srcs/sources_1/bd/design_1/design_1.bd] -top
add_files -norecurse C:/Users/sbast/Downloads/P1_2.0/P1/Proy1_SEP/Proy1_SEP.srcs/sources_1/bd/design_1/hdl/design_1_wrapper.vhd
launch_runs impl_1 -to_step write_bitstream -jobs 12
[Wed Sep 23 12:40:59 2026] Launched design_1_Sequence_Memory_0_1_synth_1, design_1_Mult2_0_0_synth_1, design_1_StateMachine_P1_0_0_synth_1, design_1_RNG_0_0_synth_1, design_1_Btn_Debouncer_0_0_synth_1, design_1_simon_says_0_0_synth_1, synth_1...
Run output will be captured here:
design_1_Sequence_Memory_0_1_synth_1: C:/Users/sbast/Downloads/P1_2.0/P1/Proy1_SEP/Proy1_SEP.runs/design_1_Sequence_Memory_0_1_synth_1/runme.log
design_1_Mult2_0_0_synth_1: C:/Users/sbast/Downloads/P1_2.0/P1/Proy1_SEP/Proy1_SEP.runs/design_1_Mult2_0_0_synth_1/runme.log
design_1_StateMachine_P1_0_0_synth_1: C:/Users/sbast/Downloads/P1_2.0/P1/Proy1_SEP/Proy1_SEP.runs/design_1_StateMachine_P1_0_0_synth_1/runme.log
design_1_RNG_0_0_synth_1: C:/Users/sbast/Downloads/P1_2.0/P1/Proy1_SEP/Proy1_SEP.runs/design_1_RNG_0_0_synth_1/runme.log
design_1_Btn_Debouncer_0_0_synth_1: C:/Users/sbast/Downloads/P1_2.0/P1/Proy1_SEP/Proy1_SEP.runs/design_1_Btn_Debouncer_0_0_synth_1/runme.log
design_1_simon_says_0_0_synth_1: C:/Users/sbast/Downloads/P1_2.0/P1/Proy1_SEP/Proy1_SEP.runs/design_1_simon_says_0_0_synth_1/runme.log
synth_1: C:/Users/sbast/Downloads/P1_2.0/P1/Proy1_SEP/Proy1_SEP.runs/synth_1/runme.log
[Wed Sep 23 12:40:59 2026] Launched impl_1...
Run output will be captured here: C:/Users/sbast/Downloads/P1_2.0/P1/Proy1_SEP/Proy1_SEP.runs/impl_1/runme.log
open_bd_design {C:/Users/sbast/Downloads/P1_2.0/P1/Proy1_SEP/Proy1_SEP.srcs/sources_1/bd/design_1/design_1.bd}
ipx::edit_ip_in_project -upgrade true -name RNG_v1_0_project -directory C:/Users/sbast/Downloads/P1_2.0/P1/Proy1_SEP/Proy1_SEP.tmp/RNG_v1_0_project c:/Users/sbast/Downloads/P1_2.0/P1/IPCORES_P1/RNG/RNG.srcs/sources_1/new/component.xml
INFO: [IP_Flow 19-234] Refreshing IP repositories
INFO: [IP_Flow 19-1704] No user IP repositories specified
INFO: [IP_Flow 19-2313] Loaded Vivado IP repository 'C:/Xilinx/Vivado/2020.1/data/ip'.
create_project: Time (s): cpu = 00:00:05 ; elapsed = 00:00:05 . Memory (MB): peak = 1419.086 ; gain = 8.098
INFO: [IP_Flow 19-234] Refreshing IP repositories
INFO: [IP_Flow 19-1700] Loaded user IP repository 'c:/Users/sbast/Downloads/P1_2.0/P1/IPCORES_P1'.
INFO: [IP_Flow 19-795] Syncing license key meta-data
ipx::edit_ip_in_project: Time (s): cpu = 00:00:06 ; elapsed = 00:00:07 . Memory (MB): peak = 1430.598 ; gain = 19.609
update_compile_order -fileset sources_1
ipx::merge_project_changes hdl_parameters [ipx::current_core]
WARNING: [IP_Flow 19-5226] Project source file 'c:/Users/sbast/Downloads/P1_2.0/P1/IPCORES_P1/RNG/RNG.srcs/sources_1/new/component.xml' ignored by IP packager.
set_property core_revision 8 [ipx::current_core]
ipx::update_source_project_archive -component [ipx::current_core]
ipx::create_xgui_files [ipx::current_core]
ipx::update_checksums [ipx::current_core]
ipx::save_core [ipx::current_core]
ipx::move_temp_component_back -component [ipx::current_core]
close_project -delete
update_ip_catalog -rebuild -repo_path c:/Users/sbast/Downloads/P1_2.0/P1/IPCORES_P1
INFO: [IP_Flow 19-725] Reloaded user IP repository 'c:/Users/sbast/Downloads/P1_2.0/P1/IPCORES_P1'
current_project Proy1_SEP
update_ip_catalog -rebuild -scan_changes
INFO: [IP_Flow 19-234] Refreshing IP repositories
INFO: [IP_Flow 19-1700] Loaded user IP repository 'c:/Users/sbast/Downloads/P1_2.0/P1/IPCORES_P1'.
report_ip_status -name ip_status
current_project StateMachine_P1_v1_0_project
current_project Proy1_SEP
upgrade_ip -vlnv xilinx.com:user:RNG:1.0 [get_ips  design_1_RNG_0_0] -log ip_upgrade.log
Upgrading 'C:/Users/sbast/Downloads/P1_2.0/P1/Proy1_SEP/Proy1_SEP.srcs/sources_1/bd/design_1/design_1.bd'
INFO: [IP_Flow 19-3422] Upgraded design_1_RNG_0_0 (RNG_v1_0 1.0) from revision 7 to revision 8
Wrote  : <C:\Users\sbast\Downloads\P1_2.0\P1\Proy1_SEP\Proy1_SEP.srcs\sources_1\bd\design_1\design_1.bd> 
Wrote  : <C:/Users/sbast/Downloads/P1_2.0/P1/Proy1_SEP/Proy1_SEP.srcs/sources_1/bd/design_1/ui/bd_1f5defd0.ui> 
INFO: [Coretcl 2-1525] Wrote upgrade log to 'C:/Users/sbast/Downloads/P1_2.0/P1/Proy1_SEP/ip_upgrade.log'.
export_ip_user_files -of_objects [get_ips design_1_RNG_0_0] -no_script -sync -force -quiet
generate_target all [get_files  C:/Users/sbast/Downloads/P1_2.0/P1/Proy1_SEP/Proy1_SEP.srcs/sources_1/bd/design_1/design_1.bd]
Wrote  : <C:\Users\sbast\Downloads\P1_2.0\P1\Proy1_SEP\Proy1_SEP.srcs\sources_1\bd\design_1\design_1.bd> 
VHDL Output written to : C:/Users/sbast/Downloads/P1_2.0/P1/Proy1_SEP/Proy1_SEP.srcs/sources_1/bd/design_1/synth/design_1.vhd
VHDL Output written to : C:/Users/sbast/Downloads/P1_2.0/P1/Proy1_SEP/Proy1_SEP.srcs/sources_1/bd/design_1/sim/design_1.vhd
VHDL Output written to : C:/Users/sbast/Downloads/P1_2.0/P1/Proy1_SEP/Proy1_SEP.srcs/sources_1/bd/design_1/hdl/design_1_wrapper.vhd
INFO: [BD 41-1029] Generation completed for the IP Integrator block RNG_0 .
Exporting to file C:/Users/sbast/Downloads/P1_2.0/P1/Proy1_SEP/Proy1_SEP.srcs/sources_1/bd/design_1/hw_handoff/design_1.hwh
Generated Block Design Tcl file C:/Users/sbast/Downloads/P1_2.0/P1/Proy1_SEP/Proy1_SEP.srcs/sources_1/bd/design_1/hw_handoff/design_1_bd.tcl
Generated Hardware Definition File C:/Users/sbast/Downloads/P1_2.0/P1/Proy1_SEP/Proy1_SEP.srcs/sources_1/bd/design_1/synth/design_1.hwdef
catch { config_ip_cache -export [get_ips -all design_1_RNG_0_0] }
export_ip_user_files -of_objects [get_files C:/Users/sbast/Downloads/P1_2.0/P1/Proy1_SEP/Proy1_SEP.srcs/sources_1/bd/design_1/design_1.bd] -no_script -sync -force -quiet
create_ip_run [get_files -of_objects [get_fileset sources_1] C:/Users/sbast/Downloads/P1_2.0/P1/Proy1_SEP/Proy1_SEP.srcs/sources_1/bd/design_1/design_1.bd]
launch_runs design_1_RNG_0_0_synth_1 -jobs 12
[Wed Sep 23 12:47:21 2026] Launched design_1_RNG_0_0_synth_1...
Run output will be captured here: C:/Users/sbast/Downloads/P1_2.0/P1/Proy1_SEP/Proy1_SEP.runs/design_1_RNG_0_0_synth_1/runme.log
export_simulation -of_objects [get_files C:/Users/sbast/Downloads/P1_2.0/P1/Proy1_SEP/Proy1_SEP.srcs/sources_1/bd/design_1/design_1.bd] -directory C:/Users/sbast/Downloads/P1_2.0/P1/Proy1_SEP/Proy1_SEP.ip_user_files/sim_scripts -ip_user_files_dir C:/Users/sbast/Downloads/P1_2.0/P1/Proy1_SEP/Proy1_SEP.ip_user_files -ipstatic_source_dir C:/Users/sbast/Downloads/P1_2.0/P1/Proy1_SEP/Proy1_SEP.ip_user_files/ipstatic -lib_map_path [list {modelsim=C:/Users/sbast/Downloads/P1_2.0/P1/Proy1_SEP/Proy1_SEP.cache/compile_simlib/modelsim} {questa=C:/Users/sbast/Downloads/P1_2.0/P1/Proy1_SEP/Proy1_SEP.cache/compile_simlib/questa} {riviera=C:/Users/sbast/Downloads/P1_2.0/P1/Proy1_SEP/Proy1_SEP.cache/compile_simlib/riviera} {activehdl=C:/Users/sbast/Downloads/P1_2.0/P1/Proy1_SEP/Proy1_SEP.cache/compile_simlib/activehdl}] -use_ip_compiled_libs -force -quiet
report_ip_status -name ip_status 
reset_run synth_1
launch_runs impl_1 -to_step write_bitstream -jobs 12
[Wed Sep 23 12:47:40 2026] Launched design_1_RNG_0_0_synth_1, synth_1...
Run output will be captured here:
design_1_RNG_0_0_synth_1: C:/Users/sbast/Downloads/P1_2.0/P1/Proy1_SEP/Proy1_SEP.runs/design_1_RNG_0_0_synth_1/runme.log
synth_1: C:/Users/sbast/Downloads/P1_2.0/P1/Proy1_SEP/Proy1_SEP.runs/synth_1/runme.log
[Wed Sep 23 12:47:40 2026] Launched impl_1...
Run output will be captured here: C:/Users/sbast/Downloads/P1_2.0/P1/Proy1_SEP/Proy1_SEP.runs/impl_1/runme.log
delete_bd_objs [get_bd_nets rst_0_1] [get_bd_ports rst]
ipx::edit_ip_in_project -upgrade true -name Sequence_Memory_v1_0_project -directory C:/Users/sbast/Downloads/P1_2.0/P1/Proy1_SEP/Proy1_SEP.tmp/Sequence_Memory_v1_0_project c:/Users/sbast/Downloads/P1_2.0/P1/IPCORES_P1/Sequence_Memory/Sequence_Memory.srcs/sources_1/new/component.xml
INFO: [ProjectBase 1-489] The host OS only allows 260 characters in a normal path. The project is stored in a path with more than 80 characters. If you experience issues with IP, Block Designs, or files not being found, please consider moving the project to a location with a shorter path. Alternately consider using the OS subst command to map part of the path to a drive letter.
Current project path is 'c:/users/sbast/downloads/p1_2.0/p1/proy1_sep/proy1_sep.tmp/sequence_memory_v1_0_project'
INFO: [IP_Flow 19-234] Refreshing IP repositories
INFO: [IP_Flow 19-1704] No user IP repositories specified
INFO: [IP_Flow 19-2313] Loaded Vivado IP repository 'C:/Xilinx/Vivado/2020.1/data/ip'.
INFO: [IP_Flow 19-234] Refreshing IP repositories
INFO: [IP_Flow 19-1700] Loaded user IP repository 'c:/Users/sbast/Downloads/P1_2.0/P1/IPCORES_P1'.
INFO: [IP_Flow 19-795] Syncing license key meta-data
ipx::edit_ip_in_project: Time (s): cpu = 00:00:05 ; elapsed = 00:00:05 . Memory (MB): peak = 2218.066 ; gain = 0.000
update_compile_order -fileset sources_1
current_project Proy1_SEP
current_project Sequence_Memory_v1_0_project
update_compile_order -fileset sources_1
update_compile_order -fileset sources_1
ipx::merge_project_changes hdl_parameters [ipx::current_core]
WARNING: [IP_Flow 19-5226] Project source file 'c:/Users/sbast/Downloads/P1_2.0/P1/IPCORES_P1/Sequence_Memory/Sequence_Memory.srcs/sources_1/new/component.xml' ignored by IP packager.
