#-----------------------------------------------------------
# Vivado v2020.1 (64-bit)
# SW Build 2902540 on Wed May 27 19:54:49 MDT 2020
# IP Build 2902112 on Wed May 27 22:43:36 MDT 2020
# Start of session at: Tue Oct  6 15:13:56 2026
# Process ID: 26596
# Current directory: C:/Users/Lorenzo/Documents/Proyecto1-main/Proy1_SEP
# Command line: vivado.exe -gui_launcher_event rodinguilauncherevent19032 C:\Users\Lorenzo\Documents\Proyecto1-main\Proy1_SEP\Proy1_SEP.xpr
# Log file: C:/Users/Lorenzo/Documents/Proyecto1-main/Proy1_SEP/vivado.log
# Journal file: C:/Users/Lorenzo/Documents/Proyecto1-main/Proy1_SEP\vivado.jou
#-----------------------------------------------------------
start_gui
open_project C:/Users/Lorenzo/Documents/Proyecto1-main/Proy1_SEP/Proy1_SEP.xpr
INFO: [Project 1-313] Project file moved from 'C:/Users/Lorenzo/OneDrive/Documentos/PRO_SEP/Proyecto1-main/Proy1_SEP' since last save.
CRITICAL WARNING: [Project 1-311] Could not find the file 'C:/Users/Lorenzo/Documents/Proyecto1-main/IPCORES_P1/component.xml', nor could it be found using path 'C:/Users/Lorenzo/OneDrive/Documentos/PRO_SEP/Proyecto1-main/IPCORES_P1/component.xml'.
Scanning sources...
Finished scanning sources
INFO: [IP_Flow 19-234] Refreshing IP repositories
WARNING: [IP_Flow 19-3685] Ignored loading user repository 'c:/Users/Lorenzo/Documents/Proyecto1-main/ip_repo/RGB_Driver_1.0'. The path is contained within another repository.
INFO: [IP_Flow 19-1700] Loaded user IP repository 'c:/Users/Lorenzo/Documents/Proyecto1-main/IPCORES_P1'.
INFO: [IP_Flow 19-1700] Loaded user IP repository 'c:/Users/Lorenzo/Documents/Proyecto1-main/ip_repo'.
INFO: [IP_Flow 19-2313] Loaded Vivado IP repository 'C:/Xilinx/Vivado/2020.1/data/ip'.
open_project: Time (s): cpu = 00:00:24 ; elapsed = 00:00:11 . Memory (MB): peak = 1061.758 ; gain = 0.000
update_compile_order -fileset sources_1
open_bd_design {C:/Users/Lorenzo/Documents/Proyecto1-main/Proy1_SEP/Proy1_SEP.srcs/sources_1/bd/design_1/design_1.bd}
Adding component instance block -- xilinx.com:user:Btn_Debouncer:1.0 - Btn_Debouncer_0
Adding component instance block -- xilinx.com:ip:vio:3.0 - vio_0
Adding component instance block -- xilinx.com:ip:ila:6.2 - ila_0
INFO: [xilinx.com:ip:ila:6.2-6] /ila_0: Xilinx recommends using the System ILA IP in IP Integrator. The System ILA IP is functionally equivalent to an ILA and offers additional benefits in debugging interfaces both within IP Integrator and the Hardware Manager. Consult the Programming and Debug User Guide UG908 for further details.
Adding component instance block -- xilinx.com:user:MUX_VIO:1.0 - MUX_VIO_0
Adding component instance block -- xilinx.com:ip:axi_traffic_gen:3.0 - axi_traffic_gen_0
Adding component instance block -- xilinx.com:user:StateMachine_P1:1.0 - StateMachine_P1_0
Adding component instance block -- xilinx.com:user:Mult2_inputs:1.0 - Mult2_inputs_0
Adding component instance block -- xilinx.com:ip:proc_sys_reset:5.0 - rst_clk_100M
Adding component instance block -- xilinx.com:user:simon_v3:1.0 - simon_v3_0
Adding component instance block -- xilinx.com:user:juegoswitches:1.0 - juegoswitches_0
Adding component instance block -- xilinx.com:user:Sequence_Memory:1.0 - Sequence_Memory_0
Adding component instance block -- xilinx.com:user:RGB_Driver:1.0 - RGB_Driver_0
WARNING: [BD 41-1731] Type mismatch between connected pins: /simon_v3_0/back_to_menu(undef) and /StateMachine_P1_0/reset_game(rst)
Successfully read diagram <design_1> from BD file <C:/Users/Lorenzo/Documents/Proyecto1-main/Proy1_SEP/Proy1_SEP.srcs/sources_1/bd/design_1/design_1.bd>
open_bd_design: Time (s): cpu = 00:00:16 ; elapsed = 00:00:11 . Memory (MB): peak = 1198.535 ; gain = 52.340
generate_target all [get_files  C:/Users/Lorenzo/Documents/Proyecto1-main/Proy1_SEP/Proy1_SEP.srcs/sources_1/bd/design_1/design_1.bd]
INFO: [BD 41-1662] The design 'design_1.bd' is already validated. Therefore parameter propagation will not be re-run.
CRITICAL WARNING: [BD 41-759] The input pins (listed below) are either not connected or do not have a source port, and they don't have a tie-off specified. These pins are tied-off to all 0's to avoid error in Implementation flow.
Please check your design and connect them as needed: 
/rst_clk_100M/ext_reset_in

Wrote  : <C:\Users\Lorenzo\Documents\Proyecto1-main\Proy1_SEP\Proy1_SEP.srcs\sources_1\bd\design_1\design_1.bd> 
ERROR: [Common 17-1293] The path 'C:/Users/Lorenzo/Documents/Proyecto1-main/Proy1_SEP/Proy1_SEP.srcs/sources_1/bd/design_1/synth' already exists, is a directory, but is not writable.
