
*** Running vivado
    with args -log design_1_Sequence_Memory_0_1.vds -m64 -product Vivado -mode batch -messageDb vivado.pb -notrace -source design_1_Sequence_Memory_0_1.tcl



****** Vivado v2020.1 (64-bit)
  **** SW Build 2902540 on Wed May 27 19:54:49 MDT 2020
  **** IP Build 2902112 on Wed May 27 22:43:36 MDT 2020
    ** Copyright 1986-2020 Xilinx, Inc. All Rights Reserved.

source design_1_Sequence_Memory_0_1.tcl -notrace
INFO: [IP_Flow 19-234] Refreshing IP repositories
INFO: [IP_Flow 19-1700] Loaded user IP repository 'c:/Users/sbast/Desktop/P1_2.0/P1/IPCORES_P1'.
INFO: [IP_Flow 19-2313] Loaded Vivado IP repository 'C:/Xilinx/Vivado/2020.1/data/ip'.
Command: synth_design -top design_1_Sequence_Memory_0_1 -part xc7z010clg400-1 -mode out_of_context
Starting synth_design
Attempting to get a license for feature 'Synthesis' and/or device 'xc7z010'
INFO: [Common 17-349] Got license for feature 'Synthesis' and/or device 'xc7z010'
INFO: [Synth 8-7079] Multithreading enabled for synth_design using a maximum of 2 processes.
INFO: [Synth 8-7078] Launching helper process for spawning children vivado processes
INFO: [Synth 8-7075] Helper process launched with PID 7612
---------------------------------------------------------------------------------
Starting Synthesize : Time (s): cpu = 00:00:04 ; elapsed = 00:00:04 . Memory (MB): peak = 1068.988 ; gain = 0.000
---------------------------------------------------------------------------------
INFO: [Synth 8-638] synthesizing module 'design_1_Sequence_Memory_0_1' [c:/Users/sbast/Desktop/P1_2.0/P1/Proy1_SEP/Proy1_SEP.srcs/sources_1/bd/design_1/ip/design_1_Sequence_Memory_0_1/synth/design_1_Sequence_Memory_0_1.vhd:66]
	Parameter MEM_LEN bound to: 32 - type: integer 
INFO: [Synth 8-3491] module 'Sequence_Memory' declared at 'c:/Users/sbast/Desktop/P1_2.0/P1/Proy1_SEP/Proy1_SEP.srcs/sources_1/bd/design_1/ipshared/ccfa/Sequence_Memory.vhd:6' bound to instance 'U0' of component 'Sequence_Memory' [c:/Users/sbast/Desktop/P1_2.0/P1/Proy1_SEP/Proy1_SEP.srcs/sources_1/bd/design_1/ip/design_1_Sequence_Memory_0_1/synth/design_1_Sequence_Memory_0_1.vhd:94]
INFO: [Synth 8-638] synthesizing module 'Sequence_Memory' [c:/Users/sbast/Desktop/P1_2.0/P1/Proy1_SEP/Proy1_SEP.srcs/sources_1/bd/design_1/ipshared/ccfa/Sequence_Memory.vhd:16]
	Parameter MEM_LEN bound to: 32 - type: integer 
INFO: [Synth 8-256] done synthesizing module 'Sequence_Memory' (1#1) [c:/Users/sbast/Desktop/P1_2.0/P1/Proy1_SEP/Proy1_SEP.srcs/sources_1/bd/design_1/ipshared/ccfa/Sequence_Memory.vhd:16]
INFO: [Synth 8-256] done synthesizing module 'design_1_Sequence_Memory_0_1' (2#1) [c:/Users/sbast/Desktop/P1_2.0/P1/Proy1_SEP/Proy1_SEP.srcs/sources_1/bd/design_1/ip/design_1_Sequence_Memory_0_1/synth/design_1_Sequence_Memory_0_1.vhd:66]
---------------------------------------------------------------------------------
Finished Synthesize : Time (s): cpu = 00:00:05 ; elapsed = 00:00:05 . Memory (MB): peak = 1068.988 ; gain = 0.000
---------------------------------------------------------------------------------
---------------------------------------------------------------------------------
Finished Constraint Validation : Time (s): cpu = 00:00:05 ; elapsed = 00:00:05 . Memory (MB): peak = 1068.988 ; gain = 0.000
---------------------------------------------------------------------------------
---------------------------------------------------------------------------------
Start Loading Part and Timing Information
---------------------------------------------------------------------------------
Loading part: xc7z010clg400-1
---------------------------------------------------------------------------------
Finished Loading Part and Timing Information : Time (s): cpu = 00:00:05 ; elapsed = 00:00:05 . Memory (MB): peak = 1068.988 ; gain = 0.000
---------------------------------------------------------------------------------
INFO: [Device 21-403] Loading part xc7z010clg400-1
---------------------------------------------------------------------------------
Finished RTL Optimization Phase 2 : Time (s): cpu = 00:00:05 ; elapsed = 00:00:06 . Memory (MB): peak = 1068.988 ; gain = 0.000
---------------------------------------------------------------------------------
No constraint files found.
---------------------------------------------------------------------------------
Start RTL Component Statistics 
---------------------------------------------------------------------------------
Detailed RTL Component Info : 
+---Registers : 
	                4 Bit    Registers := 1     
+---RAMs : 
	               64 Bit	(32 X 2 bit)          RAMs := 1     
+---Muxes : 
	   4 Input    4 Bit        Muxes := 1     
---------------------------------------------------------------------------------
Finished RTL Component Statistics 
---------------------------------------------------------------------------------
---------------------------------------------------------------------------------
Start Part Resource Summary
---------------------------------------------------------------------------------

*** Running vivado
    with args -log design_1_Sequence_Memory_0_1.vds -m64 -product Vivado -mode batch -messageDb vivado.pb -notrace -source design_1_Sequence_Memory_0_1.tcl



****** Vivado v2020.1 (64-bit)
  **** SW Build 2902540 on Wed May 27 19:54:49 MDT 2020
  **** IP Build 2902112 on Wed May 27 22:43:36 MDT 2020
    ** Copyright 1986-2020 Xilinx, Inc. All Rights Reserved.

source design_1_Sequence_Memory_0_1.tcl -notrace
INFO: [IP_Flow 19-234] Refreshing IP repositories
INFO: [IP_Flow 19-1700] Loaded user IP repository 'c:/Users/sbast/Desktop/P1_2.0/P1/IPCORES_P1'.
INFO: [IP_Flow 19-2313] Loaded Vivado IP repository 'C:/Xilinx/Vivado/2020.1/data/ip'.
Command: synth_design -top design_1_Sequence_Memory_0_1 -part xc7z010clg400-1 -mode out_of_context
Starting synth_design
Attempting to get a license for feature 'Synthesis' and/or device 'xc7z010'
INFO: [Common 17-349] Got license for feature 'Synthesis' and/or device 'xc7z010'
INFO: [Synth 8-7079] Multithreading enabled for synth_design using a maximum of 2 processes.
INFO: [Synth 8-7078] Launching helper process for spawning children vivado processes
INFO: [Synth 8-7075] Helper process launched with PID 17332
---------------------------------------------------------------------------------
Starting Synthesize : Time (s): cpu = 00:00:04 ; elapsed = 00:00:04 . Memory (MB): peak = 1074.711 ; gain = 0.000
---------------------------------------------------------------------------------
INFO: [Synth 8-638] synthesizing module 'design_1_Sequence_Memory_0_1' [c:/Users/sbast/Desktop/P1_2.0/P1/Proy1_SEP/Proy1_SEP.srcs/sources_1/bd/design_1/ip/design_1_Sequence_Memory_0_1/synth/design_1_Sequence_Memory_0_1.vhd:66]
	Parameter MEM_LEN bound to: 32 - type: integer 
INFO: [Synth 8-3491] module 'Sequence_Memory' declared at 'c:/Users/sbast/Desktop/P1_2.0/P1/Proy1_SEP/Proy1_SEP.srcs/sources_1/bd/design_1/ipshared/ccfa/Sequence_Memory.vhd:6' bound to instance 'U0' of component 'Sequence_Memory' [c:/Users/sbast/Desktop/P1_2.0/P1/Proy1_SEP/Proy1_SEP.srcs/sources_1/bd/design_1/ip/design_1_Sequence_Memory_0_1/synth/design_1_Sequence_Memory_0_1.vhd:94]
INFO: [Synth 8-638] synthesizing module 'Sequence_Memory' [c:/Users/sbast/Desktop/P1_2.0/P1/Proy1_SEP/Proy1_SEP.srcs/sources_1/bd/design_1/ipshared/ccfa/Sequence_Memory.vhd:16]
	Parameter MEM_LEN bound to: 32 - type: integer 
INFO: [Synth 8-256] done synthesizing module 'Sequence_Memory' (1#1) [c:/Users/sbast/Desktop/P1_2.0/P1/Proy1_SEP/Proy1_SEP.srcs/sources_1/bd/design_1/ipshared/ccfa/Sequence_Memory.vhd:16]
INFO: [Synth 8-256] done synthesizing module 'design_1_Sequence_Memory_0_1' (2#1) [c:/Users/sbast/Desktop/P1_2.0/P1/Proy1_SEP/Proy1_SEP.srcs/sources_1/bd/design_1/ip/design_1_Sequence_Memory_0_1/synth/design_1_Sequence_Memory_0_1.vhd:66]
---------------------------------------------------------------------------------
Finished Synthesize : Time (s): cpu = 00:00:04 ; elapsed = 00:00:04 . Memory (MB): peak = 1074.711 ; gain = 0.000
---------------------------------------------------------------------------------
---------------------------------------------------------------------------------
Finished Constraint Validation : Time (s): cpu = 00:00:05 ; elapsed = 00:00:05 . Memory (MB): peak = 1074.711 ; gain = 0.000
---------------------------------------------------------------------------------
---------------------------------------------------------------------------------
Start Loading Part and Timing Information
---------------------------------------------------------------------------------
Loading part: xc7z010clg400-1
---------------------------------------------------------------------------------
Finished Loading Part and Timing Information : Time (s): cpu = 00:00:05 ; elapsed = 00:00:05 . Memory (MB): peak = 1074.711 ; gain = 0.000
---------------------------------------------------------------------------------
INFO: [Device 21-403] Loading part xc7z010clg400-1
---------------------------------------------------------------------------------
Finished RTL Optimization Phase 2 : Time (s): cpu = 00:00:05 ; elapsed = 00:00:05 . Memory (MB): peak = 1074.711 ; gain = 0.000
---------------------------------------------------------------------------------
No constraint files found.
---------------------------------------------------------------------------------
Start RTL Component Statistics 
---------------------------------------------------------------------------------
Detailed RTL Component Info : 
+---Registers : 
	                4 Bit    Registers := 1     
+---RAMs : 
	               64 Bit	(32 X 2 bit)          RAMs := 1     
+---Muxes : 
	   4 Input    4 Bit        Muxes := 1     
---------------------------------------------------------------------------------
Finished RTL Component Statistics 
---------------------------------------------------------------------------------
---------------------------------------------------------------------------------
Start Part Resource Summary
---------------------------------------------------------------------------------
Part Resources:
DSPs: 80 (col length:40)
BRAMs: 120 (col length: RAMB18 40 RAMB36 20)
---------------------------------------------------------------------------------
Finished Part Resource Summary
---------------------------------------------------------------------------------
No constraint files found.
---------------------------------------------------------------------------------
Start Cross Boundary and Area Optimization
---------------------------------------------------------------------------------
---------------------------------------------------------------------------------
Finished Cross Boundary and Area Optimization : Time (s): cpu = 00:00:08 ; elapsed = 00:00:09 . Memory (MB): peak = 1074.711 ; gain = 0.000
---------------------------------------------------------------------------------
---------------------------------------------------------------------------------
Start ROM, RAM, DSP and Shift Register Reporting
---------------------------------------------------------------------------------

Distributed RAM: Preliminary Mapping	Report (see note below)
+-----------------------------+----------------+-----------+----------------------+---------------+
|Module Name                  | RTL Object     | Inference | Size (Depth x Width) | Primitives    | 
+-----------------------------+----------------+-----------+----------------------+---------------+
|design_1_Sequence_Memory_0_1 | U0/seq_mem_reg | Implied   | 32 x 2               | RAM32X1S x 2	 | 
+-----------------------------+----------------+-----------+----------------------+---------------+

Note: The table above is a preliminary report that shows the Distributed RAMs at the current stage of the synthesis flow. Some Distributed RAMs may be reimplemented as non Distributed RAM primitives later in the synthesis flow. Multiple instantiated RAMs are reported only once.
---------------------------------------------------------------------------------
Finished ROM, RAM, DSP and Shift Register Reporting
---------------------------------------------------------------------------------
No constraint files found.
---------------------------------------------------------------------------------
Start Timing Optimization
---------------------------------------------------------------------------------
---------------------------------------------------------------------------------
Finished Timing Optimization : Time (s): cpu = 00:00:08 ; elapsed = 00:00:09 . Memory (MB): peak = 1074.711 ; gain = 0.000
---------------------------------------------------------------------------------
---------------------------------------------------------------------------------
Start ROM, RAM, DSP and Shift Register Reporting
---------------------------------------------------------------------------------

Distributed RAM: Final Mapping	Report
+-----------------------------+----------------+-----------+----------------------+---------------+
|Module Name                  | RTL Object     | Inference | Size (Depth x Width) | Primitives    | 
+-----------------------------+----------------+-----------+----------------------+---------------+
|design_1_Sequence_Memory_0_1 | U0/seq_mem_reg | Implied   | 32 x 2               | RAM32X1S x 2	 | 
+-----------------------------+----------------+-----------+----------------------+---------------+

---------------------------------------------------------------------------------
Finished ROM, RAM, DSP and Shift Register Reporting
---------------------------------------------------------------------------------
---------------------------------------------------------------------------------
Start Technology Mapping
---------------------------------------------------------------------------------
---------------------------------------------------------------------------------
Finished Technology Mapping : Time (s): cpu = 00:00:08 ; elapsed = 00:00:09 . Memory (MB): peak = 1074.711 ; gain = 0.000
---------------------------------------------------------------------------------
---------------------------------------------------------------------------------
Start IO Insertion
---------------------------------------------------------------------------------
---------------------------------------------------------------------------------
Start Flattening Before IO Insertion
---------------------------------------------------------------------------------
---------------------------------------------------------------------------------
Finished Flattening Before IO Insertion
---------------------------------------------------------------------------------
---------------------------------------------------------------------------------
Start Final Netlist Cleanup
---------------------------------------------------------------------------------
---------------------------------------------------------------------------------
Finished Final Netlist Cleanup
---------------------------------------------------------------------------------
---------------------------------------------------------------------------------
Finished IO Insertion : Time (s): cpu = 00:00:10 ; elapsed = 00:00:11 . Memory (MB): peak = 1074.711 ; gain = 0.000
---------------------------------------------------------------------------------
---------------------------------------------------------------------------------
Start Renaming Generated Instances
---------------------------------------------------------------------------------
---------------------------------------------------------------------------------
Finished Renaming Generated Instances : Time (s): cpu = 00:00:10 ; elapsed = 00:00:11 . Memory (MB): peak = 1074.711 ; gain = 0.000
---------------------------------------------------------------------------------
---------------------------------------------------------------------------------
Start Rebuilding User Hierarchy
---------------------------------------------------------------------------------
---------------------------------------------------------------------------------
Finished Rebuilding User Hierarchy : Time (s): cpu = 00:00:10 ; elapsed = 00:00:11 . Memory (MB): peak = 1074.711 ; gain = 0.000
---------------------------------------------------------------------------------
---------------------------------------------------------------------------------
Start Renaming Generated Ports
---------------------------------------------------------------------------------
---------------------------------------------------------------------------------
Finished Renaming Generated Ports : Time (s): cpu = 00:00:10 ; elapsed = 00:00:11 . Memory (MB): peak = 1074.711 ; gain = 0.000
---------------------------------------------------------------------------------
---------------------------------------------------------------------------------
Start Handling Custom Attributes
---------------------------------------------------------------------------------
---------------------------------------------------------------------------------
Finished Handling Custom Attributes : Time (s): cpu = 00:00:10 ; elapsed = 00:00:11 . Memory (MB): peak = 1074.711 ; gain = 0.000
---------------------------------------------------------------------------------
---------------------------------------------------------------------------------
Start Renaming Generated Nets
---------------------------------------------------------------------------------
---------------------------------------------------------------------------------
Finished Renaming Generated Nets : Time (s): cpu = 00:00:10 ; elapsed = 00:00:11 . Memory (MB): peak = 1074.711 ; gain = 0.000
---------------------------------------------------------------------------------
---------------------------------------------------------------------------------
Start Writing Synthesis Report
---------------------------------------------------------------------------------

Report BlackBoxes: 
+-+--------------+----------+
| |BlackBox name |Instances |
+-+--------------+----------+
+-+--------------+----------+

Report Cell Usage: 
+------+---------+------+
|      |Cell     |Count |
+------+---------+------+
|1     |LUT1     |     1|
|2     |LUT2     |     4|
|3     |RAM32X1S |     2|
|4     |FDRE     |     4|
+------+---------+------+

Report Instance Areas: 
+------+---------+----------------+------+
|      |Instance |Module          |Cells |
+------+---------+----------------+------+
|1     |top      |                |    11|
|2     |  U0     |Sequence_Memory |    11|
+------+---------+----------------+------+
---------------------------------------------------------------------------------
Finished Writing Synthesis Report : Time (s): cpu = 00:00:10 ; elapsed = 00:00:11 . Memory (MB): peak = 1074.711 ; gain = 0.000
---------------------------------------------------------------------------------
Synthesis finished with 0 errors, 0 critical warnings and 0 warnings.
Synthesis Optimization Runtime : Time (s): cpu = 00:00:10 ; elapsed = 00:00:11 . Memory (MB): peak = 1074.711 ; gain = 0.000
Synthesis Optimization Complete : Time (s): cpu = 00:00:10 ; elapsed = 00:00:11 . Memory (MB): peak = 1074.711 ; gain = 0.000
INFO: [Project 1-571] Translating synthesized netlist
Netlist sorting complete. Time (s): cpu = 00:00:00 ; elapsed = 00:00:00 . Memory (MB): peak = 1074.711 ; gain = 0.000
INFO: [Netlist 29-17] Analyzing 2 Unisim elements for replacement
INFO: [Netlist 29-28] Unisim Transformation completed in 0 CPU seconds
INFO: [Project 1-570] Preparing netlist for logic optimization
INFO: [Opt 31-138] Pushed 0 inverter(s) to 0 load pin(s).
Netlist sorting complete. Time (s): cpu = 00:00:00 ; elapsed = 00:00:00 . Memory (MB): peak = 1085.094 ; gain = 0.000
INFO: [Project 1-111] Unisim Transformation Summary:
  A total of 2 instances were transformed.
  RAM32X1S => RAM32X1S (RAMS32): 2 instances

INFO: [Common 17-83] Releasing license: Synthesis
20 Infos, 0 Warnings, 0 Critical Warnings and 0 Errors encountered.
synth_design completed successfully
synth_design: Time (s): cpu = 00:00:13 ; elapsed = 00:00:15 . Memory (MB): peak = 1085.094 ; gain = 10.383
INFO: [Timing 38-35] Done setting XDC timing constraints.
INFO: [Common 17-1381] The checkpoint 'C:/Users/sbast/Desktop/P1_2.0/P1/Proy1_SEP/Proy1_SEP.runs/design_1_Sequence_Memory_0_1_synth_1/design_1_Sequence_Memory_0_1.dcp' has been generated.
write_checkpoint: Time (s): cpu = 00:00:07 ; elapsed = 00:00:07 . Memory (MB): peak = 1445.691 ; gain = 360.598
WARNING: [Common 17-576] 'use_project_ipc' is deprecated. This option is deprecated and no longer used.
INFO: [Coretcl 2-1648] Added synthesis output to IP cache for IP design_1_Sequence_Memory_0_1, cache-ID = 9fd2063662134748
WARNING: [Constraints 18-5210] No constraints selected for write.
Resolution: This message can indicate that there are no constraints for the design, or it can indicate that the used_in flags are set such that the constraints are ignored. This later case is used when running synth_design to not write synthesis constraints to the resulting checkpoint. Instead, project constraints are read when the synthesized design is opened.
INFO: [Common 17-1381] The checkpoint 'C:/Users/sbast/Desktop/P1_2.0/P1/Proy1_SEP/Proy1_SEP.runs/design_1_Sequence_Memory_0_1_synth_1/design_1_Sequence_Memory_0_1.dcp' has been generated.
INFO: [runtcl-4] Executing : report_utilization -file design_1_Sequence_Memory_0_1_utilization_synth.rpt -pb design_1_Sequence_Memory_0_1_utilization_synth.pb
INFO: [Common 17-206] Exiting Vivado at Wed Sep 23 13:10:54 2026...
