#-----------------------------------------------------------
# Vivado v2020.1 (64-bit)
# SW Build 2902540 on Wed May 27 19:54:49 MDT 2020
# IP Build 2902112 on Wed May 27 22:43:36 MDT 2020
# Start of session at: Tue Oct  6 09:02:09 2026
# Process ID: 11624
# Current directory: C:/Users/user/Documents/PV/Proyecto1-main/IPCORES_P1/simon_says
# Command line: vivado.exe -gui_launcher_event rodinguilauncherevent4584 C:\Users\user\Documents\PV\Proyecto1-main\IPCORES_P1\simon_says\simon_says.xpr
# Log file: C:/Users/user/Documents/PV/Proyecto1-main/IPCORES_P1/simon_says/vivado.log
# Journal file: C:/Users/user/Documents/PV/Proyecto1-main/IPCORES_P1/simon_says\vivado.jou
#-----------------------------------------------------------
start_gui
open_project C:/Users/user/Documents/PV/Proyecto1-main/IPCORES_P1/simon_says/simon_says.xpr
INFO: [Project 1-313] Project file moved from 'C:/Users/sbast/Desktop/PROYECTO01_SEP/Proyecto1/IPCORES_P1/simon_says' since last save.
Scanning sources...
Finished scanning sources
INFO: [IP_Flow 19-234] Refreshing IP repositories
INFO: [IP_Flow 19-1700] Loaded user IP repository 'c:/Users/user/Documents/PV/Proyecto1-main/IPCORES_P1/simon_says/simon_says.srcs/sources_1/new'.
INFO: [IP_Flow 19-2313] Loaded Vivado IP repository 'C:/Xilinx/Vivado/2020.1/data/ip'.
update_compile_order -fileset sources_1
ipx::open_ipxact_file C:/Users/user/Documents/PV/Proyecto1-main/IPCORES_P1/simon_says/simon_says.srcs/sources_1/new/component.xml
WARNING: [IP_Flow 19-5226] Project source file 'c:/Users/user/Documents/PV/Proyecto1-main/IPCORES_P1/simon_says/simon_says.srcs/sources_1/new/component.xml' ignored by IP packager.
WARNING: [IP_Flow 19-3898] File Group 'xilinx_anylanguagesynthesis (Synthesis)': File 'c:/Users/user/Documents/PV/Proyecto1-main/IPCORES_P1/simon_says/simon_says.srcs/sources_1/new/simon_v3.vhd' is not found in the project sources. It will be removed from the packaged IP when the sources are merged. If still required, please add this file to the project and re-package.
WARNING: [IP_Flow 19-3898] File Group 'xilinx_anylanguagebehavioralsimulation (Simulation)': File 'c:/Users/user/Documents/PV/Proyecto1-main/IPCORES_P1/simon_says/simon_says.srcs/sources_1/new/simon_v3.vhd' is not found in the project sources. It will be removed from the packaged IP when the sources are merged. If still required, please add this file to the project and re-package.
ipx::merge_project_changes ports [ipx::current_core]
WARNING: [IP_Flow 19-5226] Project source file 'c:/Users/user/Documents/PV/Proyecto1-main/IPCORES_P1/simon_says/simon_says.srcs/sources_1/new/component.xml' ignored by IP packager.
set_property core_revision 11 [ipx::current_core]
ipx::update_checksums [ipx::current_core]
ipx::save_core [ipx::current_core]
update_ip_catalog -rebuild -repo_path c:/Users/user/Documents/PV/Proyecto1-main/IPCORES_P1/simon_says/simon_says.srcs/sources_1/new
INFO: [IP_Flow 19-725] Reloaded user IP repository 'c:/Users/user/Documents/PV/Proyecto1-main/IPCORES_P1/simon_says/simon_says.srcs/sources_1/new'
ipx::merge_project_changes hdl_parameters [ipx::current_core]
WARNING: [IP_Flow 19-5226] Project source file 'c:/Users/user/Documents/PV/Proyecto1-main/IPCORES_P1/simon_says/simon_says.srcs/sources_1/new/component.xml' ignored by IP packager.
set_property core_revision 12 [ipx::current_core]
ipx::update_checksums [ipx::current_core]
ipx::save_core [ipx::current_core]
update_ip_catalog -rebuild -repo_path c:/Users/user/Documents/PV/Proyecto1-main/IPCORES_P1/simon_says/simon_says.srcs/sources_1/new
INFO: [IP_Flow 19-725] Reloaded user IP repository 'c:/Users/user/Documents/PV/Proyecto1-main/IPCORES_P1/simon_says/simon_says.srcs/sources_1/new'
set_property core_revision 13 [ipx::current_core]
ipx::update_checksums [ipx::current_core]
ipx::save_core [ipx::current_core]
update_ip_catalog -rebuild -repo_path c:/Users/user/Documents/PV/Proyecto1-main/IPCORES_P1/simon_says/simon_says.srcs/sources_1/new
INFO: [IP_Flow 19-725] Reloaded user IP repository 'c:/Users/user/Documents/PV/Proyecto1-main/IPCORES_P1/simon_says/simon_says.srcs/sources_1/new'
ipx::merge_project_changes hdl_parameters [ipx::current_core]
WARNING: [IP_Flow 19-5226] Project source file 'c:/Users/user/Documents/PV/Proyecto1-main/IPCORES_P1/simon_says/simon_says.srcs/sources_1/new/component.xml' ignored by IP packager.
set_property core_revision 14 [ipx::current_core]
ipx::update_checksums [ipx::current_core]
ipx::save_core [ipx::current_core]
update_ip_catalog -rebuild -repo_path c:/Users/user/Documents/PV/Proyecto1-main/IPCORES_P1/simon_says/simon_says.srcs/sources_1/new
INFO: [IP_Flow 19-725] Reloaded user IP repository 'c:/Users/user/Documents/PV/Proyecto1-main/IPCORES_P1/simon_says/simon_says.srcs/sources_1/new'
ipx::merge_project_changes hdl_parameters [ipx::current_core]
WARNING: [IP_Flow 19-5226] Project source file 'c:/Users/user/Documents/PV/Proyecto1-main/IPCORES_P1/simon_says/simon_says.srcs/sources_1/new/component.xml' ignored by IP packager.
set_property core_revision 15 [ipx::current_core]
ipx::update_checksums [ipx::current_core]
ipx::save_core [ipx::current_core]
update_ip_catalog -rebuild -repo_path c:/Users/user/Documents/PV/Proyecto1-main/IPCORES_P1/simon_says/simon_says.srcs/sources_1/new
INFO: [IP_Flow 19-725] Reloaded user IP repository 'c:/Users/user/Documents/PV/Proyecto1-main/IPCORES_P1/simon_says/simon_says.srcs/sources_1/new'
ipx::merge_project_changes hdl_parameters [ipx::current_core]
WARNING: [IP_Flow 19-5226] Project source file 'c:/Users/user/Documents/PV/Proyecto1-main/IPCORES_P1/simon_says/simon_says.srcs/sources_1/new/component.xml' ignored by IP packager.
set_property core_revision 16 [ipx::current_core]
ipx::update_checksums [ipx::current_core]
ipx::save_core [ipx::current_core]
update_ip_catalog -rebuild -repo_path c:/Users/user/Documents/PV/Proyecto1-main/IPCORES_P1/simon_says/simon_says.srcs/sources_1/new
INFO: [IP_Flow 19-725] Reloaded user IP repository 'c:/Users/user/Documents/PV/Proyecto1-main/IPCORES_P1/simon_says/simon_says.srcs/sources_1/new'
exit
INFO: [Common 17-206] Exiting Vivado at Tue Oct  6 10:26:02 2026...
