#-----------------------------------------------------------
# Vivado v2020.1 (64-bit)
# SW Build 2902540 on Wed May 27 19:54:49 MDT 2020
# IP Build 2902112 on Wed May 27 22:43:36 MDT 2020
# Start of session at: Mon Oct  5 21:52:54 2026
# Process ID: 24528
# Current directory: C:/Users/user/Documents/PV/Proyecto1-main/IPCORES_P1/simon_says
# Command line: vivado.exe -gui_launcher_event rodinguilauncherevent18372 C:\Users\user\Documents\PV\Proyecto1-main\IPCORES_P1\simon_says\simon_says.xpr
# Log file: C:/Users/user/Documents/PV/Proyecto1-main/IPCORES_P1/simon_says/vivado.log
# Journal file: C:/Users/user/Documents/PV/Proyecto1-main/IPCORES_P1/simon_says\vivado.jou
#-----------------------------------------------------------
start_gui
open_project C:/Users/user/Documents/PV/Proyecto1-main/IPCORES_P1/simon_says/simon_says.xpr
INFO: [Project 1-313] Project file moved from 'C:/Users/sbast/Desktop/PROYECTO01_SEP/Proyecto1/IPCORES_P1/simon_says' since last save.
Scanning sources...
Finished scanning sources
INFO: [IP_Flow 19-234] Refreshing IP repositories
INFO: [IP_Flow 19-1700] Loaded user IP repository 'c:/Users/user/Documents/PV/Proyecto1-main/IPCORES_P1/simon_says/simon_says.srcs/sources_1/new'.
INFO: [IP_Flow 19-2313] Loaded Vivado IP repository 'C:/Xilinx/Vivado/2020.1/data/ip'.
update_compile_order -fileset sources_1
exit
INFO: [Common 17-206] Exiting Vivado at Mon Oct  5 21:53:20 2026...
