
*** Running vivado
    with args -log design_1_wrapper.vds -m64 -product Vivado -mode batch -messageDb vivado.pb -notrace -source design_1_wrapper.tcl



****** Vivado v2020.1 (64-bit)
  **** SW Build 2902540 on Wed May 27 19:54:49 MDT 2020
  **** IP Build 2902112 on Wed May 27 22:43:36 MDT 2020
    ** Copyright 1986-2020 Xilinx, Inc. All Rights Reserved.

source design_1_wrapper.tcl -notrace
INFO: [IP_Flow 19-234] Refreshing IP repositories
INFO: [IP_Flow 19-1700] Loaded user IP repository 'c:/Users/user/Documents/PV/Proyecto1-main/IPCORES_P1'.
INFO: [IP_Flow 19-1700] Loaded user IP repository 'c:/Users/user/Documents/PV/Proyecto1-main/ip_repo'.
INFO: [IP_Flow 19-2313] Loaded Vivado IP repository 'C:/Xilinx/Vivado/2020.1/data/ip'.
Command: synth_design -top design_1_wrapper -part xc7z010clg400-1
Starting synth_design
Attempting to get a license for feature 'Synthesis' and/or device 'xc7z010'
INFO: [Common 17-349] Got license for feature 'Synthesis' and/or device 'xc7z010'
INFO: [Device 21-403] Loading part xc7z010clg400-1
INFO: [Synth 8-7079] Multithreading enabled for synth_design using a maximum of 2 processes.
INFO: [Synth 8-7078] Launching helper process for spawning children vivado processes
INFO: [Synth 8-7075] Helper process launched with PID 11752
---------------------------------------------------------------------------------
Starting RTL Elaboration : Time (s): cpu = 00:00:03 ; elapsed = 00:00:03 . Memory (MB): peak = 1061.262 ; gain = 0.000
---------------------------------------------------------------------------------
INFO: [Synth 8-638] synthesizing module 'design_1_wrapper' [C:/Users/user/Documents/PV/Proyecto1-main/Proy1_SEP/Proy1_SEP.srcs/sources_1/bd/design_1/hdl/design_1_wrapper.vhd:26]
INFO: [Synth 8-3491] module 'design_1' declared at 'C:/Users/user/Documents/PV/Proyecto1-main/Proy1_SEP/Proy1_SEP.srcs/sources_1/bd/design_1/synth/design_1.vhd:14' bound to instance 'design_1_i' of component 'design_1' [C:/Users/user/Documents/PV/Proyecto1-main/Proy1_SEP/Proy1_SEP.srcs/sources_1/bd/design_1/hdl/design_1_wrapper.vhd:39]
INFO: [Synth 8-638] synthesizing module 'design_1' [C:/Users/user/Documents/PV/Proyecto1-main/Proy1_SEP/Proy1_SEP.srcs/sources_1/bd/design_1/synth/design_1.vhd:30]
INFO: [Synth 8-3491] module 'design_1_Btn_Debouncer_0_0' declared at 'C:/Users/user/Documents/PV/Proyecto1-main/Proy1_SEP/Proy1_SEP.runs/synth_1/.Xil/Vivado-17684-DESKTOP-5QP58O6/realtime/design_1_Btn_Debouncer_0_0_stub.vhdl:5' bound to instance 'Btn_Debouncer_0' of component 'design_1_Btn_Debouncer_0_0' [C:/Users/user/Documents/PV/Proyecto1-main/Proy1_SEP/Proy1_SEP.srcs/sources_1/bd/design_1/synth/design_1.vhd:274]
INFO: [Synth 8-638] synthesizing module 'design_1_Btn_Debouncer_0_0' [C:/Users/user/Documents/PV/Proyecto1-main/Proy1_SEP/Proy1_SEP.runs/synth_1/.Xil/Vivado-17684-DESKTOP-5QP58O6/realtime/design_1_Btn_Debouncer_0_0_stub.vhdl:14]
INFO: [Synth 8-3491] module 'design_1_MUX_VIO_0_1' declared at 'C:/Users/user/Documents/PV/Proyecto1-main/Proy1_SEP/Proy1_SEP.runs/synth_1/.Xil/Vivado-17684-DESKTOP-5QP58O6/realtime/design_1_MUX_VIO_0_1_stub.vhdl:5' bound to instance 'MUX_VIO_0' of component 'design_1_MUX_VIO_0_1' [C:/Users/user/Documents/PV/Proyecto1-main/Proy1_SEP/Proy1_SEP.srcs/sources_1/bd/design_1/synth/design_1.vhd:280]
INFO: [Synth 8-638] synthesizing module 'design_1_MUX_VIO_0_1' [C:/Users/user/Documents/PV/Proyecto1-main/Proy1_SEP/Proy1_SEP.runs/synth_1/.Xil/Vivado-17684-DESKTOP-5QP58O6/realtime/design_1_MUX_VIO_0_1_stub.vhdl:24]
INFO: [Synth 8-3491] module 'design_1_Mult2_inputs_0_0' declared at 'C:/Users/user/Documents/PV/Proyecto1-main/Proy1_SEP/Proy1_SEP.runs/synth_1/.Xil/Vivado-17684-DESKTOP-5QP58O6/realtime/design_1_Mult2_inputs_0_0_stub.vhdl:5' bound to instance 'Mult2_inputs_0' of component 'design_1_Mult2_inputs_0_0' [C:/Users/user/Documents/PV/Proyecto1-main/Proy1_SEP/Proy1_SEP.srcs/sources_1/bd/design_1/synth/design_1.vhd:296]
INFO: [Synth 8-638] synthesizing module 'design_1_Mult2_inputs_0_0' [C:/Users/user/Documents/PV/Proyecto1-main/Proy1_SEP/Proy1_SEP.runs/synth_1/.Xil/Vivado-17684-DESKTOP-5QP58O6/realtime/design_1_Mult2_inputs_0_0_stub.vhdl:15]
INFO: [Synth 8-3491] module 'design_1_RGB_Driver_0_0' declared at 'C:/Users/user/Documents/PV/Proyecto1-main/Proy1_SEP/Proy1_SEP.runs/synth_1/.Xil/Vivado-17684-DESKTOP-5QP58O6/realtime/design_1_RGB_Driver_0_0_stub.vhdl:5' bound to instance 'RGB_Driver_0' of component 'design_1_RGB_Driver_0_0' [C:/Users/user/Documents/PV/Proyecto1-main/Proy1_SEP/Proy1_SEP.srcs/sources_1/bd/design_1/synth/design_1.vhd:303]
INFO: [Synth 8-638] synthesizing module 'design_1_RGB_Driver_0_0' [C:/Users/user/Documents/PV/Proyecto1-main/Proy1_SEP/Proy1_SEP.runs/synth_1/.Xil/Vivado-17684-DESKTOP-5QP58O6/realtime/design_1_RGB_Driver_0_0_stub.vhdl:37]
INFO: [Synth 8-3491] module 'design_1_Sequence_Memory_0_1' declared at 'C:/Users/user/Documents/PV/Proyecto1-main/Proy1_SEP/Proy1_SEP.runs/synth_1/.Xil/Vivado-17684-DESKTOP-5QP58O6/realtime/design_1_Sequence_Memory_0_1_stub.vhdl:5' bound to instance 'Sequence_Memory_0' of component 'design_1_Sequence_Memory_0_1' [C:/Users/user/Documents/PV/Proyecto1-main/Proy1_SEP/Proy1_SEP.srcs/sources_1/bd/design_1/synth/design_1.vhd:332]
INFO: [Synth 8-638] synthesizing module 'design_1_Sequence_Memory_0_1' [C:/Users/user/Documents/PV/Proyecto1-main/Proy1_SEP/Proy1_SEP.runs/synth_1/.Xil/Vivado-17684-DESKTOP-5QP58O6/realtime/design_1_Sequence_Memory_0_1_stub.vhdl:16]
INFO: [Synth 8-3491] module 'design_1_StateMachine_P1_0_0' declared at 'C:/Users/user/Documents/PV/Proyecto1-main/Proy1_SEP/Proy1_SEP.runs/synth_1/.Xil/Vivado-17684-DESKTOP-5QP58O6/realtime/design_1_StateMachine_P1_0_0_stub.vhdl:5' bound to instance 'StateMachine_P1_0' of component 'design_1_StateMachine_P1_0_0' [C:/Users/user/Documents/PV/Proyecto1-main/Proy1_SEP/Proy1_SEP.srcs/sources_1/bd/design_1/synth/design_1.vhd:340]
INFO: [Synth 8-638] synthesizing module 'design_1_StateMachine_P1_0_0' [C:/Users/user/Documents/PV/Proyecto1-main/Proy1_SEP/Proy1_SEP.runs/synth_1/.Xil/Vivado-17684-DESKTOP-5QP58O6/realtime/design_1_StateMachine_P1_0_0_stub.vhdl:19]
INFO: [Synth 8-3491] module 'design_1_axi_traffic_gen_0_0' declared at 'C:/Users/user/Documents/PV/Proyecto1-main/Proy1_SEP/Proy1_SEP.runs/synth_1/.Xil/Vivado-17684-DESKTOP-5QP58O6/realtime/design_1_axi_traffic_gen_0_0_stub.vhdl:5' bound to instance 'axi_traffic_gen_0' of component 'design_1_axi_traffic_gen_0_0' [C:/Users/user/Documents/PV/Proyecto1-main/Proy1_SEP/Proy1_SEP.srcs/sources_1/bd/design_1/synth/design_1.vhd:351]
INFO: [Synth 8-638] synthesizing module 'design_1_axi_traffic_gen_0_0' [C:/Users/user/Documents/PV/Proyecto1-main/Proy1_SEP/Proy1_SEP.runs/synth_1/.Xil/Vivado-17684-DESKTOP-5QP58O6/realtime/design_1_axi_traffic_gen_0_0_stub.vhdl:33]
INFO: [Synth 8-3491] module 'design_1_ila_0_0' declared at 'C:/Users/user/Documents/PV/Proyecto1-main/Proy1_SEP/Proy1_SEP.runs/synth_1/.Xil/Vivado-17684-DESKTOP-5QP58O6/realtime/design_1_ila_0_0_stub.vhdl:5' bound to instance 'ila_0' of component 'design_1_ila_0_0' [C:/Users/user/Documents/PV/Proyecto1-main/Proy1_SEP/Proy1_SEP.srcs/sources_1/bd/design_1/synth/design_1.vhd:376]
INFO: [Synth 8-638] synthesizing module 'design_1_ila_0_0' [C:/Users/user/Documents/PV/Proyecto1-main/Proy1_SEP/Proy1_SEP.runs/synth_1/.Xil/Vivado-17684-DESKTOP-5QP58O6/realtime/design_1_ila_0_0_stub.vhdl:25]
INFO: [Synth 8-3491] module 'design_1_juegoswitches_0_0' declared at 'C:/Users/user/Documents/PV/Proyecto1-main/Proy1_SEP/Proy1_SEP.runs/synth_1/.Xil/Vivado-17684-DESKTOP-5QP58O6/realtime/design_1_juegoswitches_0_0_stub.vhdl:5' bound to instance 'juegoswitches_0' of component 'design_1_juegoswitches_0_0' [C:/Users/user/Documents/PV/Proyecto1-main/Proy1_SEP/Proy1_SEP.srcs/sources_1/bd/design_1/synth/design_1.vhd:393]
INFO: [Synth 8-638] synthesizing module 'design_1_juegoswitches_0_0' [C:/Users/user/Documents/PV/Proyecto1-main/Proy1_SEP/Proy1_SEP.runs/synth_1/.Xil/Vivado-17684-DESKTOP-5QP58O6/realtime/design_1_juegoswitches_0_0_stub.vhdl:15]
INFO: [Synth 8-3491] module 'design_1_rst_clk_100M_1' declared at 'C:/Users/user/Documents/PV/Proyecto1-main/Proy1_SEP/Proy1_SEP.runs/synth_1/.Xil/Vivado-17684-DESKTOP-5QP58O6/realtime/design_1_rst_clk_100M_1_stub.vhdl:5' bound to instance 'rst_clk_100M' of component 'design_1_rst_clk_100M_1' [C:/Users/user/Documents/PV/Proyecto1-main/Proy1_SEP/Proy1_SEP.srcs/sources_1/bd/design_1/synth/design_1.vhd:400]
INFO: [Synth 8-638] synthesizing module 'design_1_rst_clk_100M_1' [C:/Users/user/Documents/PV/Proyecto1-main/Proy1_SEP/Proy1_SEP.runs/synth_1/.Xil/Vivado-17684-DESKTOP-5QP58O6/realtime/design_1_rst_clk_100M_1_stub.vhdl:21]
INFO: [Synth 8-3491] module 'design_1_simon_v3_0_0' declared at 'C:/Users/user/Documents/PV/Proyecto1-main/Proy1_SEP/Proy1_SEP.runs/synth_1/.Xil/Vivado-17684-DESKTOP-5QP58O6/realtime/design_1_simon_v3_0_0_stub.vhdl:5' bound to instance 'simon_v3_0' of component 'design_1_simon_v3_0_0' [C:/Users/user/Documents/PV/Proyecto1-main/Proy1_SEP/Proy1_SEP.srcs/sources_1/bd/design_1/synth/design_1.vhd:413]
INFO: [Synth 8-638] synthesizing module 'design_1_simon_v3_0_0' [C:/Users/user/Documents/PV/Proyecto1-main/Proy1_SEP/Proy1_SEP.runs/synth_1/.Xil/Vivado-17684-DESKTOP-5QP58O6/realtime/design_1_simon_v3_0_0_stub.vhdl:23]
INFO: [Synth 8-3491] module 'design_1_vio_0_0' declared at 'C:/Users/user/Documents/PV/Proyecto1-main/Proy1_SEP/Proy1_SEP.runs/synth_1/.Xil/Vivado-17684-DESKTOP-5QP58O6/realtime/design_1_vio_0_0_stub.vhdl:5' bound to instance 'vio_0' of component 'design_1_vio_0_0' [C:/Users/user/Documents/PV/Proyecto1-main/Proy1_SEP/Proy1_SEP.srcs/sources_1/bd/design_1/synth/design_1.vhd:428]
INFO: [Synth 8-638] synthesizing module 'design_1_vio_0_0' [C:/Users/user/Documents/PV/Proyecto1-main/Proy1_SEP/Proy1_SEP.runs/synth_1/.Xil/Vivado-17684-DESKTOP-5QP58O6/realtime/design_1_vio_0_0_stub.vhdl:17]
INFO: [Synth 8-256] done synthesizing module 'design_1' (1#1) [C:/Users/user/Documents/PV/Proyecto1-main/Proy1_SEP/Proy1_SEP.srcs/sources_1/bd/design_1/synth/design_1.vhd:30]
INFO: [Synth 8-256] done synthesizing module 'design_1_wrapper' (2#1) [C:/Users/user/Documents/PV/Proyecto1-main/Proy1_SEP/Proy1_SEP.srcs/sources_1/bd/design_1/hdl/design_1_wrapper.vhd:26]
---------------------------------------------------------------------------------
Finished RTL Elaboration : Time (s): cpu = 00:00:04 ; elapsed = 00:00:04 . Memory (MB): peak = 1061.262 ; gain = 0.000
---------------------------------------------------------------------------------
---------------------------------------------------------------------------------
Start Handling Custom Attributes
---------------------------------------------------------------------------------
---------------------------------------------------------------------------------
Finished Handling Custom Attributes : Time (s): cpu = 00:00:04 ; elapsed = 00:00:04 . Memory (MB): peak = 1061.262 ; gain = 0.000
---------------------------------------------------------------------------------
---------------------------------------------------------------------------------
Finished RTL Optimization Phase 1 : Time (s): cpu = 00:00:04 ; elapsed = 00:00:04 . Memory (MB): peak = 1061.262 ; gain = 0.000
---------------------------------------------------------------------------------
Netlist sorting complete. Time (s): cpu = 00:00:00 ; elapsed = 00:00:00.002 . Memory (MB): peak = 1061.262 ; gain = 0.000
INFO: [Project 1-570] Preparing netlist for logic optimization

Processing XDC Constraints
Initializing timing engine
Parsing XDC File [c:/Users/user/Documents/PV/Proyecto1-main/Proy1_SEP/Proy1_SEP.srcs/sources_1/bd/design_1/ip/design_1_Sequence_Memory_0_1/design_1_Sequence_Memory_0_1/design_1_Sequence_Memory_0_1_in_context.xdc] for cell 'design_1_i/Sequence_Memory_0'
Finished Parsing XDC File [c:/Users/user/Documents/PV/Proyecto1-main/Proy1_SEP/Proy1_SEP.srcs/sources_1/bd/design_1/ip/design_1_Sequence_Memory_0_1/design_1_Sequence_Memory_0_1/design_1_Sequence_Memory_0_1_in_context.xdc] for cell 'design_1_i/Sequence_Memory_0'
Parsing XDC File [c:/Users/user/Documents/PV/Proyecto1-main/Proy1_SEP/Proy1_SEP.srcs/sources_1/bd/design_1/ip/design_1_StateMachine_P1_0_0/design_1_StateMachine_P1_0_0/design_1_StateMachine_P1_0_0_in_context.xdc] for cell 'design_1_i/StateMachine_P1_0'
Finished Parsing XDC File [c:/Users/user/Documents/PV/Proyecto1-main/Proy1_SEP/Proy1_SEP.srcs/sources_1/bd/design_1/ip/design_1_StateMachine_P1_0_0/design_1_StateMachine_P1_0_0/design_1_StateMachine_P1_0_0_in_context.xdc] for cell 'design_1_i/StateMachine_P1_0'
Parsing XDC File [c:/Users/user/Documents/PV/Proyecto1-main/Proy1_SEP/Proy1_SEP.srcs/sources_1/bd/design_1/ip/design_1_Btn_Debouncer_0_0/design_1_Btn_Debouncer_0_0/design_1_Btn_Debouncer_0_0_in_context.xdc] for cell 'design_1_i/Btn_Debouncer_0'
Finished Parsing XDC File [c:/Users/user/Documents/PV/Proyecto1-main/Proy1_SEP/Proy1_SEP.srcs/sources_1/bd/design_1/ip/design_1_Btn_Debouncer_0_0/design_1_Btn_Debouncer_0_0/design_1_Btn_Debouncer_0_0_in_context.xdc] for cell 'design_1_i/Btn_Debouncer_0'
Parsing XDC File [c:/Users/user/Documents/PV/Proyecto1-main/Proy1_SEP/Proy1_SEP.srcs/sources_1/bd/design_1/ip/design_1_vio_0_0/design_1_vio_0_0/design_1_vio_0_0_in_context.xdc] for cell 'design_1_i/vio_0'
Finished Parsing XDC File [c:/Users/user/Documents/PV/Proyecto1-main/Proy1_SEP/Proy1_SEP.srcs/sources_1/bd/design_1/ip/design_1_vio_0_0/design_1_vio_0_0/design_1_vio_0_0_in_context.xdc] for cell 'design_1_i/vio_0'
Parsing XDC File [c:/Users/user/Documents/PV/Proyecto1-main/Proy1_SEP/Proy1_SEP.srcs/sources_1/bd/design_1/ip/design_1_ila_0_0/design_1_ila_0_0/design_1_ila_0_0_in_context.xdc] for cell 'design_1_i/ila_0'
Finished Parsing XDC File [c:/Users/user/Documents/PV/Proyecto1-main/Proy1_SEP/Proy1_SEP.srcs/sources_1/bd/design_1/ip/design_1_ila_0_0/design_1_ila_0_0/design_1_ila_0_0_in_context.xdc] for cell 'design_1_i/ila_0'
Parsing XDC File [c:/Users/user/Documents/PV/Proyecto1-main/Proy1_SEP/Proy1_SEP.srcs/sources_1/bd/design_1/ip/design_1_MUX_VIO_0_1/design_1_MUX_VIO_0_1/design_1_MUX_VIO_0_1_in_context.xdc] for cell 'design_1_i/MUX_VIO_0'
Finished Parsing XDC File [c:/Users/user/Documents/PV/Proyecto1-main/Proy1_SEP/Proy1_SEP.srcs/sources_1/bd/design_1/ip/design_1_MUX_VIO_0_1/design_1_MUX_VIO_0_1/design_1_MUX_VIO_0_1_in_context.xdc] for cell 'design_1_i/MUX_VIO_0'
Parsing XDC File [c:/Users/user/Documents/PV/Proyecto1-main/Proy1_SEP/Proy1_SEP.srcs/sources_1/bd/design_1/ip/design_1_simon_v3_0_0/design_1_simon_v3_0_0/design_1_simon_v3_0_0_in_context.xdc] for cell 'design_1_i/simon_v3_0'
Finished Parsing XDC File [c:/Users/user/Documents/PV/Proyecto1-main/Proy1_SEP/Proy1_SEP.srcs/sources_1/bd/design_1/ip/design_1_simon_v3_0_0/design_1_simon_v3_0_0/design_1_simon_v3_0_0_in_context.xdc] for cell 'design_1_i/simon_v3_0'
Parsing XDC File [c:/Users/user/Documents/PV/Proyecto1-main/Proy1_SEP/Proy1_SEP.srcs/sources_1/bd/design_1/ip/design_1_axi_traffic_gen_0_0/design_1_axi_traffic_gen_0_0/design_1_axi_traffic_gen_0_0_in_context.xdc] for cell 'design_1_i/axi_traffic_gen_0'
Finished Parsing XDC File [c:/Users/user/Documents/PV/Proyecto1-main/Proy1_SEP/Proy1_SEP.srcs/sources_1/bd/design_1/ip/design_1_axi_traffic_gen_0_0/design_1_axi_traffic_gen_0_0/design_1_axi_traffic_gen_0_0_in_context.xdc] for cell 'design_1_i/axi_traffic_gen_0'
Parsing XDC File [c:/Users/user/Documents/PV/Proyecto1-main/Proy1_SEP/Proy1_SEP.srcs/sources_1/bd/design_1/ip/design_1_RGB_Driver_0_0/design_1_RGB_Driver_0_0/design_1_RGB_Driver_0_0_in_context.xdc] for cell 'design_1_i/RGB_Driver_0'
Finished Parsing XDC File [c:/Users/user/Documents/PV/Proyecto1-main/Proy1_SEP/Proy1_SEP.srcs/sources_1/bd/design_1/ip/design_1_RGB_Driver_0_0/design_1_RGB_Driver_0_0/design_1_RGB_Driver_0_0_in_context.xdc] for cell 'design_1_i/RGB_Driver_0'
Parsing XDC File [c:/Users/user/Documents/PV/Proyecto1-main/Proy1_SEP/Proy1_SEP.srcs/sources_1/bd/design_1/ip/design_1_juegoswitches_0_0/design_1_juegoswitches_0_0/design_1_juegoswitches_0_0_in_context.xdc] for cell 'design_1_i/juegoswitches_0'
Finished Parsing XDC File [c:/Users/user/Documents/PV/Proyecto1-main/Proy1_SEP/Proy1_SEP.srcs/sources_1/bd/design_1/ip/design_1_juegoswitches_0_0/design_1_juegoswitches_0_0/design_1_juegoswitches_0_0_in_context.xdc] for cell 'design_1_i/juegoswitches_0'
Parsing XDC File [c:/Users/user/Documents/PV/Proyecto1-main/Proy1_SEP/Proy1_SEP.srcs/sources_1/bd/design_1/ip/design_1_Mult2_inputs_0_0/design_1_Mult2_inputs_0_0/design_1_Mult2_inputs_0_0_in_context.xdc] for cell 'design_1_i/Mult2_inputs_0'
Finished Parsing XDC File [c:/Users/user/Documents/PV/Proyecto1-main/Proy1_SEP/Proy1_SEP.srcs/sources_1/bd/design_1/ip/design_1_Mult2_inputs_0_0/design_1_Mult2_inputs_0_0/design_1_Mult2_inputs_0_0_in_context.xdc] for cell 'design_1_i/Mult2_inputs_0'
Parsing XDC File [c:/Users/user/Documents/PV/Proyecto1-main/Proy1_SEP/Proy1_SEP.srcs/sources_1/bd/design_1/ip/design_1_rst_clk_100M_1/design_1_rst_clk_100M_1/design_1_rst_clk_100M_0_in_context.xdc] for cell 'design_1_i/rst_clk_100M'
Finished Parsing XDC File [c:/Users/user/Documents/PV/Proyecto1-main/Proy1_SEP/Proy1_SEP.srcs/sources_1/bd/design_1/ip/design_1_rst_clk_100M_1/design_1_rst_clk_100M_1/design_1_rst_clk_100M_0_in_context.xdc] for cell 'design_1_i/rst_clk_100M'
Parsing XDC File [C:/Users/user/Documents/PV/Proyecto1-main/Proy1_SEP/Zybo-Z7-Master.xdc]
Finished Parsing XDC File [C:/Users/user/Documents/PV/Proyecto1-main/Proy1_SEP/Zybo-Z7-Master.xdc]
INFO: [Project 1-236] Implementation specific constraints were found while reading constraint file [C:/Users/user/Documents/PV/Proyecto1-main/Proy1_SEP/Zybo-Z7-Master.xdc]. These constraints will be ignored for synthesis but will be used in implementation. Impacted constraints are listed in the file [.Xil/design_1_wrapper_propImpl.xdc].
Resolution: To avoid this warning, move constraints listed in [.Xil/design_1_wrapper_propImpl.xdc] to another XDC file and exclude this new file from synthesis with the used_in_synthesis property (File Properties dialog in GUI) and re-run elaboration/synthesis.
Parsing XDC File [C:/Users/user/Documents/PV/Proyecto1-main/Proy1_SEP/Proy1_SEP.runs/synth_1/dont_touch.xdc]
Finished Parsing XDC File [C:/Users/user/Documents/PV/Proyecto1-main/Proy1_SEP/Proy1_SEP.runs/synth_1/dont_touch.xdc]
Completed Processing XDC Constraints

Netlist sorting complete. Time (s): cpu = 00:00:00 ; elapsed = 00:00:00 . Memory (MB): peak = 1118.113 ; gain = 0.000
INFO: [Project 1-111] Unisim Transformation Summary:
No Unisim elements were transformed.

Constraint Validation Runtime : Time (s): cpu = 00:00:00 ; elapsed = 00:00:00.005 . Memory (MB): peak = 1118.113 ; gain = 0.000
---------------------------------------------------------------------------------
Finished Constraint Validation : Time (s): cpu = 00:00:08 ; elapsed = 00:00:08 . Memory (MB): peak = 1118.113 ; gain = 56.852
---------------------------------------------------------------------------------
---------------------------------------------------------------------------------
Start Loading Part and Timing Information
---------------------------------------------------------------------------------
Loading part: xc7z010clg400-1
---------------------------------------------------------------------------------
Finished Loading Part and Timing Information : Time (s): cpu = 00:00:08 ; elapsed = 00:00:08 . Memory (MB): peak = 1118.113 ; gain = 56.852
---------------------------------------------------------------------------------
---------------------------------------------------------------------------------
Start Applying 'set_property' XDC Constraints
---------------------------------------------------------------------------------
Applied set_property DONT_TOUCH = true for design_1_i. (constraint file  auto generated constraint, line ).
Applied set_property DONT_TOUCH = true for design_1_i/Sequence_Memory_0. (constraint file  auto generated constraint, line ).
Applied set_property DONT_TOUCH = true for design_1_i/StateMachine_P1_0. (constraint file  auto generated constraint, line ).
Applied set_property DONT_TOUCH = true for design_1_i/Btn_Debouncer_0. (constraint file  auto generated constraint, line ).
Applied set_property DONT_TOUCH = true for design_1_i/vio_0. (constraint file  auto generated constraint, line ).
Applied set_property DONT_TOUCH = true for design_1_i/ila_0. (constraint file  auto generated constraint, line ).
Applied set_property DONT_TOUCH = true for design_1_i/MUX_VIO_0. (constraint file  auto generated constraint, line ).
Applied set_property DONT_TOUCH = true for design_1_i/simon_v3_0. (constraint file  auto generated constraint, line ).
Applied set_property DONT_TOUCH = true for design_1_i/axi_traffic_gen_0. (constraint file  auto generated constraint, line ).
Applied set_property DONT_TOUCH = true for design_1_i/RGB_Driver_0. (constraint file  auto generated constraint, line ).
Applied set_property DONT_TOUCH = true for design_1_i/juegoswitches_0. (constraint file  auto generated constraint, line ).
Applied set_property DONT_TOUCH = true for design_1_i/Mult2_inputs_0. (constraint file  auto generated constraint, line ).
Applied set_property DONT_TOUCH = true for design_1_i/rst_clk_100M. (constraint file  auto generated constraint, line ).
---------------------------------------------------------------------------------
Finished applying 'set_property' XDC Constraints : Time (s): cpu = 00:00:08 ; elapsed = 00:00:08 . Memory (MB): peak = 1118.113 ; gain = 56.852
---------------------------------------------------------------------------------
---------------------------------------------------------------------------------
Finished RTL Optimization Phase 2 : Time (s): cpu = 00:00:08 ; elapsed = 00:00:08 . Memory (MB): peak = 1118.113 ; gain = 56.852
---------------------------------------------------------------------------------
---------------------------------------------------------------------------------
Start RTL Component Statistics 
---------------------------------------------------------------------------------
Detailed RTL Component Info : 
---------------------------------------------------------------------------------
Finished RTL Component Statistics 
---------------------------------------------------------------------------------
---------------------------------------------------------------------------------
Start Part Resource Summary
---------------------------------------------------------------------------------
Part Resources:
DSPs: 80 (col length:40)
BRAMs: 120 (col length: RAMB18 40 RAMB36 20)
---------------------------------------------------------------------------------
Finished Part Resource Summary
---------------------------------------------------------------------------------
---------------------------------------------------------------------------------
Start Cross Boundary and Area Optimization
---------------------------------------------------------------------------------
---------------------------------------------------------------------------------
Finished Cross Boundary and Area Optimization : Time (s): cpu = 00:00:09 ; elapsed = 00:00:09 . Memory (MB): peak = 1118.113 ; gain = 56.852
---------------------------------------------------------------------------------
---------------------------------------------------------------------------------
Start Applying XDC Timing Constraints
---------------------------------------------------------------------------------
---------------------------------------------------------------------------------
Finished Applying XDC Timing Constraints : Time (s): cpu = 00:00:14 ; elapsed = 00:00:14 . Memory (MB): peak = 1133.750 ; gain = 72.488
---------------------------------------------------------------------------------
---------------------------------------------------------------------------------
Start Timing Optimization
---------------------------------------------------------------------------------
---------------------------------------------------------------------------------
Finished Timing Optimization : Time (s): cpu = 00:00:14 ; elapsed = 00:00:14 . Memory (MB): peak = 1133.824 ; gain = 72.562
---------------------------------------------------------------------------------
---------------------------------------------------------------------------------
Start Technology Mapping
---------------------------------------------------------------------------------
---------------------------------------------------------------------------------
Finished Technology Mapping : Time (s): cpu = 00:00:14 ; elapsed = 00:00:14 . Memory (MB): peak = 1153.426 ; gain = 92.164
---------------------------------------------------------------------------------
---------------------------------------------------------------------------------
Start IO Insertion
---------------------------------------------------------------------------------
---------------------------------------------------------------------------------
Start Flattening Before IO Insertion
---------------------------------------------------------------------------------
---------------------------------------------------------------------------------
Finished Flattening Before IO Insertion
---------------------------------------------------------------------------------
---------------------------------------------------------------------------------
Start Final Netlist Cleanup
---------------------------------------------------------------------------------
---------------------------------------------------------------------------------
Finished Final Netlist Cleanup
---------------------------------------------------------------------------------
---------------------------------------------------------------------------------
Finished IO Insertion : Time (s): cpu = 00:00:16 ; elapsed = 00:00:16 . Memory (MB): peak = 1158.199 ; gain = 96.938
---------------------------------------------------------------------------------
---------------------------------------------------------------------------------
Start Renaming Generated Instances
---------------------------------------------------------------------------------
---------------------------------------------------------------------------------
Finished Renaming Generated Instances : Time (s): cpu = 00:00:16 ; elapsed = 00:00:16 . Memory (MB): peak = 1158.199 ; gain = 96.938
---------------------------------------------------------------------------------
---------------------------------------------------------------------------------
Start Rebuilding User Hierarchy
---------------------------------------------------------------------------------
---------------------------------------------------------------------------------
Finished Rebuilding User Hierarchy : Time (s): cpu = 00:00:16 ; elapsed = 00:00:16 . Memory (MB): peak = 1158.199 ; gain = 96.938
---------------------------------------------------------------------------------
---------------------------------------------------------------------------------
Start Renaming Generated Ports
---------------------------------------------------------------------------------
---------------------------------------------------------------------------------
Finished Renaming Generated Ports : Time (s): cpu = 00:00:16 ; elapsed = 00:00:16 . Memory (MB): peak = 1158.199 ; gain = 96.938
---------------------------------------------------------------------------------
---------------------------------------------------------------------------------
Start Handling Custom Attributes
---------------------------------------------------------------------------------
---------------------------------------------------------------------------------
Finished Handling Custom Attributes : Time (s): cpu = 00:00:16 ; elapsed = 00:00:16 . Memory (MB): peak = 1158.199 ; gain = 96.938
---------------------------------------------------------------------------------
---------------------------------------------------------------------------------
Start Renaming Generated Nets
---------------------------------------------------------------------------------
---------------------------------------------------------------------------------
Finished Renaming Generated Nets : Time (s): cpu = 00:00:16 ; elapsed = 00:00:16 . Memory (MB): peak = 1158.199 ; gain = 96.938
---------------------------------------------------------------------------------
---------------------------------------------------------------------------------
Start Writing Synthesis Report
---------------------------------------------------------------------------------

Report BlackBoxes: 
+------+-----------------------------+----------+
|      |BlackBox name                |Instances |
+------+-----------------------------+----------+
|1     |design_1_Btn_Debouncer_0_0   |         1|
|2     |design_1_MUX_VIO_0_1         |         1|
|3     |design_1_Mult2_inputs_0_0    |         1|
|4     |design_1_RGB_Driver_0_0      |         1|
|5     |design_1_Sequence_Memory_0_1 |         1|
|6     |design_1_StateMachine_P1_0_0 |         1|
|7     |design_1_axi_traffic_gen_0_0 |         1|
|8     |design_1_ila_0_0             |         1|
|9     |design_1_juegoswitches_0_0   |         1|
|10    |design_1_rst_clk_100M_1      |         1|
|11    |design_1_simon_v3_0_0        |         1|
|12    |design_1_vio_0_0             |         1|
+------+-----------------------------+----------+

Report Cell Usage: 
+------+----------------------------------+------+
|      |Cell                              |Count |
+------+----------------------------------+------+
|1     |design_1_Btn_Debouncer_0_0_bbox   |     1|
|2     |design_1_MUX_VIO_0_1_bbox         |     1|
|3     |design_1_Mult2_inputs_0_0_bbox    |     1|
|4     |design_1_RGB_Driver_0_0_bbox      |     1|
|5     |design_1_Sequence_Memory_0_1_bbox |     1|
|6     |design_1_StateMachine_P1_0_0_bbox |     1|
|7     |design_1_axi_traffic_gen_0_0_bbox |     1|
|8     |design_1_ila_0_0_bbox             |     1|
|9     |design_1_juegoswitches_0_0_bbox   |     1|
|10    |design_1_rst_clk_100M_1_bbox      |     1|
|11    |design_1_simon_v3_0_0_bbox        |     1|
|12    |design_1_vio_0_0_bbox             |     1|
|13    |IBUF                              |     9|
|14    |OBUF                              |     7|
+------+----------------------------------+------+
---------------------------------------------------------------------------------
Finished Writing Synthesis Report : Time (s): cpu = 00:00:16 ; elapsed = 00:00:16 . Memory (MB): peak = 1158.199 ; gain = 96.938
---------------------------------------------------------------------------------
Synthesis finished with 0 errors, 0 critical warnings and 0 warnings.
Synthesis Optimization Runtime : Time (s): cpu = 00:00:10 ; elapsed = 00:00:15 . Memory (MB): peak = 1158.199 ; gain = 40.086
Synthesis Optimization Complete : Time (s): cpu = 00:00:16 ; elapsed = 00:00:16 . Memory (MB): peak = 1158.199 ; gain = 96.938
INFO: [Project 1-571] Translating synthesized netlist
Netlist sorting complete. Time (s): cpu = 00:00:00 ; elapsed = 00:00:00.002 . Memory (MB): peak = 1170.293 ; gain = 0.000
INFO: [Project 1-570] Preparing netlist for logic optimization
INFO: [Opt 31-138] Pushed 0 inverter(s) to 0 load pin(s).
Netlist sorting complete. Time (s): cpu = 00:00:00 ; elapsed = 00:00:00 . Memory (MB): peak = 1173.211 ; gain = 0.000
INFO: [Project 1-111] Unisim Transformation Summary:
No Unisim elements were transformed.

INFO: [Common 17-83] Releasing license: Synthesis
46 Infos, 0 Warnings, 0 Critical Warnings and 0 Errors encountered.
synth_design completed successfully
synth_design: Time (s): cpu = 00:00:20 ; elapsed = 00:00:22 . Memory (MB): peak = 1173.211 ; gain = 111.949
INFO: [Common 17-1381] The checkpoint 'C:/Users/user/Documents/PV/Proyecto1-main/Proy1_SEP/Proy1_SEP.runs/synth_1/design_1_wrapper.dcp' has been generated.
INFO: [runtcl-4] Executing : report_utilization -file design_1_wrapper_utilization_synth.rpt -pb design_1_wrapper_utilization_synth.pb
INFO: [Common 17-206] Exiting Vivado at Tue Oct  6 10:35:02 2026...
