Copyright 1986-2020 Xilinx, Inc. All Rights Reserved.
---------------------------------------------------------------------------------------------
| Tool Version : Vivado v.2020.1 (win64) Build 2902540 Wed May 27 19:54:49 MDT 2020
| Date         : Thu Sep 24 18:12:23 2026
| Host         : DESKTOP-5QP58O6 running 64-bit major release  (build 9200)
| Command      : report_control_sets -verbose -file design_1_wrapper_control_sets_placed.rpt
| Design       : design_1_wrapper
| Device       : xc7z010
---------------------------------------------------------------------------------------------

Control Set Information

Table of Contents
-----------------
1. Summary
2. Histogram
3. Flip-Flop Distribution
4. Detailed Control Set Information

1. Summary
----------

+----------------------------------------------------------+-------+
|                          Status                          | Count |
+----------------------------------------------------------+-------+
| Total control sets                                       |    14 |
|    Minimum number of control sets                        |    14 |
|    Addition due to synthesis replication                 |     0 |
|    Addition due to physical synthesis replication        |     0 |
| Unused register locations in slices containing registers |    48 |
+----------------------------------------------------------+-------+
* Control sets can be merged at opt_design using control_set_merge or merge_equivalent_drivers
** Run report_qor_suggestions for automated merging and remapping suggestions


2. Histogram
------------

+--------------------+-------+
|       Fanout       | Count |
+--------------------+-------+
| Total control sets |    14 |
| >= 0 to < 4        |     4 |
| >= 4 to < 6        |     5 |
| >= 6 to < 8        |     1 |
| >= 8 to < 10       |     0 |
| >= 10 to < 12      |     0 |
| >= 12 to < 14      |     1 |
| >= 14 to < 16      |     0 |
| >= 16              |     3 |
+--------------------+-------+
* Control sets can be remapped at either synth_design or opt_design


3. Flip-Flop Distribution
-------------------------

+--------------+-----------------------+------------------------+-----------------+--------------+
| Clock Enable | Synchronous Set/Reset | Asynchronous Set/Reset | Total Registers | Total Slices |
+--------------+-----------------------+------------------------+-----------------+--------------+
| No           | No                    | No                     |              37 |           15 |
| No           | No                    | Yes                    |               0 |            0 |
| No           | Yes                   | No                     |              27 |            7 |
| Yes          | No                    | No                     |              40 |           10 |
| Yes          | No                    | Yes                    |               0 |            0 |
| Yes          | Yes                   | No                     |              32 |            8 |
+--------------+-----------------------+------------------------+-----------------+--------------+


4. Detailed Control Set Information
-----------------------------------

+---------------------------------------------------------------------+-----------------------------------------------------+-----------------------------------------------+------------------+----------------+--------------+
|                             Clock Signal                            |                    Enable Signal                    |                Set/Reset Signal               | Slice Load Count | Bel Load Count | Bels / Slice |
+---------------------------------------------------------------------+-----------------------------------------------------+-----------------------------------------------+------------------+----------------+--------------+
|  design_1_i/StateMachine_P1_0/U0/ready_inferred__0/i__n_0           |                                                     |                                               |                1 |              1 |         1.00 |
|  design_1_i/simon_says_0/U0/FSM_sequential_nxt_state_reg[1]_i_2_n_0 |                                                     |                                               |                1 |              2 |         2.00 |
|  clk_IBUF_BUFG                                                      | design_1_i/StateMachine_P1_0/U0/ready               |                                               |                1 |              2 |         2.00 |
|  design_1_i/StateMachine_P1_0/U0/nxt_state_n_0                      |                                                     |                                               |                1 |              2 |         2.00 |
|  design_1_i/simon_says_0/U0/leds_reg[3]_i_2_n_0                     |                                                     |                                               |                1 |              4 |         4.00 |
|  clk_IBUF_BUFG                                                      |                                                     |                                               |                3 |              4 |         1.33 |
|  clk_IBUF_BUFG                                                      | design_1_i/Sequence_Memory_0/U0/data_out[3]_i_1_n_0 |                                               |                1 |              4 |         4.00 |
|  clk_IBUF_BUFG                                                      | design_1_i/Btn_Debouncer_0/U0/btn_deb0              |                                               |                1 |              4 |         4.00 |
|  design_1_i/simon_says_0/U0/index__0                                |                                                     |                                               |                2 |              5 |         2.50 |
|  design_1_i/simon_says_0/U0/level__0                                |                                                     |                                               |                3 |              6 |         2.00 |
|  design_1_i/simon_says_0/U0/clk_div_inst/CLK                        |                                                     |                                               |                3 |             13 |         4.33 |
|  clk_IBUF_BUFG                                                      |                                                     | design_1_i/simon_says_0/U0/clk_div_inst/clear |                7 |             27 |         3.86 |
|  clk_IBUF_BUFG                                                      | design_1_i/simon_says_0/U0/count_to_menu            |                                               |                8 |             32 |         4.00 |
|  clk_IBUF_BUFG                                                      | design_1_i/Btn_Debouncer_0/U0/delay                 | design_1_i/Btn_Debouncer_0/U0/clear           |                8 |             32 |         4.00 |
+---------------------------------------------------------------------+-----------------------------------------------------+-----------------------------------------------+------------------+----------------+--------------+


