#-----------------------------------------------------------
# Vivado v2020.1 (64-bit)
# SW Build 2902540 on Wed May 27 19:54:49 MDT 2020
# IP Build 2902112 on Wed May 27 22:43:36 MDT 2020
# Start of session at: Mon Sep 14 13:28:05 2026
# Process ID: 4712
# Current directory: C:/Users/user/Documents/Proyectos vivado/P1/IPCORES_P1/RNG
# Command line: vivado.exe -gui_launcher_event rodinguilauncherevent17204 C:\Users\user\Documents\Proyectos vivado\P1\IPCORES_P1\RNG\RNG.xpr
# Log file: C:/Users/user/Documents/Proyectos vivado/P1/IPCORES_P1/RNG/vivado.log
# Journal file: C:/Users/user/Documents/Proyectos vivado/P1/IPCORES_P1/RNG\vivado.jou
#-----------------------------------------------------------
start_gui
open_project {C:/Users/user/Documents/Proyectos vivado/P1/IPCORES_P1/RNG/RNG.xpr}
Scanning sources...
Finished scanning sources
INFO: [IP_Flow 19-234] Refreshing IP repositories
INFO: [IP_Flow 19-1704] No user IP repositories specified
INFO: [IP_Flow 19-2313] Loaded Vivado IP repository 'C:/Xilinx/Vivado/2020.1/data/ip'.
update_compile_order -fileset sources_1
ipx::package_project -root_dir {c:/users/user/documents/proyectos vivado/p1/ipcores_p1/rng/rng.srcs/sources_1/new} -vendor xilinx.com -library user -taxonomy /UserIP
INFO: [IP_Flow 19-5107] Inferred bus interface 'clk' of definition 'xilinx.com:signal:clock:1.0' (from Xilinx Repository).
WARNING: [IP_Flow 19-5661] Bus Interface 'clk' does not have any bus interfaces associated with it.
INFO: [IP_Flow 19-2181] Payment Required is not set for this core.
INFO: [IP_Flow 19-2187] The Product Guide file is missing.
set_property core_revision 2 [ipx::current_core]
ipx::create_xgui_files [ipx::current_core]
ipx::update_checksums [ipx::current_core]
ipx::save_core [ipx::current_core]
set_property  ip_repo_paths  {{c:/users/user/documents/proyectos vivado/p1/ipcores_p1/rng/rng.srcs/sources_1/new}} [current_project]
update_ip_catalog
INFO: [IP_Flow 19-234] Refreshing IP repositories
INFO: [IP_Flow 19-1700] Loaded user IP repository 'c:/users/user/documents/proyectos vivado/p1/ipcores_p1/rng/rng.srcs/sources_1/new'.
exit
INFO: [Common 17-206] Exiting Vivado at Mon Sep 14 13:28:44 2026...
