#-----------------------------------------------------------
# Vivado v2020.1 (64-bit)
# SW Build 2902540 on Wed May 27 19:54:49 MDT 2020
# IP Build 2902112 on Wed May 27 22:43:36 MDT 2020
# Start of session at: Mon Sep 14 11:22:16 2026
# Process ID: 22420
# Current directory: C:/Users/user/Documents/Proyectos vivado/P1/IPCORES_P1/RNG
# Command line: vivado.exe -gui_launcher_event rodinguilauncherevent22304 C:\Users\user\Documents\Proyectos vivado\P1\IPCORES_P1\RNG\RNG.xpr
# Log file: C:/Users/user/Documents/Proyectos vivado/P1/IPCORES_P1/RNG/vivado.log
# Journal file: C:/Users/user/Documents/Proyectos vivado/P1/IPCORES_P1/RNG\vivado.jou
#-----------------------------------------------------------
start_gui
open_project {C:/Users/user/Documents/Proyectos vivado/P1/IPCORES_P1/RNG/RNG.xpr}
INFO: [Project 1-313] Project file moved from 'C:/Users/user/Documents/Proyectos vivado/AYUD05_mod/RNG' since last save.
Scanning sources...
Finished scanning sources
INFO: [IP_Flow 19-234] Refreshing IP repositories
INFO: [IP_Flow 19-1704] No user IP repositories specified
INFO: [IP_Flow 19-2313] Loaded Vivado IP repository 'C:/Xilinx/Vivado/2020.1/data/ip'.
update_compile_order -fileset sources_1
exit
INFO: [Common 17-206] Exiting Vivado at Mon Sep 14 13:14:54 2026...
