#-----------------------------------------------------------
# Vivado v2020.1 (64-bit)
# SW Build 2902540 on Wed May 27 19:54:49 MDT 2020
# IP Build 2902112 on Wed May 27 22:43:36 MDT 2020
# Start of session at: Tue Sep 15 09:08:43 2026
# Process ID: 7224
# Current directory: C:/Users/user/Documents/Proyectos vivado/P1/IPCORES_P1/RNG
# Command line: vivado.exe -gui_launcher_event rodinguilauncherevent16096 C:\Users\user\Documents\Proyectos vivado\P1\IPCORES_P1\RNG\RNG.xpr
# Log file: C:/Users/user/Documents/Proyectos vivado/P1/IPCORES_P1/RNG/vivado.log
# Journal file: C:/Users/user/Documents/Proyectos vivado/P1/IPCORES_P1/RNG\vivado.jou
#-----------------------------------------------------------
start_gui
open_project {C:/Users/user/Documents/Proyectos vivado/P1/IPCORES_P1/RNG/RNG.xpr}
Scanning sources...
Finished scanning sources
INFO: [IP_Flow 19-234] Refreshing IP repositories
INFO: [IP_Flow 19-1700] Loaded user IP repository 'c:/Users/user/Documents/Proyectos vivado/P1/IPCORES_P1/RNG/RNG.srcs/sources_1/new'.
INFO: [IP_Flow 19-2313] Loaded Vivado IP repository 'C:/Xilinx/Vivado/2020.1/data/ip'.
update_compile_order -fileset sources_1
ipx::open_ipxact_file {C:/Users/user/Documents/Proyectos vivado/P1/IPCORES_P1/RNG/RNG.srcs/sources_1/new/component.xml}
WARNING: [IP_Flow 19-5226] Project source file 'c:/Users/user/Documents/Proyectos vivado/P1/IPCORES_P1/RNG/RNG.srcs/sources_1/new/component.xml' ignored by IP packager.
WARNING: [IP_Flow 19-3898] File Group 'xilinx_anylanguagesynthesis (Synthesis)': File 'c:/Users/user/Documents/Proyectos vivado/P1/IPCORES_P1/RNG/RNG.srcs/sources_1/new/RNG.vhd' is not found in the project sources. It will be removed from the packaged IP when the sources are merged. If still required, please add this file to the project and re-package.
WARNING: [IP_Flow 19-3898] File Group 'xilinx_anylanguagebehavioralsimulation (Simulation)': File 'c:/Users/user/Documents/Proyectos vivado/P1/IPCORES_P1/RNG/RNG.srcs/sources_1/new/RNG.vhd' is not found in the project sources. It will be removed from the packaged IP when the sources are merged. If still required, please add this file to the project and re-package.
ipx::merge_project_changes ports [ipx::current_core]
WARNING: [IP_Flow 19-5226] Project source file 'c:/Users/user/Documents/Proyectos vivado/P1/IPCORES_P1/RNG/RNG.srcs/sources_1/new/component.xml' ignored by IP packager.
set_property core_revision 3 [ipx::current_core]
ipx::create_xgui_files [ipx::current_core]
ipx::update_checksums [ipx::current_core]
ipx::save_core [ipx::current_core]
update_ip_catalog -rebuild -repo_path {c:/Users/user/Documents/Proyectos vivado/P1/IPCORES_P1/RNG/RNG.srcs/sources_1/new}
INFO: [IP_Flow 19-725] Reloaded user IP repository 'c:/Users/user/Documents/Proyectos vivado/P1/IPCORES_P1/RNG/RNG.srcs/sources_1/new'
exit
INFO: [Common 17-206] Exiting Vivado at Tue Sep 15 11:16:50 2026...
