#-----------------------------------------------------------
# Vivado v2020.1 (64-bit)
# SW Build 2902540 on Wed May 27 19:54:49 MDT 2020
# IP Build 2902112 on Wed May 27 22:43:36 MDT 2020
# Start of session at: Sat Oct  3 11:38:23 2026
# Process ID: 19148
# Current directory: C:/Users/Lorenzo/OneDrive/Documentos/PRO_SEP/Proyecto1_Git/IPCORES_P1/State_Macine_P1
# Command line: vivado.exe -gui_launcher_event rodinguilauncherevent8600 C:\Users\Lorenzo\OneDrive\Documentos\PRO_SEP\Proyecto1_Git\IPCORES_P1\State_Macine_P1\State_Macine_P1.xpr
# Log file: C:/Users/Lorenzo/OneDrive/Documentos/PRO_SEP/Proyecto1_Git/IPCORES_P1/State_Macine_P1/vivado.log
# Journal file: C:/Users/Lorenzo/OneDrive/Documentos/PRO_SEP/Proyecto1_Git/IPCORES_P1/State_Macine_P1\vivado.jou
#-----------------------------------------------------------
start_gui
open_project C:/Users/Lorenzo/OneDrive/Documentos/PRO_SEP/Proyecto1_Git/IPCORES_P1/State_Macine_P1/State_Macine_P1.xpr
INFO: [ProjectBase 1-489] The host OS only allows 260 characters in a normal path. The project is stored in a path with more than 80 characters. If you experience issues with IP, Block Designs, or files not being found, please consider moving the project to a location with a shorter path. Alternately consider using the OS subst command to map part of the path to a drive letter.
Current project path is 'C:/Users/Lorenzo/OneDrive/Documentos/PRO_SEP/Proyecto1_Git/IPCORES_P1/State_Macine_P1'
INFO: [Project 1-313] Project file moved from 'C:/Users/sbast/Desktop/PROYECTO01_SEP/Proyecto1/IPCORES_P1/State_Macine_P1' since last save.
Scanning sources...
Finished scanning sources
INFO: [IP_Flow 19-234] Refreshing IP repositories
INFO: [IP_Flow 19-1700] Loaded user IP repository 'c:/Users/Lorenzo/OneDrive/Documentos/PRO_SEP/Proyecto1_Git/IPCORES_P1/State_Macine_P1/State_Macine_P1.srcs/sources_1/new'.
INFO: [IP_Flow 19-2313] Loaded Vivado IP repository 'C:/Xilinx/Vivado/2020.1/data/ip'.
open_project: Time (s): cpu = 00:00:15 ; elapsed = 00:00:06 . Memory (MB): peak = 1064.469 ; gain = 0.000
update_compile_order -fileset sources_1
ipx::open_ipxact_file C:/Users/Lorenzo/OneDrive/Documentos/PRO_SEP/Proyecto1_Git/IPCORES_P1/State_Macine_P1/State_Macine_P1.srcs/sources_1/new/component.xml
WARNING: [IP_Flow 19-5226] Project source file 'c:/Users/Lorenzo/OneDrive/Documentos/PRO_SEP/Proyecto1_Git/IPCORES_P1/State_Macine_P1/State_Macine_P1.srcs/sources_1/new/component.xml' ignored by IP packager.
WARNING: [IP_Flow 19-3898] File Group 'xilinx_anylanguagesynthesis (Synthesis)': File 'c:/Users/Lorenzo/OneDrive/Documentos/PRO_SEP/Proyecto1_Git/IPCORES_P1/State_Macine_P1/State_Macine_P1.srcs/sources_1/new/StateMachine_P1.vhd' is not found in the project sources. It will be removed from the packaged IP when the sources are merged. If still required, please add this file to the project and re-package.
WARNING: [IP_Flow 19-3898] File Group 'xilinx_anylanguagebehavioralsimulation (Simulation)': File 'c:/Users/Lorenzo/OneDrive/Documentos/PRO_SEP/Proyecto1_Git/IPCORES_P1/State_Macine_P1/State_Macine_P1.srcs/sources_1/new/StateMachine_P1.vhd' is not found in the project sources. It will be removed from the packaged IP when the sources are merged. If still required, please add this file to the project and re-package.
ipx::merge_project_changes ports [ipx::current_core]
WARNING: [IP_Flow 19-5226] Project source file 'c:/Users/Lorenzo/OneDrive/Documentos/PRO_SEP/Proyecto1_Git/IPCORES_P1/State_Macine_P1/State_Macine_P1.srcs/sources_1/new/component.xml' ignored by IP packager.
set_property core_revision 14 [ipx::current_core]
ipx::update_checksums [ipx::current_core]
ipx::save_core [ipx::current_core]
update_ip_catalog -rebuild -repo_path c:/Users/Lorenzo/OneDrive/Documentos/PRO_SEP/Proyecto1_Git/IPCORES_P1/State_Macine_P1/State_Macine_P1.srcs/sources_1/new
INFO: [IP_Flow 19-725] Reloaded user IP repository 'c:/Users/Lorenzo/OneDrive/Documentos/PRO_SEP/Proyecto1_Git/IPCORES_P1/State_Macine_P1/State_Macine_P1.srcs/sources_1/new'
exit
INFO: [Common 17-206] Exiting Vivado at Sat Oct  3 12:56:11 2026...
