
*** Running vivado
    with args -log design_1_simon_says_0_0.vds -m64 -product Vivado -mode batch -messageDb vivado.pb -notrace -source design_1_simon_says_0_0.tcl



****** Vivado v2020.1 (64-bit)
  **** SW Build 2902540 on Wed May 27 19:54:49 MDT 2020
  **** IP Build 2902112 on Wed May 27 22:43:36 MDT 2020
    ** Copyright 1986-2020 Xilinx, Inc. All Rights Reserved.

source design_1_simon_says_0_0.tcl -notrace
INFO: [IP_Flow 19-234] Refreshing IP repositories
INFO: [IP_Flow 19-1700] Loaded user IP repository 'c:/Users/user/Documents/Proyectos vivado/P1/IPCORES_P1'.
INFO: [IP_Flow 19-2313] Loaded Vivado IP repository 'C:/Xilinx/Vivado/2020.1/data/ip'.
Command: synth_design -top design_1_simon_says_0_0 -part xc7z010clg400-1 -mode out_of_context
Starting synth_design
Attempting to get a license for feature 'Synthesis' and/or device 'xc7z010'
INFO: [Common 17-349] Got license for feature 'Synthesis' and/or device 'xc7z010'
INFO: [Synth 8-7079] Multithreading enabled for synth_design using a maximum of 2 processes.
INFO: [Synth 8-7078] Launching helper process for spawning children vivado processes
INFO: [Synth 8-7075] Helper process launched with PID 7080
---------------------------------------------------------------------------------
Starting Synthesize : Time (s): cpu = 00:00:02 ; elapsed = 00:00:03 . Memory (MB): peak = 1061.227 ; gain = 0.000
---------------------------------------------------------------------------------
INFO: [Synth 8-638] synthesizing module 'design_1_simon_says_0_0' [c:/Users/user/Documents/Proyectos vivado/P1/Proy1_SEP/Proy1_SEP.srcs/sources_1/bd/design_1/ip/design_1_simon_says_0_0/synth/design_1_simon_says_0_0.vhd:68]
	Parameter RAM_LENGTH bound to: 32 - type: integer 
INFO: [Synth 8-3491] module 'simon_says' declared at 'c:/Users/user/Documents/Proyectos vivado/P1/Proy1_SEP/Proy1_SEP.srcs/sources_1/bd/design_1/ipshared/9101/simon_says.vhd:6' bound to instance 'U0' of component 'simon_says' [c:/Users/user/Documents/Proyectos vivado/P1/Proy1_SEP/Proy1_SEP.srcs/sources_1/bd/design_1/ip/design_1_simon_says_0_0/synth/design_1_simon_says_0_0.vhd:98]
INFO: [Synth 8-638] synthesizing module 'simon_says' [c:/Users/user/Documents/Proyectos vivado/P1/Proy1_SEP/Proy1_SEP.srcs/sources_1/bd/design_1/ipshared/9101/simon_says.vhd:29]
	Parameter RAM_LENGTH bound to: 32 - type: integer 
INFO: [Synth 8-3491] module 'clk_divider' declared at 'c:/Users/user/Documents/Proyectos vivado/P1/Proy1_SEP/Proy1_SEP.srcs/sources_1/bd/design_1/ipshared/9101/clk_divider.vhd:4' bound to instance 'clk_div_inst' of component 'clk_divider' [c:/Users/user/Documents/Proyectos vivado/P1/Proy1_SEP/Proy1_SEP.srcs/sources_1/bd/design_1/ipshared/9101/simon_says.vhd:77]
INFO: [Synth 8-638] synthesizing module 'clk_divider' [c:/Users/user/Documents/Proyectos vivado/P1/Proy1_SEP/Proy1_SEP.srcs/sources_1/bd/design_1/ipshared/9101/clk_divider.vhd:11]
INFO: [Synth 8-256] done synthesizing module 'clk_divider' (1#1) [c:/Users/user/Documents/Proyectos vivado/P1/Proy1_SEP/Proy1_SEP.srcs/sources_1/bd/design_1/ipshared/9101/clk_divider.vhd:11]
WARNING: [Synth 8-614] signal 'max_level' is read in the process but is not in the sensitivity list [c:/Users/user/Documents/Proyectos vivado/P1/Proy1_SEP/Proy1_SEP.srcs/sources_1/bd/design_1/ipshared/9101/simon_says.vhd:108]
INFO: [Synth 8-256] done synthesizing module 'simon_says' (2#1) [c:/Users/user/Documents/Proyectos vivado/P1/Proy1_SEP/Proy1_SEP.srcs/sources_1/bd/design_1/ipshared/9101/simon_says.vhd:29]
INFO: [Synth 8-256] done synthesizing module 'design_1_simon_says_0_0' (3#1) [c:/Users/user/Documents/Proyectos vivado/P1/Proy1_SEP/Proy1_SEP.srcs/sources_1/bd/design_1/ip/design_1_simon_says_0_0/synth/design_1_simon_says_0_0.vhd:68]
---------------------------------------------------------------------------------
Finished Synthesize : Time (s): cpu = 00:00:03 ; elapsed = 00:00:04 . Memory (MB): peak = 1061.227 ; gain = 0.000
---------------------------------------------------------------------------------
---------------------------------------------------------------------------------
Finished Constraint Validation : Time (s): cpu = 00:00:03 ; elapsed = 00:00:04 . Memory (MB): peak = 1061.227 ; gain = 0.000
---------------------------------------------------------------------------------
---------------------------------------------------------------------------------
Start Loading Part and Timing Information
---------------------------------------------------------------------------------
Loading part: xc7z010clg400-1
---------------------------------------------------------------------------------
Finished Loading Part and Timing Information : Time (s): cpu = 00:00:03 ; elapsed = 00:00:04 . Memory (MB): peak = 1061.227 ; gain = 0.000
---------------------------------------------------------------------------------
INFO: [Device 21-403] Loading part xc7z010clg400-1
INFO: [Synth 8-802] inferred FSM for state register 'state_reg' in module 'simon_says'
WARNING: [Synth 8-327] inferring latch for variable 'FSM_sequential_nxt_state_reg' [c:/Users/user/Documents/Proyectos vivado/P1/Proy1_SEP/Proy1_SEP.srcs/sources_1/bd/design_1/ipshared/9101/simon_says.vhd:87]
WARNING: [Synth 8-327] inferring latch for variable 'FSM_onehot_nxt_state_reg' [c:/Users/user/Documents/Proyectos vivado/P1/Proy1_SEP/Proy1_SEP.srcs/sources_1/bd/design_1/ipshared/9101/simon_says.vhd:87]
---------------------------------------------------------------------------------------------------
                   State |                     New Encoding |                Previous Encoding 
---------------------------------------------------------------------------------------------------
                    show |                               00 |                               00
               wait_user |                               01 |                               01
                  iSTATE |                               10 |                               11
*
               game_over |                               11 |                               10
---------------------------------------------------------------------------------------------------
INFO: [Synth 8-3354] encoded FSM with state register 'state_reg' using encoding 'sequential' in module 'simon_says'
WARNING: [Synth 8-327] inferring latch for variable 'FSM_sequential_nxt_state_reg' [c:/Users/user/Documents/Proyectos vivado/P1/Proy1_SEP/Proy1_SEP.srcs/sources_1/bd/design_1/ipshared/9101/simon_says.vhd:87]
WARNING: [Synth 8-327] inferring latch for variable 'leds_reg' [c:/Users/user/Documents/Proyectos vivado/P1/Proy1_SEP/Proy1_SEP.srcs/sources_1/bd/design_1/ipshared/9101/simon_says.vhd:127]
WARNING: [Synth 8-327] inferring latch for variable 'index_reg' [c:/Users/user/Documents/Proyectos vivado/P1/Proy1_SEP/Proy1_SEP.srcs/sources_1/bd/design_1/ipshared/9101/simon_says.vhd:89]
WARNING: [Synth 8-327] inferring latch for variable 'level_reg' [c:/Users/user/Documents/Proyectos vivado/P1/Proy1_SEP/Proy1_SEP.srcs/sources_1/bd/design_1/ipshared/9101/simon_says.vhd:88]
---------------------------------------------------------------------------------
Finished RTL Optimization Phase 2 : Time (s): cpu = 00:00:03 ; elapsed = 00:00:04 . Memory (MB): peak = 1061.227 ; gain = 0.000
---------------------------------------------------------------------------------
No constraint files found.
---------------------------------------------------------------------------------
Start RTL Component Statistics 
---------------------------------------------------------------------------------
Detailed RTL Component Info : 
+---Adders : 
	   2 Input    6 Bit       Adders := 1     
	   2 Input    5 Bit       Adders := 1     
+---Registers : 
	                6 Bit    Registers := 1     
	                5 Bit    Registers := 1     
	                1 Bit    Registers := 2     
+---Muxes : 
	   4 Input   27 Bit        Muxes := 1     
	   4 Input    7 Bit        Muxes := 1     
	   2 Input    5 Bit        Muxes := 1     
	   4 Input    4 Bit        Muxes := 1     
	   4 Input    2 Bit        Muxes := 2     
	   2 Input    2 Bit        Muxes := 3     
	   3 Input    1 Bit        Muxes := 1     
	   2 Input    1 Bit        Muxes := 6     
	   4 Input    1 Bit        Muxes := 5     
---------------------------------------------------------------------------------
Finished RTL Component Statistics 
---------------------------------------------------------------------------------
---------------------------------------------------------------------------------
Start Part Resource Summary
---------------------------------------------------------------------------------
Part Resources:
DSPs: 80 (col length:40)
BRAMs: 120 (col length: RAMB18 40 RAMB36 20)
---------------------------------------------------------------------------------
Finished Part Resource Summary
---------------------------------------------------------------------------------
No constraint files found.
---------------------------------------------------------------------------------
Start Cross Boundary and Area Optimization
---------------------------------------------------------------------------------
---------------------------------------------------------------------------------
Finished Cross Boundary and Area Optimization : Time (s): cpu = 00:00:07 ; elapsed = 00:00:08 . Memory (MB): peak = 1061.227 ; gain = 0.000
---------------------------------------------------------------------------------
No constraint files found.
---------------------------------------------------------------------------------
Start Timing Optimization
---------------------------------------------------------------------------------
---------------------------------------------------------------------------------
Finished Timing Optimization : Time (s): cpu = 00:00:07 ; elapsed = 00:00:08 . Memory (MB): peak = 1061.227 ; gain = 0.000
---------------------------------------------------------------------------------
---------------------------------------------------------------------------------
Start Technology Mapping
---------------------------------------------------------------------------------
---------------------------------------------------------------------------------
Finished Technology Mapping : Time (s): cpu = 00:00:07 ; elapsed = 00:00:08 . Memory (MB): peak = 1061.227 ; gain = 0.000
---------------------------------------------------------------------------------
---------------------------------------------------------------------------------
Start IO Insertion
---------------------------------------------------------------------------------
---------------------------------------------------------------------------------
Start Flattening Before IO Insertion
---------------------------------------------------------------------------------
---------------------------------------------------------------------------------
Finished Flattening Before IO Insertion
---------------------------------------------------------------------------------
---------------------------------------------------------------------------------
Start Final Netlist Cleanup
---------------------------------------------------------------------------------
---------------------------------------------------------------------------------
Finished Final Netlist Cleanup
---------------------------------------------------------------------------------
---------------------------------------------------------------------------------
Finished IO Insertion : Time (s): cpu = 00:00:09 ; elapsed = 00:00:10 . Memory (MB): peak = 1061.227 ; gain = 0.000
---------------------------------------------------------------------------------
---------------------------------------------------------------------------------
Start Renaming Generated Instances
---------------------------------------------------------------------------------
---------------------------------------------------------------------------------
Finished Renaming Generated Instances : Time (s): cpu = 00:00:09 ; elapsed = 00:00:10 . Memory (MB): peak = 1061.227 ; gain = 0.000
---------------------------------------------------------------------------------
---------------------------------------------------------------------------------
Start Rebuilding User Hierarchy
---------------------------------------------------------------------------------
---------------------------------------------------------------------------------
Finished Rebuilding User Hierarchy : Time (s): cpu = 00:00:09 ; elapsed = 00:00:10 . Memory (MB): peak = 1061.227 ; gain = 0.000
---------------------------------------------------------------------------------
---------------------------------------------------------------------------------
Start Renaming Generated Ports
---------------------------------------------------------------------------------
---------------------------------------------------------------------------------
Finished Renaming Generated Ports : Time (s): cpu = 00:00:09 ; elapsed = 00:00:10 . Memory (MB): peak = 1061.227 ; gain = 0.000
---------------------------------------------------------------------------------
---------------------------------------------------------------------------------
Start Handling Custom Attributes
---------------------------------------------------------------------------------
---------------------------------------------------------------------------------
Finished Handling Custom Attributes : Time (s): cpu = 00:00:09 ; elapsed = 00:00:10 . Memory (MB): peak = 1061.227 ; gain = 0.000
---------------------------------------------------------------------------------
---------------------------------------------------------------------------------
Start Renaming Generated Nets
---------------------------------------------------------------------------------
---------------------------------------------------------------------------------
Finished Renaming Generated Nets : Time (s): cpu = 00:00:09 ; elapsed = 00:00:10 . Memory (MB): peak = 1061.227 ; gain = 0.000
---------------------------------------------------------------------------------
---------------------------------------------------------------------------------
Start Writing Synthesis Report
---------------------------------------------------------------------------------

Report BlackBoxes: 
+-+--------------+----------+
| |BlackBox name |Instances |
+-+--------------+----------+
+-+--------------+----------+

Report Cell Usage: 
+------+-------+------+
|      |Cell   |Count |
+------+-------+------+
|1     |CARRY4 |    23|
|2     |LUT1   |     6|
|3     |LUT2   |    59|
|4     |LUT3   |    10|
|5     |LUT4   |    29|
|6     |LUT5   |     6|
|7     |LUT6   |    14|
|8     |FDRE   |    74|
|9     |LD     |    17|
+------+-------+------+

Report Instance Areas: 
+------+-----------------+------------+------+
|      |Instance         |Module      |Cells |
+------+-----------------+------------+------+
|1     |top              |            |   238|
|2     |  U0             |simon_says  |   238|
|3     |    clk_div_inst |clk_divider |    65|
+------+-----------------+------------+------+
---------------------------------------------------------------------------------
Finished Writing Synthesis Report : Time (s): cpu = 00:00:09 ; elapsed = 00:00:10 . Memory (MB): peak = 1061.227 ; gain = 0.000
---------------------------------------------------------------------------------
Synthesis finished with 0 errors, 0 critical warnings and 7 warnings.
Synthesis Optimization Runtime : Time (s): cpu = 00:00:09 ; elapsed = 00:00:10 . Memory (MB): peak = 1061.227 ; gain = 0.000
Synthesis Optimization Complete : Time (s): cpu = 00:00:09 ; elapsed = 00:00:10 . Memory (MB): peak = 1061.227 ; gain = 0.000
INFO: [Project 1-571] Translating synthesized netlist
Netlist sorting complete. Time (s): cpu = 00:00:00 ; elapsed = 00:00:00.003 . Memory (MB): peak = 1061.227 ; gain = 0.000
INFO: [Netlist 29-17] Analyzing 40 Unisim elements for replacement
INFO: [Netlist 29-28] Unisim Transformation completed in 0 CPU seconds
INFO: [Project 1-570] Preparing netlist for logic optimization
INFO: [Opt 31-138] Pushed 0 inverter(s) to 0 load pin(s).
Netlist sorting complete. Time (s): cpu = 00:00:00 ; elapsed = 00:00:00 . Memory (MB): peak = 1061.227 ; gain = 0.000
INFO: [Project 1-111] Unisim Transformation Summary:
  A total of 17 instances were transformed.
  LD => LDCE: 17 instances

INFO: [Common 17-83] Releasing license: Synthesis
25 Infos, 7 Warnings, 0 Critical Warnings and 0 Errors encountered.
synth_design completed successfully
synth_design: Time (s): cpu = 00:00:12 ; elapsed = 00:00:14 . Memory (MB): peak = 1061.227 ; gain = 0.000

*** Running vivado
    with args -log design_1_simon_says_0_0.vds -m64 -product Vivado -mode batch -messageDb vivado.pb -notrace -source design_1_simon_says_0_0.tcl



****** Vivado v2020.1 (64-bit)
  **** SW Build 2902540 on Wed May 27 19:54:49 MDT 2020
  **** IP Build 2902112 on Wed May 27 22:43:36 MDT 2020
    ** Copyright 1986-2020 Xilinx, Inc. All Rights Reserved.

source design_1_simon_says_0_0.tcl -notrace
INFO: [IP_Flow 19-234] Refreshing IP repositories
INFO: [IP_Flow 19-1700] Loaded user IP repository 'c:/Users/user/Documents/Proyectos vivado/P1/IPCORES_P1'.
INFO: [IP_Flow 19-2313] Loaded Vivado IP repository 'C:/Xilinx/Vivado/2020.1/data/ip'.
Command: synth_design -top design_1_simon_says_0_0 -part xc7z010clg400-1 -mode out_of_context
Starting synth_design
Attempting to get a license for feature 'Synthesis' and/or device 'xc7z010'
INFO: [Common 17-349] Got license for feature 'Synthesis' and/or device 'xc7z010'
INFO: [Synth 8-7079] Multithreading enabled for synth_design using a maximum of 2 processes.
INFO: [Synth 8-7078] Launching helper process for spawning children vivado processes
INFO: [Synth 8-7075] Helper process launched with PID 22708
---------------------------------------------------------------------------------
Starting Synthesize : Time (s): cpu = 00:00:03 ; elapsed = 00:00:03 . Memory (MB): peak = 1061.707 ; gain = 0.000
---------------------------------------------------------------------------------
INFO: [Synth 8-638] synthesizing module 'design_1_simon_says_0_0' [c:/Users/user/Documents/Proyectos vivado/P1/Proy1_SEP/Proy1_SEP.srcs/sources_1/bd/design_1/ip/design_1_simon_says_0_0/synth/design_1_simon_says_0_0.vhd:68]
	Parameter RAM_LENGTH bound to: 32 - type: integer 
INFO: [Synth 8-3491] module 'simon_says' declared at 'c:/Users/user/Documents/Proyectos vivado/P1/Proy1_SEP/Proy1_SEP.srcs/sources_1/bd/design_1/ipshared/9101/simon_says.vhd:6' bound to instance 'U0' of component 'simon_says' [c:/Users/user/Documents/Proyectos vivado/P1/Proy1_SEP/Proy1_SEP.srcs/sources_1/bd/design_1/ip/design_1_simon_says_0_0/synth/design_1_simon_says_0_0.vhd:98]
INFO: [Synth 8-638] synthesizing module 'simon_says' [c:/Users/user/Documents/Proyectos vivado/P1/Proy1_SEP/Proy1_SEP.srcs/sources_1/bd/design_1/ipshared/9101/simon_says.vhd:29]
	Parameter RAM_LENGTH bound to: 32 - type: integer 
INFO: [Synth 8-3491] module 'clk_divider' declared at 'c:/Users/user/Documents/Proyectos vivado/P1/Proy1_SEP/Proy1_SEP.srcs/sources_1/bd/design_1/ipshared/9101/clk_divider.vhd:4' bound to instance 'clk_div_inst' of component 'clk_divider' [c:/Users/user/Documents/Proyectos vivado/P1/Proy1_SEP/Proy1_SEP.srcs/sources_1/bd/design_1/ipshared/9101/simon_says.vhd:77]
INFO: [Synth 8-638] synthesizing module 'clk_divider' [c:/Users/user/Documents/Proyectos vivado/P1/Proy1_SEP/Proy1_SEP.srcs/sources_1/bd/design_1/ipshared/9101/clk_divider.vhd:11]
INFO: [Synth 8-256] done synthesizing module 'clk_divider' (1#1) [c:/Users/user/Documents/Proyectos vivado/P1/Proy1_SEP/Proy1_SEP.srcs/sources_1/bd/design_1/ipshared/9101/clk_divider.vhd:11]
WARNING: [Synth 8-614] signal 'max_level' is read in the process but is not in the sensitivity list [c:/Users/user/Documents/Proyectos vivado/P1/Proy1_SEP/Proy1_SEP.srcs/sources_1/bd/design_1/ipshared/9101/simon_says.vhd:108]
INFO: [Synth 8-256] done synthesizing module 'simon_says' (2#1) [c:/Users/user/Documents/Proyectos vivado/P1/Proy1_SEP/Proy1_SEP.srcs/sources_1/bd/design_1/ipshared/9101/simon_says.vhd:29]
INFO: [Synth 8-256] done synthesizing module 'design_1_simon_says_0_0' (3#1) [c:/Users/user/Documents/Proyectos vivado/P1/Proy1_SEP/Proy1_SEP.srcs/sources_1/bd/design_1/ip/design_1_simon_says_0_0/synth/design_1_simon_says_0_0.vhd:68]
---------------------------------------------------------------------------------
Finished Synthesize : Time (s): cpu = 00:00:04 ; elapsed = 00:00:04 . Memory (MB): peak = 1061.707 ; gain = 0.000
---------------------------------------------------------------------------------
---------------------------------------------------------------------------------
Finished Constraint Validation : Time (s): cpu = 00:00:04 ; elapsed = 00:00:04 . Memory (MB): peak = 1061.707 ; gain = 0.000
---------------------------------------------------------------------------------
---------------------------------------------------------------------------------
Start Loading Part and Timing Information
---------------------------------------------------------------------------------
Loading part: xc7z010clg400-1
---------------------------------------------------------------------------------
Finished Loading Part and Timing Information : Time (s): cpu = 00:00:04 ; elapsed = 00:00:04 . Memory (MB): peak = 1061.707 ; gain = 0.000
---------------------------------------------------------------------------------
INFO: [Device 21-403] Loading part xc7z010clg400-1
INFO: [Synth 8-802] inferred FSM for state register 'state_reg' in module 'simon_says'
WARNING: [Synth 8-327] inferring latch for variable 'FSM_sequential_nxt_state_reg' [c:/Users/user/Documents/Proyectos vivado/P1/Proy1_SEP/Proy1_SEP.srcs/sources_1/bd/design_1/ipshared/9101/simon_says.vhd:87]
WARNING: [Synth 8-327] inferring latch for variable 'FSM_onehot_nxt_state_reg' [c:/Users/user/Documents/Proyectos vivado/P1/Proy1_SEP/Proy1_SEP.srcs/sources_1/bd/design_1/ipshared/9101/simon_says.vhd:87]
---------------------------------------------------------------------------------------------------
                   State |                     New Encoding |                Previous Encoding 
---------------------------------------------------------------------------------------------------
                    show |                               00 |                               00
               wait_user |                               01 |                               01
                  iSTATE |                               10 |                               11
*
               game_over |                               11 |                               10
---------------------------------------------------------------------------------------------------
INFO: [Synth 8-3354] encoded FSM with state register 'state_reg' using encoding 'sequential' in module 'simon_says'
WARNING: [Synth 8-327] inferring latch for variable 'FSM_sequential_nxt_state_reg' [c:/Users/user/Documents/Proyectos vivado/P1/Proy1_SEP/Proy1_SEP.srcs/sources_1/bd/design_1/ipshared/9101/simon_says.vhd:87]
WARNING: [Synth 8-327] inferring latch for variable 'leds_reg' [c:/Users/user/Documents/Proyectos vivado/P1/Proy1_SEP/Proy1_SEP.srcs/sources_1/bd/design_1/ipshared/9101/simon_says.vhd:127]
WARNING: [Synth 8-327] inferring latch for variable 'index_reg' [c:/Users/user/Documents/Proyectos vivado/P1/Proy1_SEP/Proy1_SEP.srcs/sources_1/bd/design_1/ipshared/9101/simon_says.vhd:89]
WARNING: [Synth 8-327] inferring latch for variable 'level_reg' [c:/Users/user/Documents/Proyectos vivado/P1/Proy1_SEP/Proy1_SEP.srcs/sources_1/bd/design_1/ipshared/9101/simon_says.vhd:88]
---------------------------------------------------------------------------------
Finished RTL Optimization Phase 2 : Time (s): cpu = 00:00:04 ; elapsed = 00:00:04 . Memory (MB): peak = 1061.707 ; gain = 0.000
---------------------------------------------------------------------------------
No constraint files found.
---------------------------------------------------------------------------------
Start RTL Component Statistics 
---------------------------------------------------------------------------------
Detailed RTL Component Info : 
+---Adders : 
	   2 Input    6 Bit       Adders := 1     
	   2 Input    5 Bit       Adders := 1     
+---Registers : 
	                6 Bit    Registers := 1     
	                5 Bit    Registers := 1     
	                1 Bit    Registers := 2     
+---Muxes : 
	   4 Input   27 Bit        Muxes := 1     
	   4 Input    7 Bit        Muxes := 1     
	   2 Input    5 Bit        Muxes := 1     
	   4 Input    4 Bit        Muxes := 1     
	   4 Input    2 Bit        Muxes := 2     
	   2 Input    2 Bit        Muxes := 3     
	   3 Input    1 Bit        Muxes := 1     
	   2 Input    1 Bit        Muxes := 6     
	   4 Input    1 Bit        Muxes := 5     
---------------------------------------------------------------------------------
Finished RTL Component Statistics 
---------------------------------------------------------------------------------
---------------------------------------------------------------------------------
Start Part Resource Summary
---------------------------------------------------------------------------------
Part Resources:
DSPs: 80 (col length:40)
BRAMs: 120 (col length: RAMB18 40 RAMB36 20)
---------------------------------------------------------------------------------
Finished Part Resource Summary
---------------------------------------------------------------------------------
No constraint files found.
---------------------------------------------------------------------------------
Start Cross Boundary and Area Optimization
---------------------------------------------------------------------------------
---------------------------------------------------------------------------------
Finished Cross Boundary and Area Optimization : Time (s): cpu = 00:00:07 ; elapsed = 00:00:08 . Memory (MB): peak = 1061.707 ; gain = 0.000
---------------------------------------------------------------------------------
No constraint files found.
---------------------------------------------------------------------------------
Start Timing Optimization
---------------------------------------------------------------------------------
---------------------------------------------------------------------------------
Finished Timing Optimization : Time (s): cpu = 00:00:07 ; elapsed = 00:00:08 . Memory (MB): peak = 1061.707 ; gain = 0.000
---------------------------------------------------------------------------------
---------------------------------------------------------------------------------
Start Technology Mapping
---------------------------------------------------------------------------------
---------------------------------------------------------------------------------
Finished Technology Mapping : Time (s): cpu = 00:00:07 ; elapsed = 00:00:08 . Memory (MB): peak = 1061.707 ; gain = 0.000
---------------------------------------------------------------------------------
---------------------------------------------------------------------------------
Start IO Insertion
---------------------------------------------------------------------------------
---------------------------------------------------------------------------------
Start Flattening Before IO Insertion
---------------------------------------------------------------------------------
---------------------------------------------------------------------------------
Finished Flattening Before IO Insertion
---------------------------------------------------------------------------------
---------------------------------------------------------------------------------
Start Final Netlist Cleanup
---------------------------------------------------------------------------------
---------------------------------------------------------------------------------
Finished Final Netlist Cleanup
---------------------------------------------------------------------------------
---------------------------------------------------------------------------------
Finished IO Insertion : Time (s): cpu = 00:00:10 ; elapsed = 00:00:10 . Memory (MB): peak = 1061.707 ; gain = 0.000
---------------------------------------------------------------------------------
---------------------------------------------------------------------------------
Start Renaming Generated Instances
---------------------------------------------------------------------------------
---------------------------------------------------------------------------------
Finished Renaming Generated Instances : Time (s): cpu = 00:00:10 ; elapsed = 00:00:10 . Memory (MB): peak = 1061.707 ; gain = 0.000
---------------------------------------------------------------------------------
---------------------------------------------------------------------------------
Start Rebuilding User Hierarchy
---------------------------------------------------------------------------------
---------------------------------------------------------------------------------
Finished Rebuilding User Hierarchy : Time (s): cpu = 00:00:10 ; elapsed = 00:00:10 . Memory (MB): peak = 1061.707 ; gain = 0.000
---------------------------------------------------------------------------------
---------------------------------------------------------------------------------
Start Renaming Generated Ports
---------------------------------------------------------------------------------
---------------------------------------------------------------------------------
Finished Renaming Generated Ports : Time (s): cpu = 00:00:10 ; elapsed = 00:00:10 . Memory (MB): peak = 1061.707 ; gain = 0.000
---------------------------------------------------------------------------------
---------------------------------------------------------------------------------
Start Handling Custom Attributes
---------------------------------------------------------------------------------
---------------------------------------------------------------------------------
Finished Handling Custom Attributes : Time (s): cpu = 00:00:10 ; elapsed = 00:00:10 . Memory (MB): peak = 1061.707 ; gain = 0.000
---------------------------------------------------------------------------------
---------------------------------------------------------------------------------
Start Renaming Generated Nets
---------------------------------------------------------------------------------
---------------------------------------------------------------------------------
Finished Renaming Generated Nets : Time (s): cpu = 00:00:10 ; elapsed = 00:00:10 . Memory (MB): peak = 1061.707 ; gain = 0.000
---------------------------------------------------------------------------------
---------------------------------------------------------------------------------
Start Writing Synthesis Report
---------------------------------------------------------------------------------

Report BlackBoxes: 
+-+--------------+----------+
| |BlackBox name |Instances |
+-+--------------+----------+
+-+--------------+----------+

Report Cell Usage: 
+------+-------+------+
|      |Cell   |Count |
+------+-------+------+
|1     |CARRY4 |    23|
|2     |LUT1   |     6|
|3     |LUT2   |    59|
|4     |LUT3   |    10|
|5     |LUT4   |    29|
|6     |LUT5   |     6|
|7     |LUT6   |    14|
|8     |FDRE   |    74|
|9     |LD     |    17|
+------+-------+------+

Report Instance Areas: 
+------+-----------------+------------+------+
|      |Instance         |Module      |Cells |
+------+-----------------+------------+------+
|1     |top              |            |   238|
|2     |  U0             |simon_says  |   238|
|3     |    clk_div_inst |clk_divider |    65|
+------+-----------------+------------+------+
---------------------------------------------------------------------------------
Finished Writing Synthesis Report : Time (s): cpu = 00:00:10 ; elapsed = 00:00:10 . Memory (MB): peak = 1061.707 ; gain = 0.000
---------------------------------------------------------------------------------
Synthesis finished with 0 errors, 0 critical warnings and 7 warnings.
Synthesis Optimization Runtime : Time (s): cpu = 00:00:10 ; elapsed = 00:00:10 . Memory (MB): peak = 1061.707 ; gain = 0.000
Synthesis Optimization Complete : Time (s): cpu = 00:00:10 ; elapsed = 00:00:10 . Memory (MB): peak = 1061.707 ; gain = 0.000
INFO: [Project 1-571] Translating synthesized netlist
Netlist sorting complete. Time (s): cpu = 00:00:00 ; elapsed = 00:00:00.002 . Memory (MB): peak = 1061.707 ; gain = 0.000
INFO: [Netlist 29-17] Analyzing 40 Unisim elements for replacement
INFO: [Netlist 29-28] Unisim Transformation completed in 0 CPU seconds
INFO: [Project 1-570] Preparing netlist for logic optimization
INFO: [Opt 31-138] Pushed 0 inverter(s) to 0 load pin(s).
Netlist sorting complete. Time (s): cpu = 00:00:00 ; elapsed = 00:00:00 . Memory (MB): peak = 1061.707 ; gain = 0.000
INFO: [Project 1-111] Unisim Transformation Summary:
  A total of 17 instances were transformed.
  LD => LDCE: 17 instances

INFO: [Common 17-83] Releasing license: Synthesis
25 Infos, 7 Warnings, 0 Critical Warnings and 0 Errors encountered.
synth_design completed successfully
synth_design: Time (s): cpu = 00:00:12 ; elapsed = 00:00:14 . Memory (MB): peak = 1061.707 ; gain = 0.000
INFO: [Timing 38-35] Done setting XDC timing constraints.
INFO: [Common 17-1381] The checkpoint 'C:/Users/user/Documents/Proyectos vivado/P1/Proy1_SEP/Proy1_SEP.runs/design_1_simon_says_0_0_synth_1/design_1_simon_says_0_0.dcp' has been generated.
write_checkpoint: Time (s): cpu = 00:00:06 ; elapsed = 00:00:06 . Memory (MB): peak = 1454.371 ; gain = 392.664
WARNING: [Common 17-576] 'use_project_ipc' is deprecated. This option is deprecated and no longer used.
INFO: [Coretcl 2-1648] Added synthesis output to IP cache for IP design_1_simon_says_0_0, cache-ID = 229cead550e4a437
INFO: [Coretcl 2-1174] Renamed 2 cell refs.
WARNING: [Constraints 18-5210] No constraints selected for write.
Resolution: This message can indicate that there are no constraints for the design, or it can indicate that the used_in flags are set such that the constraints are ignored. This later case is used when running synth_design to not write synthesis constraints to the resulting checkpoint. Instead, project constraints are read when the synthesized design is opened.
INFO: [Common 17-1381] The checkpoint 'C:/Users/user/Documents/Proyectos vivado/P1/Proy1_SEP/Proy1_SEP.runs/design_1_simon_says_0_0_synth_1/design_1_simon_says_0_0.dcp' has been generated.
INFO: [runtcl-4] Executing : report_utilization -file design_1_simon_says_0_0_utilization_synth.rpt -pb design_1_simon_says_0_0_utilization_synth.pb
INFO: [Common 17-206] Exiting Vivado at Thu Sep 24 18:11:28 2026...
