#-----------------------------------------------------------
# Vivado v2020.1 (64-bit)
# SW Build 2902540 on Wed May 27 19:54:49 MDT 2020
# IP Build 2902112 on Wed May 27 22:43:36 MDT 2020
# Start of session at: Tue Oct  6 15:27:25 2026
# Process ID: 1216
# Current directory: C:/Users/Lorenzo/Documents/Proyecto1-main/IPCORES_P1/Puzzle
# Command line: vivado.exe -gui_launcher_event rodinguilauncherevent19148 C:\Users\Lorenzo\Documents\Proyecto1-main\IPCORES_P1\Puzzle\SEP.xpr
# Log file: C:/Users/Lorenzo/Documents/Proyecto1-main/IPCORES_P1/Puzzle/vivado.log
# Journal file: C:/Users/Lorenzo/Documents/Proyecto1-main/IPCORES_P1/Puzzle\vivado.jou
#-----------------------------------------------------------
start_gui
open_project C:/Users/Lorenzo/Documents/Proyecto1-main/IPCORES_P1/Puzzle/SEP.xpr
INFO: [Project 1-313] Project file moved from 'C:/Users/user/Documents/PV/Proyecto1-main/IPCORES_P1/Puzzle' since last save.
CRITICAL WARNING: [Project 1-311] Could not find the file 'C:/../users/user/documents/pv/proyecto1-main/ipcores_p1/puzzle/component.xml', nor could it be found using path 'C:/users/user/documents/pv/proyecto1-main/ipcores_p1/puzzle/component.xml'.
Scanning sources...
Finished scanning sources
INFO: [IP_Flow 19-234] Refreshing IP repositories
INFO: [IP_Flow 19-1700] Loaded user IP repository 'c:/Users/Lorenzo/Documents/Proyecto1-main/IPCORES_P1/Puzzle'.
INFO: [IP_Flow 19-2313] Loaded Vivado IP repository 'C:/Xilinx/Vivado/2020.1/data/ip'.
open_project: Time (s): cpu = 00:00:19 ; elapsed = 00:00:08 . Memory (MB): peak = 1062.230 ; gain = 0.000
update_compile_order -fileset sources_1
WARNING: [Ipptcl 7-571] The IP root directory is 'c:/'.
ipx::package_project -root_dir C:/Users/Lorenzo/Documents/Proyecto1-main/IPCORES_P1/Puzzle -vendor xilinx.com -library user -taxonomy /UserIP -import_files -set_current false -force
INFO: [IP_Flow 19-5107] Inferred bus interface 'clk' of definition 'xilinx.com:signal:clock:1.0' (from Xilinx Repository).
WARNING: [IP_Flow 19-5661] Bus Interface 'clk' does not have any bus interfaces associated with it.
INFO: [IP_Flow 19-2181] Payment Required is not set for this core.
INFO: [IP_Flow 19-2187] The Product Guide file is missing.
ipx::unload_core c:/Users/Lorenzo/Documents/Proyecto1-main/IPCORES_P1/Puzzle/component.xml
ipx::edit_ip_in_project -upgrade true -name tmp_edit_project -directory C:/Users/Lorenzo/Documents/Proyecto1-main/IPCORES_P1/Puzzle c:/Users/Lorenzo/Documents/Proyecto1-main/IPCORES_P1/Puzzle/component.xml
INFO: [IP_Flow 19-234] Refreshing IP repositories
INFO: [IP_Flow 19-1704] No user IP repositories specified
INFO: [IP_Flow 19-2313] Loaded Vivado IP repository 'C:/Xilinx/Vivado/2020.1/data/ip'.
create_project: Time (s): cpu = 00:00:14 ; elapsed = 00:00:07 . Memory (MB): peak = 1062.230 ; gain = 0.000
INFO: [IP_Flow 19-234] Refreshing IP repositories
INFO: [IP_Flow 19-1700] Loaded user IP repository 'c:/Users/Lorenzo/Documents/Proyecto1-main/IPCORES_P1/Puzzle'.
INFO: [IP_Flow 19-795] Syncing license key meta-data
ipx::edit_ip_in_project: Time (s): cpu = 00:00:19 ; elapsed = 00:00:10 . Memory (MB): peak = 1062.230 ; gain = 0.000
update_compile_order -fileset sources_1
set_property core_revision 2 [ipx::current_core]
ipx::update_source_project_archive -component [ipx::current_core]
ipx::create_xgui_files [ipx::current_core]
ipx::update_checksums [ipx::current_core]
ipx::save_core [ipx::current_core]
ipx::move_temp_component_back -component [ipx::current_core]
close_project -delete
update_ip_catalog -rebuild -repo_path c:/Users/Lorenzo/Documents/Proyecto1-main/IPCORES_P1/Puzzle
INFO: [IP_Flow 19-725] Reloaded user IP repository 'c:/Users/Lorenzo/Documents/Proyecto1-main/IPCORES_P1/Puzzle'
exit
INFO: [Common 17-206] Exiting Vivado at Tue Oct  6 15:32:45 2026...
