#-----------------------------------------------------------
# Vivado v2020.1 (64-bit)
# SW Build 2902540 on Wed May 27 19:54:49 MDT 2020
# IP Build 2902112 on Wed May 27 22:43:36 MDT 2020
# Start of session at: Tue Oct  6 09:12:11 2026
# Process ID: 12804
# Current directory: C:/Users/user/Documents/PV/Proyecto1-main/IPCORES_P1/Puzzle
# Command line: vivado.exe -gui_launcher_event rodinguilauncherevent12968 C:\Users\user\Documents\PV\Proyecto1-main\IPCORES_P1\Puzzle\SEP.xpr
# Log file: C:/Users/user/Documents/PV/Proyecto1-main/IPCORES_P1/Puzzle/vivado.log
# Journal file: C:/Users/user/Documents/PV/Proyecto1-main/IPCORES_P1/Puzzle\vivado.jou
#-----------------------------------------------------------
start_gui
open_project C:/Users/user/Documents/PV/Proyecto1-main/IPCORES_P1/Puzzle/SEP.xpr
INFO: [Project 1-313] Project file moved from 'C:/Users/Lorenzo/OneDrive/Documentos/PRO_SEP/Proyecto1_Git/IPCORES_P1/Puzzle' since last save.
CRITICAL WARNING: [Project 1-311] Could not find the file 'C:/../users/lorenzo/onedrive/documentos/pro_sep/proyecto1_git/ipcores_p1/puzzle/component.xml', nor could it be found using path 'C:/users/lorenzo/onedrive/documentos/pro_sep/proyecto1_git/ipcores_p1/puzzle/component.xml'.
Scanning sources...
Finished scanning sources
WARNING: [filemgmt 56-2] IPUserFilesDir: Could not find the directory 'C:/Users/user/Documents/PV/Proyecto1-main/IPCORES_P1/Puzzle/SEP.ip_user_files', nor could it be found using path 'C:/Users/Lorenzo/OneDrive/Documentos/PRO_SEP/Proyecto1_Git/IPCORES_P1/Puzzle/SEP.ip_user_files'.
INFO: [IP_Flow 19-234] Refreshing IP repositories
INFO: [IP_Flow 19-1700] Loaded user IP repository 'c:/Users/user/Documents/PV/Proyecto1-main/IPCORES_P1/Puzzle'.
INFO: [IP_Flow 19-2313] Loaded Vivado IP repository 'C:/Xilinx/Vivado/2020.1/data/ip'.
update_compile_order -fileset sources_1
export_ip_user_files -of_objects  [get_files C:/Users/user/Documents/PV/Proyecto1-main/IPCORES_P1/Puzzle/SEP.srcs/constrs_1/new/constrains.xdc] -no_script -reset -force -quiet
remove_files  -fileset constrs_1 C:/Users/user/Documents/PV/Proyecto1-main/IPCORES_P1/Puzzle/SEP.srcs/constrs_1/new/constrains.xdc
WARNING: [Ipptcl 7-571] The IP root directory is 'c:/'.
ipx::package_project -root_dir C:/Users/user/Documents/PV/Proyecto1-main/IPCORES_P1/Puzzle -vendor xilinx.com -library user -taxonomy /UserIP -import_files -set_current false -force
INFO: [IP_Flow 19-5107] Inferred bus interface 'clk' of definition 'xilinx.com:signal:clock:1.0' (from Xilinx Repository).
WARNING: [IP_Flow 19-5661] Bus Interface 'clk' does not have any bus interfaces associated with it.
INFO: [IP_Flow 19-2181] Payment Required is not set for this core.
INFO: [IP_Flow 19-2187] The Product Guide file is missing.
ipx::unload_core c:/Users/user/Documents/PV/Proyecto1-main/IPCORES_P1/Puzzle/component.xml
ipx::edit_ip_in_project -upgrade true -name tmp_edit_project -directory C:/Users/user/Documents/PV/Proyecto1-main/IPCORES_P1/Puzzle c:/Users/user/Documents/PV/Proyecto1-main/IPCORES_P1/Puzzle/component.xml
INFO: [IP_Flow 19-234] Refreshing IP repositories
INFO: [IP_Flow 19-1704] No user IP repositories specified
INFO: [IP_Flow 19-2313] Loaded Vivado IP repository 'C:/Xilinx/Vivado/2020.1/data/ip'.
INFO: [IP_Flow 19-234] Refreshing IP repositories
INFO: [IP_Flow 19-1700] Loaded user IP repository 'c:/Users/user/Documents/PV/Proyecto1-main/IPCORES_P1/Puzzle'.
INFO: [IP_Flow 19-795] Syncing license key meta-data
current_project SEP
set_property core_revision 2 [ipx::current_core]
ipx::update_source_project_archive -component [ipx::current_core]
ipx::create_xgui_files [ipx::current_core]
ipx::update_checksums [ipx::current_core]
ipx::save_core [ipx::current_core]
current_project tmp_edit_project
ipx::move_temp_component_back -component [ipx::current_core]
close_project -delete
update_ip_catalog -rebuild -repo_path c:/Users/user/Documents/PV/Proyecto1-main/IPCORES_P1/Puzzle
INFO: [IP_Flow 19-725] Reloaded user IP repository 'c:/Users/user/Documents/PV/Proyecto1-main/IPCORES_P1/Puzzle'
ipx::package_project -root_dir c:/users/user/documents/pv/proyecto1-main/ipcores_p1/puzzle -vendor xilinx.com -library user -taxonomy /UserIP -force
INFO: [IP_Flow 19-5107] Inferred bus interface 'clk' of definition 'xilinx.com:signal:clock:1.0' (from Xilinx Repository).
WARNING: [IP_Flow 19-5661] Bus Interface 'clk' does not have any bus interfaces associated with it.
INFO: [IP_Flow 19-2181] Payment Required is not set for this core.
INFO: [IP_Flow 19-2187] The Product Guide file is missing.
INFO: [Common 17-41] Interrupt caught. Command should exit soon.
