#-----------------------------------------------------------
# Vivado v2020.1 (64-bit)
# SW Build 2902540 on Wed May 27 19:54:49 MDT 2020
# IP Build 2902112 on Wed May 27 22:43:36 MDT 2020
# Start of session at: Sun Oct  4 17:07:37 2026
# Process ID: 37952
# Current directory: C:/Users/sbast/Desktop/PROYECTO01_SEP/P1_SEBA/simon_says_debugging/simon_says_debugging.runs/simon_says_debug_simon_v3_0_0_synth_1
# Command line: vivado.exe -log simon_says_debug_simon_v3_0_0.vds -product Vivado -mode batch -messageDb vivado.pb -notrace -source simon_says_debug_simon_v3_0_0.tcl
# Log file: C:/Users/sbast/Desktop/PROYECTO01_SEP/P1_SEBA/simon_says_debugging/simon_says_debugging.runs/simon_says_debug_simon_v3_0_0_synth_1/simon_says_debug_simon_v3_0_0.vds
# Journal file: C:/Users/sbast/Desktop/PROYECTO01_SEP/P1_SEBA/simon_says_debugging/simon_says_debugging.runs/simon_says_debug_simon_v3_0_0_synth_1\vivado.jou
#-----------------------------------------------------------
source simon_says_debug_simon_v3_0_0.tcl -notrace
