Copyright 1986-2020 Xilinx, Inc. All Rights Reserved.
---------------------------------------------------------------------------------------------------------------------------------------
| Tool Version : Vivado v.2020.1 (win64) Build 2902540 Wed May 27 19:54:49 MDT 2020
| Date         : Sat Sep 26 12:08:12 2026
| Host         : sebastian-pc running 64-bit major release  (build 9200)
| Command      : report_drc -file StateMachine_P1_drc_routed.rpt -pb StateMachine_P1_drc_routed.pb -rpx StateMachine_P1_drc_routed.rpx
| Design       : StateMachine_P1
| Device       : xc7z010clg400-1
| Speed File   : -1
| Design State : Fully Routed
---------------------------------------------------------------------------------------------------------------------------------------

Report DRC

Table of Contents
-----------------
1. REPORT SUMMARY
2. REPORT DETAILS

1. REPORT SUMMARY
-----------------
            Netlist: netlist
          Floorplan: design_1
      Design limits: <entire design considered>
           Ruledeck: default
             Max violations: <unlimited>
             Violations found: 6
+----------+------------------+----------------------------+------------+
| Rule     | Severity         | Description                | Violations |
+----------+------------------+----------------------------+------------+
| NSTD-1   | Critical Warning | Unspecified I/O Standard   | 1          |
| UCIO-1   | Critical Warning | Unconstrained Logical Port | 1          |
| PDRC-153 | Warning          | Gated clock check          | 3          |
| ZPS7-1   | Warning          | PS7 block required         | 1          |
+----------+------------------+----------------------------+------------+

2. REPORT DETAILS
-----------------
NSTD-1#1 Critical Warning
Unspecified I/O Standard  
17 out of 17 logical ports use I/O standard (IOSTANDARD) value 'DEFAULT', instead of a user assigned specific value. This may cause I/O contention or incompatibility with the board power or connectivity affecting performance, signal integrity or in extreme cases cause damage to the device or the components to which it is connected. To correct this violation, specify all I/O standards. This design will fail to generate a bitstream unless all logical ports have a user specified I/O standard value defined. To allow bitstream creation with unspecified I/O standard values (not recommended), use this command: set_property SEVERITY {Warning} [get_drc_checks NSTD-1].  NOTE: When using the Vivado Runs infrastructure (e.g. launch_runs Tcl command), add this command to a .tcl file and add that file as a pre-hook for write_bitstream step for the implementation run. Problem ports: btn[3:0], controls[3:0], game_type[1:0], sw[3:0], clk, ready, reset_game.
Related violations: <none>

UCIO-1#1 Critical Warning
Unconstrained Logical Port  
17 out of 17 logical ports have no user assigned specific location constraint (LOC). This may cause I/O contention or incompatibility with the board power or connectivity affecting performance, signal integrity or in extreme cases cause damage to the device or the components to which it is connected. To correct this violation, specify all pin locations. This design will fail to generate a bitstream unless all logical ports have a user specified site LOC constraint defined.  To allow bitstream creation with unspecified pin locations (not recommended), use this command: set_property SEVERITY {Warning} [get_drc_checks UCIO-1].  NOTE: When using the Vivado Runs infrastructure (e.g. launch_runs Tcl command), add this command to a .tcl file and add that file as a pre-hook for write_bitstream step for the implementation run.  Problem ports: btn[3:0], controls[3:0], game_type[1:0], sw[3:0], clk, ready, reset_game.
Related violations: <none>

PDRC-153#1 Warning
Gated clock check  
Net game_type_r_reg[1]_i_2_n_0 is a gated clock net sourced by a combinational pin game_type_r_reg[1]_i_2/O, cell game_type_r_reg[1]_i_2. This is not good design practice and will likely impact performance. For SLICE registers, for example, use the CE pin to control the loading of data.
Related violations: <none>

PDRC-153#2 Warning
Gated clock check  
Net nxt_state_reg[1]_i_2_n_0 is a gated clock net sourced by a combinational pin nxt_state_reg[1]_i_2/O, cell nxt_state_reg[1]_i_2. This is not good design practice and will likely impact performance. For SLICE registers, for example, use the CE pin to control the loading of data.
Related violations: <none>

PDRC-153#3 Warning
Gated clock check  
Net ready_reg_i_2_n_0 is a gated clock net sourced by a combinational pin ready_reg_i_2/O, cell ready_reg_i_2. This is not good design practice and will likely impact performance. For SLICE registers, for example, use the CE pin to control the loading of data.
Related violations: <none>

ZPS7-1#1 Warning
PS7 block required  
The PS7 cell must be used in this Zynq design in order to enable correct default configuration.
Related violations: <none>


